
Optional file libmchp_peripheral.a not found

Optional file libmchp_peripheral_32MX795F512L.a not found
Archive member included because of file (symbol)

c:/program files (x86)/microchip/xc32/v1.42/bin/bin/../../lib/gcc/pic32mx/4.8.3/../../../../pic32mx/lib\libpic32.a(memcpy.o)
                              build/default/debug/_ext/207208378/queue.o (memcpy)
c:/program files (x86)/microchip/xc32/v1.42/bin/bin/../../lib/gcc/pic32mx/4.8.3/../../../../pic32mx/lib\libpic32.a(memset.o)
                              build/default/debug/_ext/207208378/tasks.o (memset)
c:/program files (x86)/microchip/xc32/v1.42/bin/bin/../../lib/gcc/pic32mx/4.8.3/../../../../pic32mx/lib\libpic32.a(default-bootstrap-exception-handler.o)
                              c:/program files (x86)/microchip/xc32/v1.42/bin/bin/../../lib/gcc/pic32mx/4.8.3/../../../../pic32mx/lib/./proc/32MX795F512L/crt0_mips32r2.o (_bootstrap_exception_handler)
c:/program files (x86)/microchip/xc32/v1.42/bin/bin/../../lib/gcc/pic32mx/4.8.3/../../../../pic32mx/lib\libpic32.a(default-on-reset.o)
                              c:/program files (x86)/microchip/xc32/v1.42/bin/bin/../../lib/gcc/pic32mx/4.8.3/../../../../pic32mx/lib/./proc/32MX795F512L/crt0_mips32r2.o (_on_reset)
c:/program files (x86)/microchip/xc32/v1.42/bin/bin/../../lib/gcc/pic32mx/4.8.3/../../../../pic32mx/lib\libpic32.a(default-on-bootstrap.o)
                              c:/program files (x86)/microchip/xc32/v1.42/bin/bin/../../lib/gcc/pic32mx/4.8.3/../../../../pic32mx/lib/./proc/32MX795F512L/crt0_mips32r2.o (_on_bootstrap)
c:/program files (x86)/microchip/xc32/v1.42/bin/bin/../../lib/gcc/pic32mx/4.8.3/../../../../pic32mx/lib\libpic32.a(default-nmi-handler.o)
                              c:/program files (x86)/microchip/xc32/v1.42/bin/bin/../../lib/gcc/pic32mx/4.8.3/../../../../pic32mx/lib/./proc/32MX795F512L/crt0_mips32r2.o (_nmi_handler)
c:/program files (x86)/microchip/xc32/v1.42/bin/bin/../../lib/gcc/pic32mx/4.8.3/../../../../pic32mx/lib\libpic32.a(general-exception.o)
                              c:/program files (x86)/microchip/xc32/v1.42/bin/bin/../../lib/gcc/pic32mx/4.8.3/../../../../pic32mx/lib/./proc/32MX795F512L/crt0_mips32r2.o (_general_exception_context)
c:/program files (x86)/microchip/xc32/v1.42/bin/bin/../../lib/gcc/pic32mx/4.8.3/../../../../pic32mx/lib\libpic32.a(vector0.o)
                              c:/program files (x86)/microchip/xc32/v1.42/bin/bin/../../lib/gcc/pic32mx/4.8.3/../../../../pic32mx/lib/./proc/32MX795F512L\default_isr_vectors.o (__vector_dispatch_0)
c:/program files (x86)/microchip/xc32/v1.42/bin/bin/../../lib/gcc/pic32mx/4.8.3/../../../../pic32mx/lib\libpic32.a(vector2.o)
                              c:/program files (x86)/microchip/xc32/v1.42/bin/bin/../../lib/gcc/pic32mx/4.8.3/../../../../pic32mx/lib/./proc/32MX795F512L\default_isr_vectors.o (__vector_dispatch_2)
c:/program files (x86)/microchip/xc32/v1.42/bin/bin/../../lib/gcc/pic32mx/4.8.3/../../../../pic32mx/lib\libpic32.a(vector3.o)
                              c:/program files (x86)/microchip/xc32/v1.42/bin/bin/../../lib/gcc/pic32mx/4.8.3/../../../../pic32mx/lib/./proc/32MX795F512L\default_isr_vectors.o (__vector_dispatch_3)
c:/program files (x86)/microchip/xc32/v1.42/bin/bin/../../lib/gcc/pic32mx/4.8.3/../../../../pic32mx/lib\libpic32.a(vector5.o)
                              c:/program files (x86)/microchip/xc32/v1.42/bin/bin/../../lib/gcc/pic32mx/4.8.3/../../../../pic32mx/lib/./proc/32MX795F512L\default_isr_vectors.o (__vector_dispatch_5)
c:/program files (x86)/microchip/xc32/v1.42/bin/bin/../../lib/gcc/pic32mx/4.8.3/../../../../pic32mx/lib\libpic32.a(vector6.o)
                              c:/program files (x86)/microchip/xc32/v1.42/bin/bin/../../lib/gcc/pic32mx/4.8.3/../../../../pic32mx/lib/./proc/32MX795F512L\default_isr_vectors.o (__vector_dispatch_6)
c:/program files (x86)/microchip/xc32/v1.42/bin/bin/../../lib/gcc/pic32mx/4.8.3/../../../../pic32mx/lib\libpic32.a(vector7.o)
                              c:/program files (x86)/microchip/xc32/v1.42/bin/bin/../../lib/gcc/pic32mx/4.8.3/../../../../pic32mx/lib/./proc/32MX795F512L\default_isr_vectors.o (__vector_dispatch_7)
c:/program files (x86)/microchip/xc32/v1.42/bin/bin/../../lib/gcc/pic32mx/4.8.3/../../../../pic32mx/lib\libpic32.a(vector8.o)
                              c:/program files (x86)/microchip/xc32/v1.42/bin/bin/../../lib/gcc/pic32mx/4.8.3/../../../../pic32mx/lib/./proc/32MX795F512L\default_isr_vectors.o (__vector_dispatch_8)
c:/program files (x86)/microchip/xc32/v1.42/bin/bin/../../lib/gcc/pic32mx/4.8.3/../../../../pic32mx/lib\libpic32.a(vector9.o)
                              c:/program files (x86)/microchip/xc32/v1.42/bin/bin/../../lib/gcc/pic32mx/4.8.3/../../../../pic32mx/lib/./proc/32MX795F512L\default_isr_vectors.o (__vector_dispatch_9)
c:/program files (x86)/microchip/xc32/v1.42/bin/bin/../../lib/gcc/pic32mx/4.8.3/../../../../pic32mx/lib\libpic32.a(vector10.o)
[...]
Memory Configuration

Name             Origin             Length             Attributes
kseg0_data_mem   0x80000000         0x00000200
kseg1_data_mem   0xa0000000         0x00020000         w !x
kseg0_boot_mem   0x9fc00490         0x00000970
kseg1_boot_mem   0xbfc00000         0x00000490
kseg0_program_mem 0x9d000000         0x00080000         xr
exception_mem    0x9fc01000         0x00001000
debug_exec_mem   0xbfc02000         0x00000ff0
config3          0xbfc02ff0         0x00000004
config2          0xbfc02ff4         0x00000004
config1          0xbfc02ff8         0x00000004
config0          0xbfc02ffc         0x00000004
sfrs             0xbf800000         0x00100000
configsfrs       0xbfc02ff0         0x00000010
*default*        0x00000000         0xffffffff

Linker script and memory map


reserve_data_0_kseg0
                0x80000000      0x200
                0x80000000        0x2 SHORT 0x0
                0x000001fd                . = 0x1fd
 *fill*         0x80000002      0x1fb 
                0x80000200                . = ALIGN (0x4)
 *fill*         0x800001fd        0x3 

reserve_data_0_kseg1
                0xa0000000      0x200
                0xa0000000        0x2 SHORT 0x0
                0x000001fd                . = 0x1fd
 *fill*         0xa0000002      0x1fb 
                0xa0000200                . = ALIGN (0x4)
 *fill*         0xa00001fd        0x3 

reserve_boot_0x1fc02000_kseg0
                0x9fc02000      0xff0
                0x9fc02000        0x2 SHORT 0x0
                0x00000500                . = 0x500
 *fill*         0x9fc02002      0x4fe 
                0x9fc02500                . = ALIGN (0x4)
                0x9fc02500        0x2 SHORT 0x0
                0x00000ff0                . = 0xff0
 *fill*         0x9fc02502      0xaee 
                0x9fc02ff0                . = ALIGN (0x4)

reserve_boot_0x1fc02000_kseg1
                0xbfc02000      0xff0
                0xbfc02000        0x2 SHORT 0x0
                0x00000500                . = 0x500
 *fill*         0xbfc02002      0x4fe 
                0xbfc02500                . = ALIGN (0x4)
                0xbfc02500        0x2 SHORT 0x0
                0x00000ff0                . = 0xff0
 *fill*         0xbfc02502      0xaee 
                0xbfc02ff0                . = ALIGN (0x4)
LOAD c:/program files (x86)/microchip/xc32/v1.42/bin/bin/../../lib/gcc/pic32mx/4.8.3/../../../../pic32mx/lib/./proc/32MX795F512L/crt0_mips32r2.o
LOAD c:/program files (x86)/microchip/xc32/v1.42/bin/bin/../../lib/gcc/pic32mx/4.8.3/../../../../pic32mx/lib\software-debug-break.o
LOAD build/default/debug/_ext/1785267873/osal_freertos.o
LOAD build/default/debug/_ext/220938215/sys_devcon.o
LOAD build/default/debug/_ext/220938215/sys_devcon_pic32mx.o
LOAD build/default/debug/_ext/1272805407/sys_int_pic32.o
LOAD build/default/debug/_ext/207208378/croutine.o
LOAD build/default/debug/_ext/207208378/list.o
LOAD build/default/debug/_ext/207208378/queue.o
LOAD build/default/debug/_ext/207208378/tasks.o
LOAD build/default/debug/_ext/207208378/timers.o
LOAD build/default/debug/_ext/207208378/event_groups.o
LOAD build/default/debug/_ext/38950237/heap_1.o
LOAD build/default/debug/_ext/833221424/port.o
LOAD build/default/debug/_ext/833221424/port_asm.o
LOAD build/default/debug/_ext/1360937237/appMS1.o
LOAD build/default/debug/_ext/639803181/sys_clk_static.o
LOAD build/default/debug/_ext/822048611/sys_ports_static.o
LOAD build/default/debug/_ext/1688732426/system_init.o
LOAD build/default/debug/_ext/1688732426/system_interrupt.o
LOAD build/default/debug/_ext/1688732426/system_exceptions.o
LOAD build/default/debug/_ext/1360937237/main.o
LOAD build/default/debug/_ext/1688732426/system_tasks.o
LOAD build/default/debug/_ext/1688732426/system_interrupt_a.o
LOAD build/default/debug/_ext/1688732426/rtos_hooks.o
LOAD ..\..\..\..\..\..\..\..\microchip\harmony\v1_09\bin\framework\peripheral\PIC32MX795F512L_peripherals.a
                0x00000001                __MPLAB_BUILD = 0x1
                0x00000001                __MPLAB_DEBUG = 0x1
                0x00000001                __DEBUG = 0x1
                0x00000001                __MPLAB_DEBUGGER_PK3 = 0x1
                0x00000000                _min_heap_size = 0x0
LOAD c:/program files (x86)/microchip/xc32/v1.42/bin/bin/../../lib/gcc/pic32mx/4.8.3/../../../../pic32mx/lib/./proc/32MX795F512L\default_isr_vectors.o
LOAD c:/program files (x86)/microchip/xc32/v1.42/bin/bin/../../lib/gcc/pic32mx/4.8.3/../../../../pic32mx/lib\pic32_software_reset.o
                0x00000400                PROVIDE (_min_stack_size, 0x400)
LOAD c:/program files (x86)/microchip/xc32/v1.42/bin/bin/../../lib/gcc/pic32mx/4.8.3/../../../../pic32mx/lib/./proc/32MX795F512L\processor.o
START GROUP
LOAD libmchp_peripheral.a
END GROUP
START GROUP
LOAD libmchp_peripheral_32MX795F512L.a
END GROUP
                0x00000001                PROVIDE (_vector_spacing, 0x1)
                0x9fc01000                PROVIDE (_ebase_address, 0x9fc01000)
                0xbfc00000                _RESET_ADDR = 0xbfc00000
                0xbfc00380                _BEV_EXCPT_ADDR = 0xbfc00380
                0xbfc00480                _DBG_EXCPT_ADDR = 0xbfc00480
                0xbfc02000                _DBG_CODE_ADDR = 0xbfc02000
                0x00000ff0                _DBG_CODE_SIZE = 0xff0
                0x9fc01180                _GEN_EXCPT_ADDR = (_ebase_address + 0x180)

.config_BFC02FF0
                0xbfc02ff0        0x4
 *(.config_BFC02FF0)
 .config_BFC02FF0
                0xbfc02ff0        0x4 build/default/debug/_ext/1688732426/system_init.o

.config_BFC02FF4
                0xbfc02ff4        0x4
 *(.config_BFC02FF4)
 .config_BFC02FF4
                0xbfc02ff4        0x4 build/default/debug/_ext/1688732426/system_init.o

.config_BFC02FF8
                0xbfc02ff8        0x4
 *(.config_BFC02FF8)
 .config_BFC02FF8
                0xbfc02ff8        0x4 build/default/debug/_ext/1688732426/system_init.o

.config_BFC02FFC
                0xbfc02ffc        0x4
 *(.config_BFC02FFC)
 .config_BFC02FFC
                0xbfc02ffc        0x4 build/default/debug/_ext/1688732426/system_init.o
                0xbfc02000                PROVIDE (_DBG_CODE_ADDR, 0xbfc02000)
                0x00000ff0                PROVIDE (_DBG_CODE_SIZE, 0xff0)

.reset          0xbfc00000      0x208
 *(.reset)
 .reset         0xbfc00000        0x8 c:/program files (x86)/microchip/xc32/v1.42/bin/bin/../../lib/gcc/pic32mx/4.8.3/../../../../pic32mx/lib/./proc/32MX795F512L/crt0_mips32r2.o
                0xbfc00000                _reset
 *(.reset.startup)
 .reset.startup
                0xbfc00008      0x200 c:/program files (x86)/microchip/xc32/v1.42/bin/bin/../../lib/gcc/pic32mx/4.8.3/../../../../pic32mx/lib/./proc/32MX795F512L/crt0_mips32r2.o

.bev_excpt      0xbfc00380       0x10
 *(.bev_handler)
 .bev_handler   0xbfc00380       0x10 c:/program files (x86)/microchip/xc32/v1.42/bin/bin/../../lib/gcc/pic32mx/4.8.3/../../../../pic32mx/lib/./proc/32MX795F512L/crt0_mips32r2.o

.dbg_excpt      0xbfc00480        0x0
                0xbfc00480                . = (. + DEFINED (_DEBUGGER)?0x8:0x0)

.dbg_code       0xbfc02000        0x0
                0xbfc02000                . = (. + DEFINED (_DEBUGGER)?_DBG_CODE_SIZE:0x0)

.app_excpt      0x9fc01180       0x10
 *(.gen_handler)
 .gen_handler   0x9fc01180       0x10 c:/program files (x86)/microchip/xc32/v1.42/bin/bin/../../lib/gcc/pic32mx/4.8.3/../../../../pic32mx/lib/./proc/32MX795F512L/crt0_mips32r2.o

.vector_0       0x9fc01200        0x8
 *(.vector_0)
 .vector_0      0x9fc01200        0x8 c:/program files (x86)/microchip/xc32/v1.42/bin/bin/../../lib/gcc/pic32mx/4.8.3/../../../../pic32mx/lib\libpic32.a(vector0.o)
                0x9fc01200                __vector_dispatch_0
                0x00000001                ASSERT (((_vector_spacing == 0x0) || (SIZEOF (.vector_0) <= (_vector_spacing << 0x5))), function at exception vector 0 too large)

.vector_1       0x9fc01220        0x8
 *(.vector_1)
 .vector_1      0x9fc01220        0x8 build/default/debug/_ext/833221424/port.o
                0x9fc01220                __vector_dispatch_1
                0x00000001                ASSERT (((_vector_spacing == 0x0) || (SIZEOF (.vector_1) <= (_vector_spacing << 0x5))), function at exception vector 1 too large)

.vector_2       0x9fc01240        0x8
 *(.vector_2)
 .vector_2      0x9fc01240        0x8 c:/program files (x86)/microchip/xc32/v1.42/bin/bin/../../lib/gcc/pic32mx/4.8.3/../../../../pic32mx/lib\libpic32.a(vector2.o)
                0x9fc01240                __vector_dispatch_2
                0x00000001                ASSERT (((_vector_spacing == 0x0) || (SIZEOF (.vector_2) <= (_vector_spacing << 0x5))), function at exception vector 2 too large)

.vector_3       0x9fc01260        0x8
 *(.vector_3)
 .vector_3      0x9fc01260        0x8 c:/program files (x86)/microchip/xc32/v1.42/bin/bin/../../lib/gcc/pic32mx/4.8.3/../../../../pic32mx/lib\libpic32.a(vector3.o)
                0x9fc01260                __vector_dispatch_3
                0x00000001                ASSERT (((_vector_spacing == 0x0) || (SIZEOF (.vector_3) <= (_vector_spacing << 0x5))), function at exception vector 3 too large)

.vector_4       0x9fc01280        0x8
 *(.vector_4)
 .vector_4      0x9fc01280        0x8 build/default/debug/_ext/833221424/port.o
                0x9fc01280                __vector_dispatch_4
                0x00000001                ASSERT (((_vector_spacing == 0x0) || (SIZEOF (.vector_4) <= (_vector_spacing << 0x5))), function at exception vector 4 too large)

.vector_5       0x9fc012a0        0x8
 *(.vector_5)
 .vector_5      0x9fc012a0        0x8 c:/program files (x86)/microchip/xc32/v1.42/bin/bin/../../lib/gcc/pic32mx/4.8.3/../../../../pic32mx/lib\libpic32.a(vector5.o)
                0x9fc012a0                __vector_dispatch_5
                0x00000001                ASSERT (((_vector_spacing == 0x0) || (SIZEOF (.vector_5) <= (_vector_spacing << 0x5))), function at exception vector 5 too large)

.vector_6       0x9fc012c0        0x8
 *(.vector_6)
 .vector_6      0x9fc012c0        0x8 c:/program files (x86)/microchip/xc32/v1.42/bin/bin/../../lib/gcc/pic32mx/4.8.3/../../../../pic32mx/lib\libpic32.a(vector6.o)
                0x9fc012c0                __vector_dispatch_6
                0x00000001                ASSERT (((_vector_spacing == 0x0) || (SIZEOF (.vector_6) <= (_vector_spacing << 0x5))), function at exception vector 6 too large)

.vector_7       0x9fc012e0        0x8
 *(.vector_7)
 .vector_7      0x9fc012e0        0x8 c:/program files (x86)/microchip/xc32/v1.42/bin/bin/../../lib/gcc/pic32mx/4.8.3/../../../../pic32mx/lib\libpic32.a(vector7.o)
                0x9fc012e0                __vector_dispatch_7
                0x00000001                ASSERT (((_vector_spacing == 0x0) || (SIZEOF (.vector_7) <= (_vector_spacing << 0x5))), function at exception vector 7 too large)

.vector_8       0x9fc01300        0x8
 *(.vector_8)
 .vector_8      0x9fc01300        0x8 c:/program files (x86)/microchip/xc32/v1.42/bin/bin/../../lib/gcc/pic32mx/4.8.3/../../../../pic32mx/lib\libpic32.a(vector8.o)
                0x9fc01300                __vector_dispatch_8
                0x00000001                ASSERT (((_vector_spacing == 0x0) || (SIZEOF (.vector_8) <= (_vector_spacing << 0x5))), function at exception vector 8 too large)

.vector_9       0x9fc01320        0x8
 *(.vector_9)
 .vector_9      0x9fc01320        0x8 c:/program files (x86)/microchip/xc32/v1.42/bin/bin/../../lib/gcc/pic32mx/4.8.3/../../../../pic32mx/lib\libpic32.a(vector9.o)
                0x9fc01320                __vector_dispatch_9
                0x00000001                ASSERT (((_vector_spacing == 0x0) || (SIZEOF (.vector_9) <= (_vector_spacing << 0x5))), function at exception vector 9 too large)

.vector_10      0x9fc01340        0x8
 *(.vector_10)
 .vector_10     0x9fc01340        0x8 c:/program files (x86)/microchip/xc32/v1.42/bin/bin/../../lib/gcc/pic32mx/4.8.3/../../../../pic32mx/lib\libpic32.a(vector10.o)
                0x9fc01340                __vector_dispatch_10
                0x00000001                ASSERT (((_vector_spacing == 0x0) || (SIZEOF (.vector_10) <= (_vector_spacing << 0x5))), function at exception vector 10 too large)

.vector_11      0x9fc01360        0x8
 *(.vector_11)
 .vector_11     0x9fc01360        0x8 c:/program files (x86)/microchip/xc32/v1.42/bin/bin/../../lib/gcc/pic32mx/4.8.3/../../../../pic32mx/lib\libpic32.a(vector11.o)
                0x9fc01360                __vector_dispatch_11
                0x00000001                ASSERT (((_vector_spacing == 0x0) || (SIZEOF (.vector_11) <= (_vector_spacing << 0x5))), function at exception vector 11 too large)

.vector_12      0x9fc01380        0x8
 *(.vector_12)
 .vector_12     0x9fc01380        0x8 c:/program files (x86)/microchip/xc32/v1.42/bin/bin/../../lib/gcc/pic32mx/4.8.3/../../../../pic32mx/lib\libpic32.a(vector12.o)
                0x9fc01380                __vector_dispatch_12
                0x00000001                ASSERT (((_vector_spacing == 0x0) || (SIZEOF (.vector_12) <= (_vector_spacing << 0x5))), function at exception vector 12 too large)

.vector_13      0x9fc013a0        0x8
 *(.vector_13)
 .vector_13     0x9fc013a0        0x8 c:/program files (x86)/microchip/xc32/v1.42/bin/bin/../../lib/gcc/pic32mx/4.8.3/../../../../pic32mx/lib\libpic32.a(vector13.o)
                0x9fc013a0                __vector_dispatch_13
                0x00000001                ASSERT (((_vector_spacing == 0x0) || (SIZEOF (.vector_13) <= (_vector_spacing << 0x5))), function at exception vector 13 too large)

.vector_14      0x9fc013c0        0x8
 *(.vector_14)
 .vector_14     0x9fc013c0        0x8 c:/program files (x86)/microchip/xc32/v1.42/bin/bin/../../lib/gcc/pic32mx/4.8.3/../../../../pic32mx/lib\libpic32.a(vector14.o)
                0x9fc013c0                __vector_dispatch_14
                0x00000001                ASSERT (((_vector_spacing == 0x0) || (SIZEOF (.vector_14) <= (_vector_spacing << 0x5))), function at exception vector 14 too large)

.vector_15      0x9fc013e0        0x8
 *(.vector_15)
 .vector_15     0x9fc013e0        0x8 c:/program files (x86)/microchip/xc32/v1.42/bin/bin/../../lib/gcc/pic32mx/4.8.3/../../../../pic32mx/lib\libpic32.a(vector15.o)
                0x9fc013e0                __vector_dispatch_15
                0x00000001                ASSERT (((_vector_spacing == 0x0) || (SIZEOF (.vector_15) <= (_vector_spacing << 0x5))), function at exception vector 15 too large)

.vector_16      0x9fc01400        0x8
 *(.vector_16)
 .vector_16     0x9fc01400        0x8 c:/program files (x86)/microchip/xc32/v1.42/bin/bin/../../lib/gcc/pic32mx/4.8.3/../../../../pic32mx/lib\libpic32.a(vector16.o)
                0x9fc01400                __vector_dispatch_16
                0x00000001                ASSERT (((_vector_spacing == 0x0) || (SIZEOF (.vector_16) <= (_vector_spacing << 0x5))), function at exception vector 16 too large)

.vector_17      0x9fc01420        0x8
 *(.vector_17)
 .vector_17     0x9fc01420        0x8 c:/program files (x86)/microchip/xc32/v1.42/bin/bin/../../lib/gcc/pic32mx/4.8.3/../../../../pic32mx/lib\libpic32.a(vector17.o)
                0x9fc01420                __vector_dispatch_17
                0x00000001                ASSERT (((_vector_spacing == 0x0) || (SIZEOF (.vector_17) <= (_vector_spacing << 0x5))), function at exception vector 17 too large)

.vector_18      0x9fc01440        0x8
 *(.vector_18)
 .vector_18     0x9fc01440        0x8 c:/program files (x86)/microchip/xc32/v1.42/bin/bin/../../lib/gcc/pic32mx/4.8.3/../../../../pic32mx/lib\libpic32.a(vector18.o)
                0x9fc01440                __vector_dispatch_18
                0x00000001                ASSERT (((_vector_spacing == 0x0) || (SIZEOF (.vector_18) <= (_vector_spacing << 0x5))), function at exception vector 18 too large)

.vector_19      0x9fc01460        0x8
 *(.vector_19)
 .vector_19     0x9fc01460        0x8 c:/program files (x86)/microchip/xc32/v1.42/bin/bin/../../lib/gcc/pic32mx/4.8.3/../../../../pic32mx/lib\libpic32.a(vector19.o)
                0x9fc01460                __vector_dispatch_19
                0x00000001                ASSERT (((_vector_spacing == 0x0) || (SIZEOF (.vector_19) <= (_vector_spacing << 0x5))), function at exception vector 19 too large)

.vector_20      0x9fc01480        0x8
 *(.vector_20)
 .vector_20     0x9fc01480        0x8 c:/program files (x86)/microchip/xc32/v1.42/bin/bin/../../lib/gcc/pic32mx/4.8.3/../../../../pic32mx/lib\libpic32.a(vector20.o)
                0x9fc01480                __vector_dispatch_20
                0x00000001                ASSERT (((_vector_spacing == 0x0) || (SIZEOF (.vector_20) <= (_vector_spacing << 0x5))), function at exception vector 20 too large)

.vector_21      0x9fc014a0        0x8
 *(.vector_21)
 .vector_21     0x9fc014a0        0x8 c:/program files (x86)/microchip/xc32/v1.42/bin/bin/../../lib/gcc/pic32mx/4.8.3/../../../../pic32mx/lib\libpic32.a(vector21.o)
                0x9fc014a0                __vector_dispatch_21
                0x00000001                ASSERT (((_vector_spacing == 0x0) || (SIZEOF (.vector_21) <= (_vector_spacing << 0x5))), function at exception vector 21 too large)

.vector_22      0x9fc014c0        0x8
 *(.vector_22)
 .vector_22     0x9fc014c0        0x8 c:/program files (x86)/microchip/xc32/v1.42/bin/bin/../../lib/gcc/pic32mx/4.8.3/../../../../pic32mx/lib\libpic32.a(vector22.o)
                0x9fc014c0                __vector_dispatch_22
                0x00000001                ASSERT (((_vector_spacing == 0x0) || (SIZEOF (.vector_22) <= (_vector_spacing << 0x5))), function at exception vector 22 too large)

.vector_23      0x9fc014e0        0x8
 *(.vector_23)
 .vector_23     0x9fc014e0        0x8 c:/program files (x86)/microchip/xc32/v1.42/bin/bin/../../lib/gcc/pic32mx/4.8.3/../../../../pic32mx/lib\libpic32.a(vector23.o)
                0x9fc014e0                __vector_dispatch_23
                0x00000001                ASSERT (((_vector_spacing == 0x0) || (SIZEOF (.vector_23) <= (_vector_spacing << 0x5))), function at exception vector 23 too large)

.vector_24      0x9fc01500        0x8
 *(.vector_24)
 .vector_24     0x9fc01500        0x8 c:/program files (x86)/microchip/xc32/v1.42/bin/bin/../../lib/gcc/pic32mx/4.8.3/../../../../pic32mx/lib\libpic32.a(vector24.o)
                0x9fc01500                __vector_dispatch_24
                0x00000001                ASSERT (((_vector_spacing == 0x0) || (SIZEOF (.vector_24) <= (_vector_spacing << 0x5))), function at exception vector 24 too large)

.vector_25      0x9fc01520        0x8
 *(.vector_25)
 .vector_25     0x9fc01520        0x8 c:/program files (x86)/microchip/xc32/v1.42/bin/bin/../../lib/gcc/pic32mx/4.8.3/../../../../pic32mx/lib\libpic32.a(vector25.o)
                0x9fc01520                __vector_dispatch_25
                0x00000001                ASSERT (((_vector_spacing == 0x0) || (SIZEOF (.vector_25) <= (_vector_spacing << 0x5))), function at exception vector 25 too large)

.vector_26      0x9fc01540        0x8
 *(.vector_26)
 .vector_26     0x9fc01540        0x8 c:/program files (x86)/microchip/xc32/v1.42/bin/bin/../../lib/gcc/pic32mx/4.8.3/../../../../pic32mx/lib\libpic32.a(vector26.o)
                0x9fc01540                __vector_dispatch_26
                0x00000001                ASSERT (((_vector_spacing == 0x0) || (SIZEOF (.vector_26) <= (_vector_spacing << 0x5))), function at exception vector 26 too large)

.vector_27      0x9fc01560        0x8
 *(.vector_27)
 .vector_27     0x9fc01560        0x8 c:/program files (x86)/microchip/xc32/v1.42/bin/bin/../../lib/gcc/pic32mx/4.8.3/../../../../pic32mx/lib\libpic32.a(vector27.o)
                0x9fc01560                __vector_dispatch_27
                0x00000001                ASSERT (((_vector_spacing == 0x0) || (SIZEOF (.vector_27) <= (_vector_spacing << 0x5))), function at exception vector 27 too large)

.vector_28      0x9fc01580        0x8
 *(.vector_28)
 .vector_28     0x9fc01580        0x8 c:/program files (x86)/microchip/xc32/v1.42/bin/bin/../../lib/gcc/pic32mx/4.8.3/../../../../pic32mx/lib\libpic32.a(vector28.o)
                0x9fc01580                __vector_dispatch_28
                0x00000001                ASSERT (((_vector_spacing == 0x0) || (SIZEOF (.vector_28) <= (_vector_spacing << 0x5))), function at exception vector 28 too large)

.vector_29      0x9fc015a0        0x8
 *(.vector_29)
 .vector_29     0x9fc015a0        0x8 c:/program files (x86)/microchip/xc32/v1.42/bin/bin/../../lib/gcc/pic32mx/4.8.3/../../../../pic32mx/lib\libpic32.a(vector29.o)
                0x9fc015a0                __vector_dispatch_29
                0x00000001                ASSERT (((_vector_spacing == 0x0) || (SIZEOF (.vector_29) <= (_vector_spacing << 0x5))), function at exception vector 29 too large)

.vector_30      0x9fc015c0        0x8
 *(.vector_30)
 .vector_30     0x9fc015c0        0x8 c:/program files (x86)/microchip/xc32/v1.42/bin/bin/../../lib/gcc/pic32mx/4.8.3/../../../../pic32mx/lib\libpic32.a(vector30.o)
                0x9fc015c0                __vector_dispatch_30
                0x00000001                ASSERT (((_vector_spacing == 0x0) || (SIZEOF (.vector_30) <= (_vector_spacing << 0x5))), function at exception vector 30 too large)

.vector_31      0x9fc015e0        0x8
 *(.vector_31)
 .vector_31     0x9fc015e0        0x8 c:/program files (x86)/microchip/xc32/v1.42/bin/bin/../../lib/gcc/pic32mx/4.8.3/../../../../pic32mx/lib\libpic32.a(vector31.o)
                0x9fc015e0                __vector_dispatch_31
                0x00000001                ASSERT (((_vector_spacing == 0x0) || (SIZEOF (.vector_31) <= (_vector_spacing << 0x5))), function at exception vector 31 too large)

.vector_32      0x9fc01600        0x8
 *(.vector_32)
 .vector_32     0x9fc01600        0x8 c:/program files (x86)/microchip/xc32/v1.42/bin/bin/../../lib/gcc/pic32mx/4.8.3/../../../../pic32mx/lib\libpic32.a(vector32.o)
                0x9fc01600                __vector_dispatch_32
                0x00000001                ASSERT (((_vector_spacing == 0x0) || (SIZEOF (.vector_32) <= (_vector_spacing << 0x5))), function at exception vector 32 too large)

.vector_33      0x9fc01620        0x8
 *(.vector_33)
 .vector_33     0x9fc01620        0x8 c:/program files (x86)/microchip/xc32/v1.42/bin/bin/../../lib/gcc/pic32mx/4.8.3/../../../../pic32mx/lib\libpic32.a(vector33.o)
                0x9fc01620                __vector_dispatch_33
                0x00000001                ASSERT (((_vector_spacing == 0x0) || (SIZEOF (.vector_33) <= (_vector_spacing << 0x5))), function at exception vector 33 too large)

.vector_34      0x9fc01640        0x8
 *(.vector_34)
 .vector_34     0x9fc01640        0x8 c:/program files (x86)/microchip/xc32/v1.42/bin/bin/../../lib/gcc/pic32mx/4.8.3/../../../../pic32mx/lib\libpic32.a(vector34.o)
                0x9fc01640                __vector_dispatch_34
                0x00000001                ASSERT (((_vector_spacing == 0x0) || (SIZEOF (.vector_34) <= (_vector_spacing << 0x5))), function at exception vector 34 too large)

.vector_35      0x9fc01660        0x8
 *(.vector_35)
 .vector_35     0x9fc01660        0x8 c:/program files (x86)/microchip/xc32/v1.42/bin/bin/../../lib/gcc/pic32mx/4.8.3/../../../../pic32mx/lib\libpic32.a(vector35.o)
                0x9fc01660                __vector_dispatch_35
                0x00000001                ASSERT (((_vector_spacing == 0x0) || (SIZEOF (.vector_35) <= (_vector_spacing << 0x5))), function at exception vector 35 too large)

.vector_36      0x9fc01680        0x8
 *(.vector_36)
 .vector_36     0x9fc01680        0x8 c:/program files (x86)/microchip/xc32/v1.42/bin/bin/../../lib/gcc/pic32mx/4.8.3/../../../../pic32mx/lib\libpic32.a(vector36.o)
                0x9fc01680                __vector_dispatch_36
                0x00000001                ASSERT (((_vector_spacing == 0x0) || (SIZEOF (.vector_36) <= (_vector_spacing << 0x5))), function at exception vector 36 too large)

.vector_37      0x9fc016a0        0x8
 *(.vector_37)
 .vector_37     0x9fc016a0        0x8 c:/program files (x86)/microchip/xc32/v1.42/bin/bin/../../lib/gcc/pic32mx/4.8.3/../../../../pic32mx/lib\libpic32.a(vector37.o)
                0x9fc016a0                __vector_dispatch_37
                0x00000001                ASSERT (((_vector_spacing == 0x0) || (SIZEOF (.vector_37) <= (_vector_spacing << 0x5))), function at exception vector 37 too large)

.vector_38      0x9fc016c0        0x8
 *(.vector_38)
 .vector_38     0x9fc016c0        0x8 c:/program files (x86)/microchip/xc32/v1.42/bin/bin/../../lib/gcc/pic32mx/4.8.3/../../../../pic32mx/lib\libpic32.a(vector38.o)
                0x9fc016c0                __vector_dispatch_38
                0x00000001                ASSERT (((_vector_spacing == 0x0) || (SIZEOF (.vector_38) <= (_vector_spacing << 0x5))), function at exception vector 38 too large)

.vector_39      0x9fc016e0        0x8
 *(.vector_39)
 .vector_39     0x9fc016e0        0x8 c:/program files (x86)/microchip/xc32/v1.42/bin/bin/../../lib/gcc/pic32mx/4.8.3/../../../../pic32mx/lib\libpic32.a(vector39.o)
                0x9fc016e0                __vector_dispatch_39
                0x00000001                ASSERT (((_vector_spacing == 0x0) || (SIZEOF (.vector_39) <= (_vector_spacing << 0x5))), function at exception vector 39 too large)

.vector_40      0x9fc01700        0x8
 *(.vector_40)
 .vector_40     0x9fc01700        0x8 c:/program files (x86)/microchip/xc32/v1.42/bin/bin/../../lib/gcc/pic32mx/4.8.3/../../../../pic32mx/lib\libpic32.a(vector40.o)
                0x9fc01700                __vector_dispatch_40
                0x00000001                ASSERT (((_vector_spacing == 0x0) || (SIZEOF (.vector_40) <= (_vector_spacing << 0x5))), function at exception vector 40 too large)

.vector_41      0x9fc01720        0x8
 *(.vector_41)
 .vector_41     0x9fc01720        0x8 c:/program files (x86)/microchip/xc32/v1.42/bin/bin/../../lib/gcc/pic32mx/4.8.3/../../../../pic32mx/lib\libpic32.a(vector41.o)
                0x9fc01720                __vector_dispatch_41
                0x00000001                ASSERT (((_vector_spacing == 0x0) || (SIZEOF (.vector_41) <= (_vector_spacing << 0x5))), function at exception vector 41 too large)

.vector_42      0x9fc01740        0x8
 *(.vector_42)
 .vector_42     0x9fc01740        0x8 c:/program files (x86)/microchip/xc32/v1.42/bin/bin/../../lib/gcc/pic32mx/4.8.3/../../../../pic32mx/lib\libpic32.a(vector42.o)
                0x9fc01740                __vector_dispatch_42
                0x00000001                ASSERT (((_vector_spacing == 0x0) || (SIZEOF (.vector_42) <= (_vector_spacing << 0x5))), function at exception vector 42 too large)

.vector_43      0x9fc01760        0x8
 *(.vector_43)
 .vector_43     0x9fc01760        0x8 c:/program files (x86)/microchip/xc32/v1.42/bin/bin/../../lib/gcc/pic32mx/4.8.3/../../../../pic32mx/lib\libpic32.a(vector43.o)
                0x9fc01760                __vector_dispatch_43
                0x00000001                ASSERT (((_vector_spacing == 0x0) || (SIZEOF (.vector_43) <= (_vector_spacing << 0x5))), function at exception vector 43 too large)

.vector_44      0x9fc01780        0x8
 *(.vector_44)
 .vector_44     0x9fc01780        0x8 c:/program files (x86)/microchip/xc32/v1.42/bin/bin/../../lib/gcc/pic32mx/4.8.3/../../../../pic32mx/lib\libpic32.a(vector44.o)
                0x9fc01780                __vector_dispatch_44
                0x00000001                ASSERT (((_vector_spacing == 0x0) || (SIZEOF (.vector_44) <= (_vector_spacing << 0x5))), function at exception vector 44 too large)

.vector_45      0x9fc017a0        0x8
 *(.vector_45)
 .vector_45     0x9fc017a0        0x8 c:/program files (x86)/microchip/xc32/v1.42/bin/bin/../../lib/gcc/pic32mx/4.8.3/../../../../pic32mx/lib\libpic32.a(vector45.o)
                0x9fc017a0                __vector_dispatch_45
                0x00000001                ASSERT (((_vector_spacing == 0x0) || (SIZEOF (.vector_45) <= (_vector_spacing << 0x5))), function at exception vector 45 too large)

.vector_46      0x9fc017c0        0x8
 *(.vector_46)
 .vector_46     0x9fc017c0        0x8 c:/program files (x86)/microchip/xc32/v1.42/bin/bin/../../lib/gcc/pic32mx/4.8.3/../../../../pic32mx/lib\libpic32.a(vector46.o)
                0x9fc017c0                __vector_dispatch_46
                0x00000001                ASSERT (((_vector_spacing == 0x0) || (SIZEOF (.vector_46) <= (_vector_spacing << 0x5))), function at exception vector 46 too large)

.vector_47      0x9fc017e0        0x8
 *(.vector_47)
 .vector_47     0x9fc017e0        0x8 c:/program files (x86)/microchip/xc32/v1.42/bin/bin/../../lib/gcc/pic32mx/4.8.3/../../../../pic32mx/lib\libpic32.a(vector47.o)
                0x9fc017e0                __vector_dispatch_47
                0x00000001                ASSERT (((_vector_spacing == 0x0) || (SIZEOF (.vector_47) <= (_vector_spacing << 0x5))), function at exception vector 47 too large)

.vector_48      0x9fc01800        0x8
 *(.vector_48)
 .vector_48     0x9fc01800        0x8 c:/program files (x86)/microchip/xc32/v1.42/bin/bin/../../lib/gcc/pic32mx/4.8.3/../../../../pic32mx/lib\libpic32.a(vector48.o)
                0x9fc01800                __vector_dispatch_48
                0x00000001                ASSERT (((_vector_spacing == 0x0) || (SIZEOF (.vector_48) <= (_vector_spacing << 0x5))), function at exception vector 48 too large)

.vector_49      0x9fc01820        0x8
 *(.vector_49)
 .vector_49     0x9fc01820        0x8 c:/program files (x86)/microchip/xc32/v1.42/bin/bin/../../lib/gcc/pic32mx/4.8.3/../../../../pic32mx/lib\libpic32.a(vector49.o)
                0x9fc01820                __vector_dispatch_49
                0x00000001                ASSERT (((_vector_spacing == 0x0) || (SIZEOF (.vector_49) <= (_vector_spacing << 0x5))), function at exception vector 49 too large)

.vector_50      0x9fc01840        0x8
 *(.vector_50)
 .vector_50     0x9fc01840        0x8 c:/program files (x86)/microchip/xc32/v1.42/bin/bin/../../lib/gcc/pic32mx/4.8.3/../../../../pic32mx/lib\libpic32.a(vector50.o)
                0x9fc01840                __vector_dispatch_50
                0x00000001                ASSERT (((_vector_spacing == 0x0) || (SIZEOF (.vector_50) <= (_vector_spacing << 0x5))), function at exception vector 50 too large)

.vector_51      0x9fc01860        0x8
 *(.vector_51)
 .vector_51     0x9fc01860        0x8 c:/program files (x86)/microchip/xc32/v1.42/bin/bin/../../lib/gcc/pic32mx/4.8.3/../../../../pic32mx/lib\libpic32.a(vector51.o)
                0x9fc01860                __vector_dispatch_51
                0x00000001                ASSERT (((_vector_spacing == 0x0) || (SIZEOF (.vector_51) <= (_vector_spacing << 0x5))), function at exception vector 51 too large)

.vector_52      0x9fc01880        0x0
 *(.vector_52)
                0x00000001                ASSERT (((_vector_spacing == 0x0) || (SIZEOF (.vector_52) <= (_vector_spacing << 0x5))), function at exception vector 52 too large)

.vector_53      0x9fc018a0        0x0
 *(.vector_53)
                0x00000001                ASSERT (((_vector_spacing == 0x0) || (SIZEOF (.vector_53) <= (_vector_spacing << 0x5))), function at exception vector 53 too large)

.vector_54      0x9fc018c0        0x0
 *(.vector_54)
                0x00000001                ASSERT (((_vector_spacing == 0x0) || (SIZEOF (.vector_54) <= (_vector_spacing << 0x5))), function at exception vector 54 too large)

.vector_55      0x9fc018e0        0x0
 *(.vector_55)
                0x00000001                ASSERT (((_vector_spacing == 0x0) || (SIZEOF (.vector_55) <= (_vector_spacing << 0x5))), function at exception vector 55 too large)

.vector_56      0x9fc01900        0x0
 *(.vector_56)
                0x00000001                ASSERT (((_vector_spacing == 0x0) || (SIZEOF (.vector_56) <= (_vector_spacing << 0x5))), function at exception vector 56 too large)

.vector_57      0x9fc01920        0x0
 *(.vector_57)
                0x00000001                ASSERT (((_vector_spacing == 0x0) || (SIZEOF (.vector_57) <= (_vector_spacing << 0x5))), function at exception vector 57 too large)

.vector_58      0x9fc01940        0x0
 *(.vector_58)
                0x00000001                ASSERT (((_vector_spacing == 0x0) || (SIZEOF (.vector_58) <= (_vector_spacing << 0x5))), function at exception vector 58 too large)

.vector_59      0x9fc01960        0x0
 *(.vector_59)
                0x00000001                ASSERT (((_vector_spacing == 0x0) || (SIZEOF (.vector_59) <= (_vector_spacing << 0x5))), function at exception vector 59 too large)

.vector_60      0x9fc01980        0x0
 *(.vector_60)
                0x00000001                ASSERT (((_vector_spacing == 0x0) || (SIZEOF (.vector_60) <= (_vector_spacing << 0x5))), function at exception vector 60 too large)

.vector_61      0x9fc019a0        0x0
 *(.vector_61)
                0x00000001                ASSERT (((_vector_spacing == 0x0) || (SIZEOF (.vector_61) <= (_vector_spacing << 0x5))), function at exception vector 61 too large)

.vector_62      0x9fc019c0        0x0
 *(.vector_62)
                0x00000001                ASSERT (((_vector_spacing == 0x0) || (SIZEOF (.vector_62) <= (_vector_spacing << 0x5))), function at exception vector 62 too large)

.vector_63      0x9fc019e0        0x0
 *(.vector_63)
                0x00000001                ASSERT (((_vector_spacing == 0x0) || (SIZEOF (.vector_63) <= (_vector_spacing << 0x5))), function at exception vector 63 too large)

.startup
 *(.startup)

.text           0x9d000000        0x0
 *(.stub .gnu.linkonce.t.*)
 *(.text.*personality*)
 *(.mips16.fn.*)
 *(.mips16.call.*)
 *(.gnu.warning)
                0x9d000000                . = ALIGN (0x4)

.init           0x9d000000        0x0
 *crti.o(.init)
 *crtbegin.o(.init)
 *(EXCLUDE_FILE(*crtn.o *crtend?.o *crtend.o) .init)
 *crtend.o(.init)
 *crtn.o(.init)
                0x9d000000                . = ALIGN (0x4)

.fini           0x9d000000        0x0
 *(.fini)
                0x9d000000                . = ALIGN (0x4)

.preinit_array  0x9d000000        0x0
                0x9d000000                PROVIDE (__preinit_array_start, .)
 *(.preinit_array)
                0x9d000000                PROVIDE (__preinit_array_end, .)
                0x9d000000                . = ALIGN (0x4)

.init_array     0x9d000000        0x0
                0x9d000000                PROVIDE (__init_array_start, .)
 *(SORT(.init_array.*))
 *(.init_array)
                0x9d000000                PROVIDE (__init_array_end, .)
                0x9d000000                . = ALIGN (0x4)

.fini_array     0x9d000000        0x0
                0x9d000000                PROVIDE (__fini_array_start, .)
 *(SORT(.fini_array.*))
 *(.fini_array)
                0x9d000000                PROVIDE (__fini_array_end, .)
                0x9d000000                . = ALIGN (0x4)

.ctors          0x9d000000        0x0
 *crtbegin.o(.ctors)
 *crtbegin?.o(.ctors)
 *(EXCLUDE_FILE(*crtend?.o *crtend.o) .ctors)
 *(SORT(.ctors.*))
 *(.ctors)
                0x9d000000                . = ALIGN (0x4)

.dtors          0x9d000000        0x0
 *crtbegin.o(.dtors)
 *crtbegin?.o(.dtors)
 *(EXCLUDE_FILE(*crtend?.o *crtend.o) .dtors)
 *(SORT(.dtors.*))
 *(.dtors)
                0x9d000000                . = ALIGN (0x4)

.rodata         0x9d000000        0x0
 *(.gnu.linkonce.r.*)
 *(.rodata1)
                0x9d000000                . = ALIGN (0x4)

.sdata2         0x9fc00490        0x0
 *(.sdata2 .sdata2.* .gnu.linkonce.s2.*)
                0x9fc00490                . = ALIGN (0x4)

.sbss2          0x9fc00490        0x0
 *(.sbss2 .sbss2.* .gnu.linkonce.sb2.*)
                0x9fc00490                . = ALIGN (0x4)

.eh_frame_hdr
 *(.eh_frame_hdr)
                0x9fc00490                . = ALIGN (0x4)

.eh_frame
 *(.eh_frame)
                0x9fc00490                . = ALIGN (0x4)

.gcc_except_table
 *(.gcc_except_table .gcc_except_table.*)
                0x9fc00490                . = ALIGN (0x4)

.dbg_data       0xa0000200        0x0
                0xa0000200                . = (. + DEFINED (_DEBUGGER)?0x200:0x0)

.jcr            0xa0000200        0x0
 *(.jcr)
                0xa0000200                . = ALIGN (0x4)

.eh_frame
 *(.eh_frame)
                0xa0000200                . = ALIGN (0x4)

.gcc_except_table
 *(.gcc_except_table .gcc_except_table.*)
                0xa0000200                . = ALIGN (0x4)

.persist        0xa0000200        0x0
                0xa0000200                _persist_begin = .
 *(.persist .persist.*)
 *(.pbss .pbss.*)
                0xa0000200                . = ALIGN (0x4)
                0xa0000200                _persist_end = .

.data           0xa0000200        0x0
 *(.gnu.linkonce.d.*)
 *(.data1)
                0xa0000200                . = ALIGN (0x4)
                0xa0000200                . = .
                0xa00081f0                _gp = (ALIGN (0x10) + 0x7ff0)

.got            0xa0000200        0x0
 *(.got.plt)
 *(.got)
                0xa0000200                . = ALIGN (0x4)

.sdata          0xa0000200        0x4
                0xa0000200                _sdata_begin = .
 *(.sdata .sdata.* .gnu.linkonce.s.*)
 .sdata         0xa0000200        0x4 build/default/debug/_ext/833221424/port.o
                0xa0000200                uxInterruptNesting
                0xa0000204                . = ALIGN (0x4)
                0xa0000204                _sdata_end = .

.lit8
 *(.lit8)

.lit4
 *(.lit4)
                0xa0000204                . = ALIGN (0x4)
                0xa0000204                _data_end = .
                0xa0000204                _bss_begin = .

.sbss           0xa0000204       0x64
                0xa0000204                _sbss_begin = .
 *(.dynsbss)
 *(.sbss .sbss.* .gnu.linkonce.sb.*)
 .sbss          0xa0000204       0x34 build/default/debug/_ext/207208378/tasks.o
                0xa0000204                uxSchedulerSuspended
                0xa0000208                xIdleTaskHandle
                0xa000020c                xNextTaskUnblockTime
                0xa0000210                uxTaskNumber
                0xa0000214                xNumOfOverflows
                0xa0000218                xYieldPending
                0xa000021c                uxPendedTicks
                0xa0000220                xSchedulerRunning
                0xa0000224                uxTopReadyPriority
                0xa0000228                xTickCount
                0xa000022c                uxCurrentNumberOfTasks
                0xa0000230                uxDeletedTasksWaitingCleanUp
                0xa0000234                pxCurrentTCB
 .sbss          0xa0000238        0x8 build/default/debug/_ext/38950237/heap_1.o
 .sbss          0xa0000240        0x4 build/default/debug/_ext/833221424/port.o
                0xa0000240                uxSavedTaskStackPointer
 .sbss          0xa0000244        0xc build/default/debug/_ext/1688732426/system_exceptions.o
 *(.scommon)
 .scommon       0xa0000250        0x8 build/default/debug/_ext/220938215/sys_devcon.o
                0xa0000250                sysDevconObj
 .scommon       0xa0000258        0x8 build/default/debug/_ext/207208378/tasks.o
                0xa0000258                pxDelayedTaskList
                0xa000025c                pxOverflowDelayedTaskList
 .scommon       0xa0000260        0x4 build/default/debug/_ext/1360937237/appMS1.o
                0xa0000260                appms1Data
 .scommon       0xa0000264        0x4 build/default/debug/_ext/1688732426/system_init.o
                0xa0000264                sysObj
                0xa0000268                _sbss_end = .
                0xa0000268                . = ALIGN (0x4)

.bss            0xa0000268       0xc8
 *(.dynbss)
 *(COMMON)
 COMMON         0xa0000268       0xc8 build/default/debug/_ext/207208378/tasks.o
                0xa0000268                pxReadyTasksLists
                0xa00002cc                xPendingReadyList
                0xa00002e0                xTasksWaitingTermination
                0xa00002f4                xSuspendedTaskList
                0xa0000308                xDelayedTaskList2
                0xa000031c                xDelayedTaskList1
                0xa0000330                . = ALIGN ((. != 0x0)?0x4:0x1)
                0xa0000330                . = ALIGN (0x4)
                0xa0000330                _end = .
                0xa0000330                _bss_end = .
                0x00020000                _bmxdudba_address = 0x20000
                0x00020000                _bmxdupba_address = 0x20000

/DISCARD/
 *(.pdr)
 *(.rel.dyn)
 *(.note.GNU-stack)
 *(.note.GNU-stack)
 *(.gnu_debuglink)
 *(.gnu.lto_*)
 *(.discard)

.gptab.sdata
 *(.gptab.data)
 *(.gptab.sdata)

.gptab.sbss
 *(.gptab.bss)
 *(.gptab.sbss)

.mdebug.abi32   0xa0000330        0x0
 *(.mdebug.abi32)
 .mdebug.abi32  0xa0000330        0x0 c:/program files (x86)/microchip/xc32/v1.42/bin/bin/../../lib/gcc/pic32mx/4.8.3/../../../../pic32mx/lib\software-debug-break.o
 .mdebug.abi32  0xa0000330        0x0 build/default/debug/_ext/1785267873/osal_freertos.o
 .mdebug.abi32  0xa0000330        0x0 build/default/debug/_ext/220938215/sys_devcon.o
 .mdebug.abi32  0xa0000330        0x0 build/default/debug/_ext/220938215/sys_devcon_pic32mx.o
 .mdebug.abi32  0xa0000330        0x0 build/default/debug/_ext/1272805407/sys_int_pic32.o
 .mdebug.abi32  0xa0000330        0x0 build/default/debug/_ext/207208378/croutine.o
 .mdebug.abi32  0xa0000330        0x0 build/default/debug/_ext/207208378/list.o
 .mdebug.abi32  0xa0000330        0x0 build/default/debug/_ext/207208378/queue.o
 .mdebug.abi32  0xa0000330        0x0 build/default/debug/_ext/207208378/tasks.o
 .mdebug.abi32  0xa0000330        0x0 build/default/debug/_ext/207208378/timers.o
 .mdebug.abi32  0xa0000330        0x0 build/default/debug/_ext/207208378/event_groups.o
 .mdebug.abi32  0xa0000330        0x0 build/default/debug/_ext/38950237/heap_1.o
 .mdebug.abi32  0xa0000330        0x0 build/default/debug/_ext/833221424/port.o
 .mdebug.abi32  0xa0000330        0x0 build/default/debug/_ext/1360937237/appMS1.o
 .mdebug.abi32  0xa0000330        0x0 build/default/debug/_ext/639803181/sys_clk_static.o
 .mdebug.abi32  0xa0000330        0x0 build/default/debug/_ext/822048611/sys_ports_static.o
 .mdebug.abi32  0xa0000330        0x0 build/default/debug/_ext/1688732426/system_init.o
 .mdebug.abi32  0xa0000330        0x0 build/default/debug/_ext/1688732426/system_interrupt.o
 .mdebug.abi32  0xa0000330        0x0 build/default/debug/_ext/1688732426/system_exceptions.o
 .mdebug.abi32  0xa0000330        0x0 build/default/debug/_ext/1360937237/main.o
 .mdebug.abi32  0xa0000330        0x0 build/default/debug/_ext/1688732426/system_tasks.o
 .mdebug.abi32  0xa0000330        0x0 build/default/debug/_ext/1688732426/rtos_hooks.o
 .mdebug.abi32  0xa0000330        0x0 c:/program files (x86)/microchip/xc32/v1.42/bin/bin/../../lib/gcc/pic32mx/4.8.3/../../../../pic32mx/lib\libpic32.a(default-bootstrap-exception-handler.o)
 .mdebug.abi32  0xa0000330        0x0 c:/program files (x86)/microchip/xc32/v1.42/bin/bin/../../lib/gcc/pic32mx/4.8.3/../../../../pic32mx/lib\libpic32.a(default-on-reset.o)
 .mdebug.abi32  0xa0000330        0x0 c:/program files (x86)/microchip/xc32/v1.42/bin/bin/../../lib/gcc/pic32mx/4.8.3/../../../../pic32mx/lib\libpic32.a(default-on-bootstrap.o)
 .mdebug.abi32  0xa0000330        0x0 c:/program files (x86)/microchip/xc32/v1.42/bin/bin/../../lib/gcc/pic32mx/4.8.3/../../../../pic32mx/lib\libpic32.a(defaultinterrupt.o)

.mdebug.abiN32
 *(.mdebug.abiN32)

.mdebug.abi64
 *(.mdebug.abi64)

.mdebug.abiO64
 *(.mdebug.abiO64)

.mdebug.eabi32
 *(.mdebug.eabi32)

.mdebug.eabi64
 *(.mdebug.eabi64)

.gcc_compiled_long32
 *(.gcc_compiled_long32)

.gcc_compiled_long64
 *(.gcc_compiled_long64)

.stab
 *(.stab)

.stabstr
 *(.stabstr)

.stab.excl
 *(.stab.excl)

.stab.exclstr
 *(.stab.exclstr)

.stab.index
 *(.stab.index)

.stab.indexstr
 *(.stab.indexstr)

.comment        0x00000000       0x54
 *(.comment)
 .comment       0x00000000       0x3c c:/program files (x86)/microchip/xc32/v1.42/bin/bin/../../lib/gcc/pic32mx/4.8.3/../../../../pic32mx/lib\software-debug-break.o
                                 0x3d (size before relaxing)
 .comment       0x00000000       0x3d build/default/debug/_ext/1785267873/osal_freertos.o
 .comment       0x00000000       0x3d build/default/debug/_ext/220938215/sys_devcon.o
 .comment       0x00000000       0x3d build/default/debug/_ext/220938215/sys_devcon_pic32mx.o
 .comment       0x00000000       0x3d build/default/debug/_ext/1272805407/sys_int_pic32.o
 .comment       0x00000000       0x3d build/default/debug/_ext/207208378/croutine.o
 .comment       0x00000000       0x3d build/default/debug/_ext/207208378/list.o
 .comment       0x00000000       0x3d build/default/debug/_ext/207208378/queue.o
 .comment       0x00000000       0x3d build/default/debug/_ext/207208378/tasks.o
 .comment       0x00000000       0x3d build/default/debug/_ext/207208378/timers.o
 .comment       0x00000000       0x3d build/default/debug/_ext/207208378/event_groups.o
 .comment       0x00000000       0x3d build/default/debug/_ext/38950237/heap_1.o
 .comment       0x00000000       0x3d build/default/debug/_ext/833221424/port.o
 .comment       0x00000000       0x3d build/default/debug/_ext/1360937237/appMS1.o
 .comment       0x00000000       0x3d build/default/debug/_ext/639803181/sys_clk_static.o
 .comment       0x00000000       0x3d build/default/debug/_ext/822048611/sys_ports_static.o
 .comment       0x00000000       0x3d build/default/debug/_ext/1688732426/system_init.o
 .comment       0x00000000       0x3d build/default/debug/_ext/1688732426/system_interrupt.o
 .comment       0x00000000       0x3d build/default/debug/_ext/1688732426/system_exceptions.o
 .comment       0x00000000       0x3d build/default/debug/_ext/1360937237/main.o
 .comment       0x00000000       0x3d build/default/debug/_ext/1688732426/system_tasks.o
 .comment       0x00000000       0x3d build/default/debug/_ext/1688732426/rtos_hooks.o
 .comment       0x0000003c       0x18 c:/program files (x86)/microchip/xc32/v1.42/bin/bin/../../lib/gcc/pic32mx/4.8.3/../../../../pic32mx/lib\libpic32.a(memset.o)
                                 0x19 (size before relaxing)
 .comment       0x00000000       0x3d c:/program files (x86)/microchip/xc32/v1.42/bin/bin/../../lib/gcc/pic32mx/4.8.3/../../../../pic32mx/lib\libpic32.a(default-bootstrap-exception-handler.o)
 .comment       0x00000000       0x3d c:/program files (x86)/microchip/xc32/v1.42/bin/bin/../../lib/gcc/pic32mx/4.8.3/../../../../pic32mx/lib\libpic32.a(default-on-reset.o)
 .comment       0x00000000       0x3d c:/program files (x86)/microchip/xc32/v1.42/bin/bin/../../lib/gcc/pic32mx/4.8.3/../../../../pic32mx/lib\libpic32.a(default-on-bootstrap.o)
 .comment       0x00000000       0x3d c:/program files (x86)/microchip/xc32/v1.42/bin/bin/../../lib/gcc/pic32mx/4.8.3/../../../../pic32mx/lib\libpic32.a(defaultinterrupt.o)

.debug
 *(.debug)

.line
 *(.line)

.debug_srcinfo
 *(.debug_srcinfo)

.debug_sfnames
 *(.debug_sfnames)

.debug_aranges  0x00000000      0x828
 *(.debug_aranges)
 .debug_aranges
                0x00000000       0x20 c:/program files (x86)/microchip/xc32/v1.42/bin/bin/../../lib/gcc/pic32mx/4.8.3/../../../../pic32mx/lib\software-debug-break.o
 .debug_aranges
                0x00000020       0x88 build/default/debug/_ext/1785267873/osal_freertos.o
 .debug_aranges
                0x000000a8       0x78 build/default/debug/_ext/220938215/sys_devcon.o
 .debug_aranges
                0x00000120       0x20 build/default/debug/_ext/220938215/sys_devcon_pic32mx.o
 .debug_aranges
                0x00000140       0x48 build/default/debug/_ext/1272805407/sys_int_pic32.o
 .debug_aranges
                0x00000188       0x18 build/default/debug/_ext/207208378/croutine.o
 .debug_aranges
                0x000001a0       0x40 build/default/debug/_ext/207208378/list.o
 .debug_aranges
                0x000001e0       0xb0 build/default/debug/_ext/207208378/queue.o
 .debug_aranges
                0x00000290      0x1a0 build/default/debug/_ext/207208378/tasks.o
 .debug_aranges
                0x00000430       0x18 build/default/debug/_ext/207208378/timers.o
 .debug_aranges
                0x00000448       0x60 build/default/debug/_ext/207208378/event_groups.o
 .debug_aranges
                0x000004a8       0x38 build/default/debug/_ext/38950237/heap_1.o
 .debug_aranges
                0x000004e0       0x58 build/default/debug/_ext/833221424/port.o
 .debug_aranges
                0x00000538       0x20 build/default/debug/_ext/833221424/port_asm.o
 .debug_aranges
                0x00000558       0x28 build/default/debug/_ext/1360937237/appMS1.o
 .debug_aranges
                0x00000580       0x50 build/default/debug/_ext/639803181/sys_clk_static.o
 .debug_aranges
                0x000005d0      0x108 build/default/debug/_ext/822048611/sys_ports_static.o
 .debug_aranges
                0x000006d8       0x20 build/default/debug/_ext/1688732426/system_init.o
 .debug_aranges
                0x000006f8       0x18 build/default/debug/_ext/1688732426/system_interrupt.o
 .debug_aranges
                0x00000710       0x20 build/default/debug/_ext/1688732426/system_exceptions.o
 .debug_aranges
                0x00000730       0x20 build/default/debug/_ext/1360937237/main.o
 .debug_aranges
                0x00000750       0x30 build/default/debug/_ext/1688732426/system_tasks.o
 .debug_aranges
                0x00000780       0x28 build/default/debug/_ext/1688732426/rtos_hooks.o
 .debug_aranges
                0x000007a8       0x20 c:/program files (x86)/microchip/xc32/v1.42/bin/bin/../../lib/gcc/pic32mx/4.8.3/../../../../pic32mx/lib\libpic32.a(default-bootstrap-exception-handler.o)
 .debug_aranges
                0x000007c8       0x20 c:/program files (x86)/microchip/xc32/v1.42/bin/bin/../../lib/gcc/pic32mx/4.8.3/../../../../pic32mx/lib\libpic32.a(default-on-reset.o)
 .debug_aranges
                0x000007e8       0x20 c:/program files (x86)/microchip/xc32/v1.42/bin/bin/../../lib/gcc/pic32mx/4.8.3/../../../../pic32mx/lib\libpic32.a(default-on-bootstrap.o)
 .debug_aranges
                0x00000808       0x20 c:/program files (x86)/microchip/xc32/v1.42/bin/bin/../../lib/gcc/pic32mx/4.8.3/../../../../pic32mx/lib\libpic32.a(defaultinterrupt.o)

.debug_pubnames
 *(.debug_pubnames)

.debug_info     0x00000000    0x121e9
 *(.debug_info .gnu.linkonce.wi.*)
 .debug_info    0x00000000       0xe5 c:/program files (x86)/microchip/xc32/v1.42/bin/bin/../../lib/gcc/pic32mx/4.8.3/../../../../pic32mx/lib\software-debug-break.o
 .debug_info    0x000000e5      0xad4 build/default/debug/_ext/1785267873/osal_freertos.o
 .debug_info    0x00000bb9     0x1189 build/default/debug/_ext/220938215/sys_devcon.o
 .debug_info    0x00001d42      0xd6d build/default/debug/_ext/220938215/sys_devcon_pic32mx.o
 .debug_info    0x00002aaf     0x15dc build/default/debug/_ext/1272805407/sys_int_pic32.o
 .debug_info    0x0000408b      0x19b build/default/debug/_ext/207208378/croutine.o
 .debug_info    0x00004226      0x49c build/default/debug/_ext/207208378/list.o
 .debug_info    0x000046c2     0x196b build/default/debug/_ext/207208378/queue.o
 .debug_info    0x0000602d     0x2969 build/default/debug/_ext/207208378/tasks.o
 .debug_info    0x00008996      0x199 build/default/debug/_ext/207208378/timers.o
 .debug_info    0x00008b2f      0xd80 build/default/debug/_ext/207208378/event_groups.o
 .debug_info    0x000098af      0x3a4 build/default/debug/_ext/38950237/heap_1.o
 .debug_info    0x00009c53     0x11d8 build/default/debug/_ext/833221424/port.o
 .debug_info    0x0000ae2b       0xe9 build/default/debug/_ext/833221424/port_asm.o
 .debug_info    0x0000af14      0x529 build/default/debug/_ext/1360937237/appMS1.o
 .debug_info    0x0000b43d     0x118e build/default/debug/_ext/639803181/sys_clk_static.o
 .debug_info    0x0000c5cb     0x3afb build/default/debug/_ext/822048611/sys_ports_static.o
 .debug_info    0x000100c6      0x995 build/default/debug/_ext/1688732426/system_init.o
 .debug_info    0x00010a5b      0x43f build/default/debug/_ext/1688732426/system_interrupt.o
 .debug_info    0x00010e9a      0x4f1 build/default/debug/_ext/1688732426/system_exceptions.o
 .debug_info    0x0001138b      0x1b4 build/default/debug/_ext/1360937237/main.o
 .debug_info    0x0001153f      0x6c8 build/default/debug/_ext/1688732426/system_tasks.o
 .debug_info    0x00011c07      0x25e build/default/debug/_ext/1688732426/rtos_hooks.o
 .debug_info    0x00011e65       0xf5 c:/program files (x86)/microchip/xc32/v1.42/bin/bin/../../lib/gcc/pic32mx/4.8.3/../../../../pic32mx/lib\libpic32.a(default-bootstrap-exception-handler.o)
 .debug_info    0x00011f5a       0xcf c:/program files (x86)/microchip/xc32/v1.42/bin/bin/../../lib/gcc/pic32mx/4.8.3/../../../../pic32mx/lib\libpic32.a(default-on-reset.o)
 .debug_info    0x00012029       0xd7 c:/program files (x86)/microchip/xc32/v1.42/bin/bin/../../lib/gcc/pic32mx/4.8.3/../../../../pic32mx/lib\libpic32.a(default-on-bootstrap.o)
 .debug_info    0x00012100       0xe9 c:/program files (x86)/microchip/xc32/v1.42/bin/bin/../../lib/gcc/pic32mx/4.8.3/../../../../pic32mx/lib\libpic32.a(defaultinterrupt.o)

.debug_abbrev   0x00000000     0x210e
 *(.debug_abbrev)
 .debug_abbrev  0x00000000       0x28 c:/program files (x86)/microchip/xc32/v1.42/bin/bin/../../lib/gcc/pic32mx/4.8.3/../../../../pic32mx/lib\software-debug-break.o
 .debug_abbrev  0x00000028      0x1fe build/default/debug/_ext/1785267873/osal_freertos.o
 .debug_abbrev  0x00000226      0x2a1 build/default/debug/_ext/220938215/sys_devcon.o
 .debug_abbrev  0x000004c7      0x16d build/default/debug/_ext/220938215/sys_devcon_pic32mx.o
 .debug_abbrev  0x00000634      0x1ea build/default/debug/_ext/1272805407/sys_int_pic32.o
 .debug_abbrev  0x0000081e       0x1b build/default/debug/_ext/207208378/croutine.o
 .debug_abbrev  0x00000839       0xf1 build/default/debug/_ext/207208378/list.o
 .debug_abbrev  0x0000092a      0x310 build/default/debug/_ext/207208378/queue.o
 .debug_abbrev  0x00000c3a      0x308 build/default/debug/_ext/207208378/tasks.o
 .debug_abbrev  0x00000f42       0x1b build/default/debug/_ext/207208378/timers.o
 .debug_abbrev  0x00000f5d      0x29a build/default/debug/_ext/207208378/event_groups.o
 .debug_abbrev  0x000011f7      0x13f build/default/debug/_ext/38950237/heap_1.o
 .debug_abbrev  0x00001336      0x2cf build/default/debug/_ext/833221424/port.o
 .debug_abbrev  0x00001605       0x14 build/default/debug/_ext/833221424/port_asm.o
 .debug_abbrev  0x00001619       0xd3 build/default/debug/_ext/1360937237/appMS1.o
 .debug_abbrev  0x000016ec      0x26a build/default/debug/_ext/639803181/sys_clk_static.o
 .debug_abbrev  0x00001956      0x222 build/default/debug/_ext/822048611/sys_ports_static.o
 .debug_abbrev  0x00001b78      0x1dd build/default/debug/_ext/1688732426/system_init.o
 .debug_abbrev  0x00001d55       0x33 build/default/debug/_ext/1688732426/system_interrupt.o
 .debug_abbrev  0x00001d88       0x82 build/default/debug/_ext/1688732426/system_exceptions.o
 .debug_abbrev  0x00001e0a       0x93 build/default/debug/_ext/1360937237/main.o
 .debug_abbrev  0x00001e9d      0x13a build/default/debug/_ext/1688732426/system_tasks.o
 .debug_abbrev  0x00001fd7       0x97 build/default/debug/_ext/1688732426/rtos_hooks.o
 .debug_abbrev  0x0000206e       0x28 c:/program files (x86)/microchip/xc32/v1.42/bin/bin/../../lib/gcc/pic32mx/4.8.3/../../../../pic32mx/lib\libpic32.a(default-bootstrap-exception-handler.o)
 .debug_abbrev  0x00002096       0x28 c:/program files (x86)/microchip/xc32/v1.42/bin/bin/../../lib/gcc/pic32mx/4.8.3/../../../../pic32mx/lib\libpic32.a(default-on-reset.o)
 .debug_abbrev  0x000020be       0x28 c:/program files (x86)/microchip/xc32/v1.42/bin/bin/../../lib/gcc/pic32mx/4.8.3/../../../../pic32mx/lib\libpic32.a(default-on-bootstrap.o)
 .debug_abbrev  0x000020e6       0x28 c:/program files (x86)/microchip/xc32/v1.42/bin/bin/../../lib/gcc/pic32mx/4.8.3/../../../../pic32mx/lib\libpic32.a(defaultinterrupt.o)

.debug_line     0x00000000     0x4144
 *(.debug_line)
 .debug_line    0x00000000       0x9c c:/program files (x86)/microchip/xc32/v1.42/bin/bin/../../lib/gcc/pic32mx/4.8.3/../../../../pic32mx/lib\software-debug-break.o
 .debug_line    0x0000009c      0x2bb build/default/debug/_ext/1785267873/osal_freertos.o
 .debug_line    0x00000357      0x5c6 build/default/debug/_ext/220938215/sys_devcon.o
 .debug_line    0x0000091d      0x471 build/default/debug/_ext/220938215/sys_devcon_pic32mx.o
 .debug_line    0x00000d8e      0x38c build/default/debug/_ext/1272805407/sys_int_pic32.o
 .debug_line    0x0000111a       0x1d build/default/debug/_ext/207208378/croutine.o
 .debug_line    0x00001137      0x1dc build/default/debug/_ext/207208378/list.o
 .debug_line    0x00001313      0x496 build/default/debug/_ext/207208378/queue.o
 .debug_line    0x000017a9      0x803 build/default/debug/_ext/207208378/tasks.o
 .debug_line    0x00001fac       0x1d build/default/debug/_ext/207208378/timers.o
 .debug_line    0x00001fc9      0x325 build/default/debug/_ext/207208378/event_groups.o
 .debug_line    0x000022ee      0x216 build/default/debug/_ext/38950237/heap_1.o
 .debug_line    0x00002504      0x23a build/default/debug/_ext/833221424/port.o
 .debug_line    0x0000273e      0x126 build/default/debug/_ext/833221424/port_asm.o
 .debug_line    0x00002864       0xf2 build/default/debug/_ext/1360937237/appMS1.o
 .debug_line    0x00002956      0x413 build/default/debug/_ext/639803181/sys_clk_static.o
 .debug_line    0x00002d69      0x78c build/default/debug/_ext/822048611/sys_ports_static.o
 .debug_line    0x000034f5      0x345 build/default/debug/_ext/1688732426/system_init.o
 .debug_line    0x0000383a       0x71 build/default/debug/_ext/1688732426/system_interrupt.o
 .debug_line    0x000038ab       0xf7 build/default/debug/_ext/1688732426/system_exceptions.o
 .debug_line    0x000039a2       0xc0 build/default/debug/_ext/1360937237/main.o
 .debug_line    0x00003a62      0x316 build/default/debug/_ext/1688732426/system_tasks.o
 .debug_line    0x00003d78      0x14b build/default/debug/_ext/1688732426/rtos_hooks.o
 .debug_line    0x00003ec3       0xa9 c:/program files (x86)/microchip/xc32/v1.42/bin/bin/../../lib/gcc/pic32mx/4.8.3/../../../../pic32mx/lib\libpic32.a(default-bootstrap-exception-handler.o)
 .debug_line    0x00003f6c       0x96 c:/program files (x86)/microchip/xc32/v1.42/bin/bin/../../lib/gcc/pic32mx/4.8.3/../../../../pic32mx/lib\libpic32.a(default-on-reset.o)
 .debug_line    0x00004002       0x9a c:/program files (x86)/microchip/xc32/v1.42/bin/bin/../../lib/gcc/pic32mx/4.8.3/../../../../pic32mx/lib\libpic32.a(default-on-bootstrap.o)
 .debug_line    0x0000409c       0xa8 c:/program files (x86)/microchip/xc32/v1.42/bin/bin/../../lib/gcc/pic32mx/4.8.3/../../../../pic32mx/lib\libpic32.a(defaultinterrupt.o)

.debug_frame    0x00000000     0x10e4
 *(.debug_frame)
 .debug_frame   0x00000000       0x20 c:/program files (x86)/microchip/xc32/v1.42/bin/bin/../../lib/gcc/pic32mx/4.8.3/../../../../pic32mx/lib\software-debug-break.o
 .debug_frame   0x00000020      0x150 build/default/debug/_ext/1785267873/osal_freertos.o
 .debug_frame   0x00000170       0xe8 build/default/debug/_ext/220938215/sys_devcon.o
 .debug_frame   0x00000258       0x28 build/default/debug/_ext/220938215/sys_devcon_pic32mx.o
 .debug_frame   0x00000280       0x90 build/default/debug/_ext/1272805407/sys_int_pic32.o
 .debug_frame   0x00000310       0x60 build/default/debug/_ext/207208378/list.o
 .debug_frame   0x00000370      0x218 build/default/debug/_ext/207208378/queue.o
 .debug_frame   0x00000588      0x4dc build/default/debug/_ext/207208378/tasks.o
 .debug_frame   0x00000a64      0x108 build/default/debug/_ext/207208378/event_groups.o
 .debug_frame   0x00000b6c       0x5c build/default/debug/_ext/38950237/heap_1.o
 .debug_frame   0x00000bc8       0xc0 build/default/debug/_ext/833221424/port.o
 .debug_frame   0x00000c88       0x30 build/default/debug/_ext/1360937237/appMS1.o
 .debug_frame   0x00000cb8       0xa0 build/default/debug/_ext/639803181/sys_clk_static.o
 .debug_frame   0x00000d58      0x1f0 build/default/debug/_ext/822048611/sys_ports_static.o
 .debug_frame   0x00000f48       0x28 build/default/debug/_ext/1688732426/system_init.o
 .debug_frame   0x00000f70       0x28 build/default/debug/_ext/1688732426/system_exceptions.o
 .debug_frame   0x00000f98       0x28 build/default/debug/_ext/1360937237/main.o
 .debug_frame   0x00000fc0       0x58 build/default/debug/_ext/1688732426/system_tasks.o
 .debug_frame   0x00001018       0x40 build/default/debug/_ext/1688732426/rtos_hooks.o
 .debug_frame   0x00001058       0x2c c:/program files (x86)/microchip/xc32/v1.42/bin/bin/../../lib/gcc/pic32mx/4.8.3/../../../../pic32mx/lib\libpic32.a(default-bootstrap-exception-handler.o)
 .debug_frame   0x00001084       0x20 c:/program files (x86)/microchip/xc32/v1.42/bin/bin/../../lib/gcc/pic32mx/4.8.3/../../../../pic32mx/lib\libpic32.a(default-on-reset.o)
 .debug_frame   0x000010a4       0x20 c:/program files (x86)/microchip/xc32/v1.42/bin/bin/../../lib/gcc/pic32mx/4.8.3/../../../../pic32mx/lib\libpic32.a(default-on-bootstrap.o)
 .debug_frame   0x000010c4       0x20 c:/program files (x86)/microchip/xc32/v1.42/bin/bin/../../lib/gcc/pic32mx/4.8.3/../../../../pic32mx/lib\libpic32.a(defaultinterrupt.o)

.debug_str      0x00000000      0x547
 *(.debug_str)
 .debug_str     0x00000000        0x0 c:/program files (x86)/microchip/xc32/v1.42/bin/bin/../../lib/gcc/pic32mx/4.8.3/../../../../pic32mx/lib\software-debug-break.o
 .debug_str     0x00000000       0x40 build/default/debug/_ext/1785267873/osal_freertos.o
 .debug_str     0x00000040       0x16 build/default/debug/_ext/220938215/sys_devcon.o
 .debug_str     0x00000056        0x6 build/default/debug/_ext/220938215/sys_devcon_pic32mx.o
 .debug_str     0x0000005c       0x2d build/default/debug/_ext/1272805407/sys_int_pic32.o
 .debug_str     0x00000089        0x0 build/default/debug/_ext/207208378/croutine.o
 .debug_str     0x00000089       0x2b build/default/debug/_ext/207208378/list.o
 .debug_str     0x000000b4      0x131 build/default/debug/_ext/207208378/queue.o
 .debug_str     0x000001e5      0x186 build/default/debug/_ext/207208378/tasks.o
 .debug_str     0x0000036b        0x0 build/default/debug/_ext/207208378/timers.o
 .debug_str     0x0000036b       0xe6 build/default/debug/_ext/207208378/event_groups.o
 .debug_str     0x00000451       0x1d build/default/debug/_ext/38950237/heap_1.o
 .debug_str     0x0000046e       0x37 build/default/debug/_ext/833221424/port.o
 .debug_str     0x000004a5        0x0 build/default/debug/_ext/1360937237/appMS1.o
 .debug_str     0x000004a5       0x39 build/default/debug/_ext/639803181/sys_clk_static.o
 .debug_str     0x000004de       0x55 build/default/debug/_ext/822048611/sys_ports_static.o
 .debug_str     0x00000533        0xb build/default/debug/_ext/1688732426/system_init.o
 .debug_str     0x0000053e        0x0 build/default/debug/_ext/1688732426/system_interrupt.o
 .debug_str     0x0000053e        0x0 build/default/debug/_ext/1688732426/system_exceptions.o
 .debug_str     0x0000053e        0x0 build/default/debug/_ext/1360937237/main.o
 .debug_str     0x0000053e        0x0 build/default/debug/_ext/1688732426/system_tasks.o
 .debug_str     0x0000053e        0x9 build/default/debug/_ext/1688732426/rtos_hooks.o
 .debug_str     0x00000547        0x0 c:/program files (x86)/microchip/xc32/v1.42/bin/bin/../../lib/gcc/pic32mx/4.8.3/../../../../pic32mx/lib\libpic32.a(default-bootstrap-exception-handler.o)
 .debug_str     0x00000547        0x0 c:/program files (x86)/microchip/xc32/v1.42/bin/bin/../../lib/gcc/pic32mx/4.8.3/../../../../pic32mx/lib\libpic32.a(default-on-reset.o)
 .debug_str     0x00000547        0x0 c:/program files (x86)/microchip/xc32/v1.42/bin/bin/../../lib/gcc/pic32mx/4.8.3/../../../../pic32mx/lib\libpic32.a(default-on-bootstrap.o)
 .debug_str     0x00000547        0x0 c:/program files (x86)/microchip/xc32/v1.42/bin/bin/../../lib/gcc/pic32mx/4.8.3/../../../../pic32mx/lib\libpic32.a(defaultinterrupt.o)

.debug_loc      0x00000000     0x5040
 *(.debug_loc)
 .debug_loc     0x00000000      0x58c build/default/debug/_ext/1785267873/osal_freertos.o
 .debug_loc     0x0000058c      0x150 build/default/debug/_ext/220938215/sys_devcon.o
 .debug_loc     0x000006dc      0x10c build/default/debug/_ext/220938215/sys_devcon_pic32mx.o
 .debug_loc     0x000007e8      0x10d build/default/debug/_ext/1272805407/sys_int_pic32.o
 .debug_loc     0x000008f5       0x31 build/default/debug/_ext/207208378/list.o
 .debug_loc     0x00000926     0x10b9 build/default/debug/_ext/207208378/queue.o
 .debug_loc     0x000019df     0x194b build/default/debug/_ext/207208378/tasks.o
 .debug_loc     0x0000332a      0xa0a build/default/debug/_ext/207208378/event_groups.o
 .debug_loc     0x00003d34       0x69 build/default/debug/_ext/38950237/heap_1.o
 .debug_loc     0x00003d9d      0x1aa build/default/debug/_ext/833221424/port.o
 .debug_loc     0x00003f47       0x14 build/default/debug/_ext/1360937237/appMS1.o
 .debug_loc     0x00003f5b       0xc1 build/default/debug/_ext/639803181/sys_clk_static.o
 .debug_loc     0x0000401c      0xecf build/default/debug/_ext/822048611/sys_ports_static.o
 .debug_loc     0x00004eeb       0x41 build/default/debug/_ext/1688732426/system_init.o
 .debug_loc     0x00004f2c       0x20 build/default/debug/_ext/1688732426/system_exceptions.o
 .debug_loc     0x00004f4c       0x20 build/default/debug/_ext/1360937237/main.o
 .debug_loc     0x00004f6c       0x60 build/default/debug/_ext/1688732426/system_tasks.o
 .debug_loc     0x00004fcc       0x74 build/default/debug/_ext/1688732426/rtos_hooks.o

.debug_macinfo
 *(.debug_macinfo)

.debug_weaknames
 *(.debug_weaknames)

.debug_funcnames
 *(.debug_funcnames)

.debug_typenames
 *(.debug_typenames)

.debug_varnames
 *(.debug_varnames)

.debug_pubtypes
 *(.debug_pubtypes)

.debug_ranges   0x00000000      0x758
 *(.debug_ranges)
 .debug_ranges  0x00000000       0x10 c:/program files (x86)/microchip/xc32/v1.42/bin/bin/../../lib/gcc/pic32mx/4.8.3/../../../../pic32mx/lib\software-debug-break.o
 .debug_ranges  0x00000010       0x78 build/default/debug/_ext/1785267873/osal_freertos.o
 .debug_ranges  0x00000088       0x68 build/default/debug/_ext/220938215/sys_devcon.o
 .debug_ranges  0x000000f0       0x10 build/default/debug/_ext/220938215/sys_devcon_pic32mx.o
 .debug_ranges  0x00000100       0x50 build/default/debug/_ext/1272805407/sys_int_pic32.o
 .debug_ranges  0x00000150       0x30 build/default/debug/_ext/207208378/list.o
 .debug_ranges  0x00000180      0x130 build/default/debug/_ext/207208378/queue.o
 .debug_ranges  0x000002b0      0x1a8 build/default/debug/_ext/207208378/tasks.o
 .debug_ranges  0x00000458       0x98 build/default/debug/_ext/207208378/event_groups.o
 .debug_ranges  0x000004f0       0x28 build/default/debug/_ext/38950237/heap_1.o
 .debug_ranges  0x00000518       0x48 build/default/debug/_ext/833221424/port.o
 .debug_ranges  0x00000560       0x18 build/default/debug/_ext/1360937237/appMS1.o
 .debug_ranges  0x00000578       0x40 build/default/debug/_ext/639803181/sys_clk_static.o
 .debug_ranges  0x000005b8       0xf8 build/default/debug/_ext/822048611/sys_ports_static.o
 .debug_ranges  0x000006b0       0x10 build/default/debug/_ext/1688732426/system_init.o
 .debug_ranges  0x000006c0       0x10 build/default/debug/_ext/1688732426/system_exceptions.o
 .debug_ranges  0x000006d0       0x10 build/default/debug/_ext/1360937237/main.o
 .debug_ranges  0x000006e0       0x20 build/default/debug/_ext/1688732426/system_tasks.o
 .debug_ranges  0x00000700       0x18 build/default/debug/_ext/1688732426/rtos_hooks.o
 .debug_ranges  0x00000718       0x10 c:/program files (x86)/microchip/xc32/v1.42/bin/bin/../../lib/gcc/pic32mx/4.8.3/../../../../pic32mx/lib\libpic32.a(default-bootstrap-exception-handler.o)
 .debug_ranges  0x00000728       0x10 c:/program files (x86)/microchip/xc32/v1.42/bin/bin/../../lib/gcc/pic32mx/4.8.3/../../../../pic32mx/lib\libpic32.a(default-on-reset.o)
 .debug_ranges  0x00000738       0x10 c:/program files (x86)/microchip/xc32/v1.42/bin/bin/../../lib/gcc/pic32mx/4.8.3/../../../../pic32mx/lib\libpic32.a(default-on-bootstrap.o)
 .debug_ranges  0x00000748       0x10 c:/program files (x86)/microchip/xc32/v1.42/bin/bin/../../lib/gcc/pic32mx/4.8.3/../../../../pic32mx/lib\libpic32.a(defaultinterrupt.o)

.gnu.attributes
                0x00000000       0x10
 *(.gnu.attributes)
 .gnu.attributes
                0x00000000       0x10 c:/program files (x86)/microchip/xc32/v1.42/bin/bin/../../lib/gcc/pic32mx/4.8.3/../../../../pic32mx/lib\software-debug-break.o
 .gnu.attributes
                0x00000010       0x10 build/default/debug/_ext/1785267873/osal_freertos.o
 .gnu.attributes
                0x00000020       0x10 build/default/debug/_ext/220938215/sys_devcon.o
 .gnu.attributes
                0x00000030       0x10 build/default/debug/_ext/220938215/sys_devcon_pic32mx.o
 .gnu.attributes
                0x00000040       0x10 build/default/debug/_ext/1272805407/sys_int_pic32.o
 .gnu.attributes
                0x00000050       0x10 build/default/debug/_ext/207208378/croutine.o
 .gnu.attributes
                0x00000060       0x10 build/default/debug/_ext/207208378/list.o
 .gnu.attributes
                0x00000070       0x10 build/default/debug/_ext/207208378/queue.o
 .gnu.attributes
                0x00000080       0x10 build/default/debug/_ext/207208378/tasks.o
 .gnu.attributes
                0x00000090       0x10 build/default/debug/_ext/207208378/timers.o
 .gnu.attributes
                0x000000a0       0x10 build/default/debug/_ext/207208378/event_groups.o
 .gnu.attributes
                0x000000b0       0x10 build/default/debug/_ext/38950237/heap_1.o
 .gnu.attributes
                0x000000c0       0x10 build/default/debug/_ext/833221424/port.o
 .gnu.attributes
                0x000000d0       0x10 build/default/debug/_ext/1360937237/appMS1.o
 .gnu.attributes
                0x000000e0       0x10 build/default/debug/_ext/639803181/sys_clk_static.o
 .gnu.attributes
                0x000000f0       0x10 build/default/debug/_ext/822048611/sys_ports_static.o
 .gnu.attributes
                0x00000100       0x10 build/default/debug/_ext/1688732426/system_init.o
 .gnu.attributes
                0x00000110       0x10 build/default/debug/_ext/1688732426/system_interrupt.o
 .gnu.attributes
                0x00000120       0x10 build/default/debug/_ext/1688732426/system_exceptions.o
 .gnu.attributes
                0x00000130       0x10 build/default/debug/_ext/1360937237/main.o
 .gnu.attributes
                0x00000140       0x10 build/default/debug/_ext/1688732426/system_tasks.o
 .gnu.attributes
                0x00000150       0x10 build/default/debug/_ext/1688732426/rtos_hooks.o
 .gnu.attributes
                0x00000160       0x10 c:/program files (x86)/microchip/xc32/v1.42/bin/bin/../../lib/gcc/pic32mx/4.8.3/../../../../pic32mx/lib\libpic32.a(default-bootstrap-exception-handler.o)
 .gnu.attributes
                0x00000170       0x10 c:/program files (x86)/microchip/xc32/v1.42/bin/bin/../../lib/gcc/pic32mx/4.8.3/../../../../pic32mx/lib\libpic32.a(default-on-reset.o)
 .gnu.attributes
                0x00000180       0x10 c:/program files (x86)/microchip/xc32/v1.42/bin/bin/../../lib/gcc/pic32mx/4.8.3/../../../../pic32mx/lib\libpic32.a(default-on-bootstrap.o)
 .gnu.attributes
                0x00000190       0x10 c:/program files (x86)/microchip/xc32/v1.42/bin/bin/../../lib/gcc/pic32mx/4.8.3/../../../../pic32mx/lib\libpic32.a(defaultinterrupt.o)
LOAD c:/program files (x86)/microchip/xc32/v1.42/bin/bin/../../lib/gcc/pic32mx/4.8.3\libgcc.a
START GROUP
LOAD c:/program files (x86)/microchip/xc32/v1.42/bin/bin/../../lib/gcc/pic32mx/4.8.3/../../../../pic32mx/lib\libpic32.a
LOAD c:/program files (x86)/microchip/xc32/v1.42/bin/bin/../../lib/gcc/pic32mx/4.8.3/../../../../pic32mx/lib\libdebug.a
LOAD c:/program files (x86)/microchip/xc32/v1.42/bin/bin/../../lib/gcc/pic32mx/4.8.3/../../../../pic32mx/lib\libpic32.a
LOAD c:/program files (x86)/microchip/xc32/v1.42/bin/bin/../../lib/gcc/pic32mx/4.8.3/../../../../pic32mx/lib\libm.a
LOAD c:/program files (x86)/microchip/xc32/v1.42/bin/bin/../../lib/gcc/pic32mx/4.8.3/../../../../pic32mx/lib\libe.a
LOAD c:/program files (x86)/microchip/xc32/v1.42/bin/bin/../../lib/gcc/pic32mx/4.8.3/../../../../pic32mx/lib\libdsp.a
LOAD c:/program files (x86)/microchip/xc32/v1.42/bin/bin/../../lib/gcc/pic32mx/4.8.3\libgcc.a
LOAD c:/program files (x86)/microchip/xc32/v1.42/bin/bin/../../lib/gcc/pic32mx/4.8.3/../../../../pic32mx/lib\libc.a
LOAD c:/program files (x86)/microchip/xc32/v1.42/bin/bin/../../lib/gcc/pic32mx/4.8.3/../../../../pic32mx/lib\libc.a
LOAD c:/program files (x86)/microchip/xc32/v1.42/bin/bin/../../lib/gcc/pic32mx/4.8.3/../../../../pic32mx/lib\libpic32.a
END GROUP
LOAD c:/program files (x86)/microchip/xc32/v1.42/bin/bin/../../lib/gcc/pic32mx/4.8.3\libgcc.a
OUTPUT(dist/default/debug/Milestone1.X.debug.elf elf32-tradlittlemips)
LOAD stack
LOAD data_init

.reginfo        0x00000000       0x18
 .reginfo       0x00000000       0x18 c:/program files (x86)/microchip/xc32/v1.42/bin/bin/../../lib/gcc/pic32mx/4.8.3/../../../../pic32mx/lib/./proc/32MX795F512L/crt0_mips32r2.o

.stack          0xa0003190      0x400
 .stack         0xa0003190      0x400 stack

.bss            0xa0000330     0x2e40
 .bss           0xa0000330     0x2800 build/default/debug/_ext/38950237/heap_1.o
 .bss           0xa0002b30      0x640 build/default/debug/_ext/833221424/port.o
                0xa0002b30                xISRStack

.text           0x9d000000      0x454
 .text          0x9d000000      0x454 build/default/debug/_ext/833221424/port_asm.o
                0x9d000000                vPortTickInterruptHandler
                0x9d0001ac                vPortStartFirstTask
                0x9d000274                vPortYieldISR

.text.xTaskIncrementTick
                0x9d000454      0x198
 .text.xTaskIncrementTick
                0x9d000454      0x198 build/default/debug/_ext/207208378/tasks.o
                0x9d000454                xTaskIncrementTick

.text.xTaskResumeAll
                0x9d0005ec      0x148
 .text.xTaskResumeAll
                0x9d0005ec      0x148 build/default/debug/_ext/207208378/tasks.o
                0x9d0005ec                xTaskResumeAll

.text.prvInitialiseNewTask
                0x9d000734      0x130
 .text.prvInitialiseNewTask
                0x9d000734      0x130 build/default/debug/_ext/207208378/tasks.o
                0x9d000734                prvInitialiseNewTask

.rodata         0x9d000864      0x128
 .rodata        0x9d000864      0x128 build/default/debug/_ext/1688732426/system_exceptions.o

.text.prvAddNewTaskToReadyList
                0x9d00098c      0x104
 .text.prvAddNewTaskToReadyList
                0x9d00098c      0x104 build/default/debug/_ext/207208378/tasks.o
                0x9d00098c                prvAddNewTaskToReadyList

.text.vTaskSwitchContext
                0x9d000a90       0xe0
 .text.vTaskSwitchContext
                0x9d000a90       0xe0 build/default/debug/_ext/207208378/tasks.o
                0x9d000a90                vTaskSwitchContext

.text.SYS_DEVCON_PerformanceConfig
                0x9d000b70       0xdc
 .text.SYS_DEVCON_PerformanceConfig
                0x9d000b70       0xdc build/default/debug/_ext/220938215/sys_devcon_pic32mx.o
                0x9d000b70                SYS_DEVCON_PerformanceConfig

.text.general_exception
                0x9d000c4c       0xdc
 .text.general_exception
                0x9d000c4c       0xdc c:/program files (x86)/microchip/xc32/v1.42/bin/bin/../../lib/gcc/pic32mx/4.8.3/../../../../pic32mx/lib\libpic32.a(general-exception.o)
                0x9d000c4c                _general_exception_context

.text.xTaskCreate
                0x9d000d28       0xc0
 .text.xTaskCreate
                0x9d000d28       0xc0 build/default/debug/_ext/207208378/tasks.o
                0x9d000d28                xTaskCreate

.text.pvPortMalloc
                0x9d000de8       0xb8
 .text.pvPortMalloc
                0x9d000de8       0xb8 build/default/debug/_ext/38950237/heap_1.o
                0x9d000de8                pvPortMalloc

.text           0x9d000ea0       0xa8
 .text          0x9d000ea0       0xa8 c:/program files (x86)/microchip/xc32/v1.42/bin/bin/../../lib/gcc/pic32mx/4.8.3/../../../../pic32mx/lib\libpic32.a(memset.o)
                0x9d000ea0                memset

.text.prvInitialiseTaskLists
                0x9d000f48       0x90
 .text.prvInitialiseTaskLists
                0x9d000f48       0x90 build/default/debug/_ext/207208378/tasks.o
                0x9d000f48                prvInitialiseTaskLists

.text.prvCheckTasksWaitingTermination
                0x9d000fd8       0x90
 .text.prvCheckTasksWaitingTermination
                0x9d000fd8       0x90 build/default/debug/_ext/207208378/tasks.o
                0x9d000fd8                prvCheckTasksWaitingTermination

.text.vTaskStartScheduler
                0x9d001068       0x80
 .text.vTaskStartScheduler
                0x9d001068       0x80 build/default/debug/_ext/207208378/tasks.o
                0x9d001068                vTaskStartScheduler

.dinit          0x9d0010e8       0x70
 .dinit         0x9d0010e8       0x70 data_init

.text.vApplicationSetupTickTimerInterrupt
                0x9d001158       0x6c
 .text.vApplicationSetupTickTimerInterrupt
                0x9d001158       0x6c build/default/debug/_ext/833221424/port.o
                0x9d001158                vApplicationSetupTickTimerInterrupt

.text.vTaskExitCritical
                0x9d0011c4       0x68
 .text.vTaskExitCritical
                0x9d0011c4       0x68 build/default/debug/_ext/207208378/tasks.o
                0x9d0011c4                vTaskExitCritical

.text.SYS_Tasks
                0x9d00122c       0x68
 .text.SYS_Tasks
                0x9d00122c       0x68 build/default/debug/_ext/1688732426/system_tasks.o
                0x9d00122c                SYS_Tasks

.text.xPortStartScheduler
                0x9d001294       0x5c
 .text.xPortStartScheduler
                0x9d001294       0x5c build/default/debug/_ext/833221424/port.o
                0x9d001294                xPortStartScheduler

.text.SYS_Initialize
                0x9d0012f0       0x5c
 .text.SYS_Initialize
                0x9d0012f0       0x5c build/default/debug/_ext/1688732426/system_init.o
                0x9d0012f0                SYS_Initialize

.text.SYS_DEVCON_SystemUnlock
                0x9d00134c       0x58
 .text.SYS_DEVCON_SystemUnlock
                0x9d00134c       0x58 build/default/debug/_ext/220938215/sys_devcon.o
                0x9d00134c                SYS_DEVCON_SystemUnlock

.text.SYS_CLK_Initialize
                0x9d0013a4       0x58
 .text.SYS_CLK_Initialize
                0x9d0013a4       0x58 build/default/debug/_ext/639803181/sys_clk_static.o
                0x9d0013a4                SYS_CLK_Initialize

.text.main_entry
                0x9d0013fc       0x54
 .text.main_entry
                0x9d0013fc       0x54 c:/program files (x86)/microchip/xc32/v1.42/bin/bin/../../lib/gcc/pic32mx/4.8.3/../../../../pic32mx/lib/./proc/32MX795F512L/crt0_mips32r2.o
                0x9d001430                __crt0_exit

.text.pxPortInitialiseStack
                0x9d001450       0x54
 .text.pxPortInitialiseStack
                0x9d001450       0x54 build/default/debug/_ext/833221424/port.o
                0x9d001450                pxPortInitialiseStack

.text.vPortIncrementTick
                0x9d0014a4       0x54
 .text.vPortIncrementTick
                0x9d0014a4       0x54 build/default/debug/_ext/833221424/port.o
                0x9d0014a4                vPortIncrementTick

.text.vTaskEnterCritical
                0x9d0014f8       0x50
 .text.vTaskEnterCritical
                0x9d0014f8       0x50 build/default/debug/_ext/207208378/tasks.o
                0x9d0014f8                vTaskEnterCritical

.text.SYS_DEVCON_SystemLock
                0x9d001548       0x48
 .text.SYS_DEVCON_SystemLock
                0x9d001548       0x48 build/default/debug/_ext/220938215/sys_devcon.o
                0x9d001548                SYS_DEVCON_SystemLock

.text._bootstrap_exception_handler
                0x9d001590       0x48
 .text._bootstrap_exception_handler
                0x9d001590       0x48 c:/program files (x86)/microchip/xc32/v1.42/bin/bin/../../lib/gcc/pic32mx/4.8.3/../../../../pic32mx/lib\libpic32.a(default-bootstrap-exception-handler.o)
                0x9d001590                _bootstrap_exception_handler

.vector_default
                0x9d0015d8       0x48
 .vector_default
                0x9d0015d8       0x48 c:/program files (x86)/microchip/xc32/v1.42/bin/bin/../../lib/gcc/pic32mx/4.8.3/../../../../pic32mx/lib\libpic32.a(defaultinterrupt.o)
                0x9d0015d8                _DefaultInterrupt

.text.uxListRemove
                0x9d001620       0x44
 .text.uxListRemove
                0x9d001620       0x44 build/default/debug/_ext/207208378/list.o
                0x9d001620                uxListRemove

.text._general_exception_handler
                0x9d001664       0x44
 .text._general_exception_handler
                0x9d001664       0x44 build/default/debug/_ext/1688732426/system_exceptions.o
                0x9d001664                _general_exception_handler

.text           0x9d0016a8       0x44
 .text          0x9d0016a8       0x44 c:/program files (x86)/microchip/xc32/v1.42/bin/bin/../../lib/gcc/pic32mx/4.8.3/../../../../pic32mx/lib\pic32_software_reset.o
                0x9d0016a8                __pic32_software_reset

.text.prvIdleTask
                0x9d0016ec       0x40
 .text.prvIdleTask
                0x9d0016ec       0x40 build/default/debug/_ext/207208378/tasks.o
                0x9d0016ec                prvIdleTask

.text.SYS_PORTS_Initialize
                0x9d00172c       0x40
 .text.SYS_PORTS_Initialize
                0x9d00172c       0x40 build/default/debug/_ext/822048611/sys_ports_static.o
                0x9d00172c                SYS_PORTS_Initialize

.text.uxPortSetInterruptMaskFromISR
                0x9d00176c       0x3c
 .text.uxPortSetInterruptMaskFromISR
                0x9d00176c       0x3c build/default/debug/_ext/833221424/port.o
                0x9d00176c                uxPortSetInterruptMaskFromISR

.text.prvResetNextTaskUnblockTime
                0x9d0017a8       0x38
 .text.prvResetNextTaskUnblockTime
                0x9d0017a8       0x38 build/default/debug/_ext/207208378/tasks.o
                0x9d0017a8                prvResetNextTaskUnblockTime

.text.vListInsertEnd
                0x9d0017e0       0x30
 .text.vListInsertEnd
                0x9d0017e0       0x30 build/default/debug/_ext/207208378/list.o
                0x9d0017e0                vListInsertEnd

.text.prvDeleteTCB
                0x9d001810       0x30
 .text.prvDeleteTCB
                0x9d001810       0x30 build/default/debug/_ext/207208378/tasks.o
                0x9d001810                prvDeleteTCB

.text.prvTaskExitError
                0x9d001840       0x2c
 .text.prvTaskExitError
                0x9d001840       0x2c build/default/debug/_ext/833221424/port.o

.text.vApplicationStackOverflowHook
                0x9d00186c       0x2c
 .text.vApplicationStackOverflowHook
                0x9d00186c       0x2c build/default/debug/_ext/1688732426/rtos_hooks.o
                0x9d00186c                vApplicationStackOverflowHook

.text.vApplicationMallocFailedHook
                0x9d001898       0x2c
 .text.vApplicationMallocFailedHook
                0x9d001898       0x2c build/default/debug/_ext/1688732426/rtos_hooks.o
                0x9d001898                vApplicationMallocFailedHook

.text.vListInitialise
                0x9d0018c4       0x20
 .text.vListInitialise
                0x9d0018c4       0x20 build/default/debug/_ext/207208378/list.o
                0x9d0018c4                vListInitialise

.text.main      0x9d0018e4       0x20
 .text.main     0x9d0018e4       0x20 build/default/debug/_ext/1360937237/main.o
                0x9d0018e4                main

.text.SYS_DEVCON_JTAGDisable
                0x9d001904       0x1c
 .text.SYS_DEVCON_JTAGDisable
                0x9d001904       0x1c build/default/debug/_ext/220938215/sys_devcon.o
                0x9d001904                SYS_DEVCON_JTAGDisable

.rodata         0x9d001920       0x1c
 .rodata        0x9d001920       0x1c build/default/debug/_ext/1688732426/system_tasks.o

.text.SYS_INT_Initialize
                0x9d00193c       0x18
 .text.SYS_INT_Initialize
                0x9d00193c       0x18 build/default/debug/_ext/1272805407/sys_int_pic32.o
                0x9d00193c                SYS_INT_Initialize

.text.APPMS1_Tasks
                0x9d001954       0x18
 .text.APPMS1_Tasks
                0x9d001954       0x18 build/default/debug/_ext/1360937237/appMS1.o
                0x9d001954                APPMS1_Tasks

.text._APPMS1_Tasks
                0x9d00196c       0x18
 .text._APPMS1_Tasks
                0x9d00196c       0x18 build/default/debug/_ext/1688732426/system_tasks.o

.text._SYS_Tasks
                0x9d001984       0x18
 .text._SYS_Tasks
                0x9d001984       0x18 build/default/debug/_ext/1688732426/system_tasks.o

.text           0x9d00199c       0x18
 .text          0x9d00199c       0x18 c:/program files (x86)/microchip/xc32/v1.42/bin/bin/../../lib/gcc/pic32mx/4.8.3/../../../../pic32mx/lib\libpic32.a(default-nmi-handler.o)
                0x9d00199c                _nmi_handler

.text.SYS_DEVCON_Initialize
                0x9d0019b4       0x14
 .text.SYS_DEVCON_Initialize
                0x9d0019b4       0x14 build/default/debug/_ext/220938215/sys_devcon.o
                0x9d0019b4                SYS_DEVCON_Initialize

.text.vTaskSuspendAll
                0x9d0019c8       0x14
 .text.vTaskSuspendAll
                0x9d0019c8       0x14 build/default/debug/_ext/207208378/tasks.o
                0x9d0019c8                vTaskSuspendAll

.text.__exception_handler_break
                0x9d0019dc        0xc
 .text.__exception_handler_break
                0x9d0019dc        0xc c:/program files (x86)/microchip/xc32/v1.42/bin/bin/../../lib/gcc/pic32mx/4.8.3/../../../../pic32mx/lib\software-debug-break.o
                0x9d0019dc                __exception_handler_break

.text.SYS_CLK_SystemFrequencyGet
                0x9d0019e8        0xc
 .text.SYS_CLK_SystemFrequencyGet
                0x9d0019e8        0xc build/default/debug/_ext/639803181/sys_clk_static.o
                0x9d0019e8                SYS_CLK_SystemFrequencyGet

.text.SYS_DEVCON_Tasks
                0x9d0019f4        0x8
 .text.SYS_DEVCON_Tasks
                0x9d0019f4        0x8 build/default/debug/_ext/220938215/sys_devcon.o
                0x9d0019f4                SYS_DEVCON_Tasks

.text.vListInitialiseItem
                0x9d0019fc        0x8
 .text.vListInitialiseItem
                0x9d0019fc        0x8 build/default/debug/_ext/207208378/list.o
                0x9d0019fc                vListInitialiseItem

.rodata         0x9d001a04        0x8
 .rodata        0x9d001a04        0x8 build/default/debug/_ext/207208378/tasks.o

.text.vPortFree
                0x9d001a0c        0x8
 .text.vPortFree
                0x9d001a0c        0x8 build/default/debug/_ext/38950237/heap_1.o
                0x9d001a0c                vPortFree

.text.APPMS1_Initialize
                0x9d001a14        0x8
 .text.APPMS1_Initialize
                0x9d001a14        0x8 build/default/debug/_ext/1360937237/appMS1.o
                0x9d001a14                APPMS1_Initialize

.text._on_reset
                0x9d001a1c        0x8
 .text._on_reset
                0x9d001a1c        0x8 c:/program files (x86)/microchip/xc32/v1.42/bin/bin/../../lib/gcc/pic32mx/4.8.3/../../../../pic32mx/lib\libpic32.a(default-on-reset.o)
                0x9d001a1c                _on_reset

.text._on_bootstrap
                0x9d001a24        0x8
 .text._on_bootstrap
                0x9d001a24        0x8 c:/program files (x86)/microchip/xc32/v1.42/bin/bin/../../lib/gcc/pic32mx/4.8.3/../../../../pic32mx/lib\libpic32.a(default-on-bootstrap.o)
                0x9d001a24                _on_bootstrap

.rodata         0x9d001a2c        0x8
 .rodata        0x9d001a2c        0x4 build/default/debug/_ext/833221424/port.o
                0x9d001a2c                xISRStackTop
 .rodata        0x9d001a30        0x4 build/default/debug/_ext/1688732426/system_init.o
                0x9d001a30                sysDevconInit
