
Optional file libmchp_peripheral.a not found

Optional file libmchp_peripheral_32MX795F512L.a not found
Archive member included because of file (symbol)

c:/program files (x86)/microchip/xc32/v1.40/bin/bin/../../lib/gcc/pic32mx/4.8.3/../../../../pic32mx/lib\libpic32.a(memset.o)
                              build/default/debug/_ext/1128951024/tasks.o (memset)
c:/program files (x86)/microchip/xc32/v1.40/bin/bin/../../lib/gcc/pic32mx/4.8.3/../../../../pic32mx/lib\libpic32.a(default-bootstrap-exception-handler.o)
                              c:/program files (x86)/microchip/xc32/v1.40/bin/bin/../../lib/gcc/pic32mx/4.8.3/../../../../pic32mx/lib/./proc/32MX795F512L/crt0_mips32r2.o (_bootstrap_exception_handler)
c:/program files (x86)/microchip/xc32/v1.40/bin/bin/../../lib/gcc/pic32mx/4.8.3/../../../../pic32mx/lib\libpic32.a(default-on-reset.o)
                              c:/program files (x86)/microchip/xc32/v1.40/bin/bin/../../lib/gcc/pic32mx/4.8.3/../../../../pic32mx/lib/./proc/32MX795F512L/crt0_mips32r2.o (_on_reset)
c:/program files (x86)/microchip/xc32/v1.40/bin/bin/../../lib/gcc/pic32mx/4.8.3/../../../../pic32mx/lib\libpic32.a(default-on-bootstrap.o)
                              c:/program files (x86)/microchip/xc32/v1.40/bin/bin/../../lib/gcc/pic32mx/4.8.3/../../../../pic32mx/lib/./proc/32MX795F512L/crt0_mips32r2.o (_on_bootstrap)
c:/program files (x86)/microchip/xc32/v1.40/bin/bin/../../lib/gcc/pic32mx/4.8.3/../../../../pic32mx/lib\libpic32.a(default-nmi-handler.o)
                              c:/program files (x86)/microchip/xc32/v1.40/bin/bin/../../lib/gcc/pic32mx/4.8.3/../../../../pic32mx/lib/./proc/32MX795F512L/crt0_mips32r2.o (_nmi_handler)
c:/program files (x86)/microchip/xc32/v1.40/bin/bin/../../lib/gcc/pic32mx/4.8.3/../../../../pic32mx/lib\libpic32.a(general-exception.o)
                              c:/program files (x86)/microchip/xc32/v1.40/bin/bin/../../lib/gcc/pic32mx/4.8.3/../../../../pic32mx/lib/./proc/32MX795F512L/crt0_mips32r2.o (_general_exception_context)
c:/program files (x86)/microchip/xc32/v1.40/bin/bin/../../lib/gcc/pic32mx/4.8.3/../../../../pic32mx/lib\libpic32.a(vector0.o)
                              c:/program files (x86)/microchip/xc32/v1.40/bin/bin/../../lib/gcc/pic32mx/4.8.3/../../../../pic32mx/lib/./proc/32MX795F512L\default_isr_vectors.o (__vector_dispatch_0)
c:/program files (x86)/microchip/xc32/v1.40/bin/bin/../../lib/gcc/pic32mx/4.8.3/../../../../pic32mx/lib\libpic32.a(vector2.o)
                              c:/program files (x86)/microchip/xc32/v1.40/bin/bin/../../lib/gcc/pic32mx/4.8.3/../../../../pic32mx/lib/./proc/32MX795F512L\default_isr_vectors.o (__vector_dispatch_2)
c:/program files (x86)/microchip/xc32/v1.40/bin/bin/../../lib/gcc/pic32mx/4.8.3/../../../../pic32mx/lib\libpic32.a(vector3.o)
                              c:/program files (x86)/microchip/xc32/v1.40/bin/bin/../../lib/gcc/pic32mx/4.8.3/../../../../pic32mx/lib/./proc/32MX795F512L\default_isr_vectors.o (__vector_dispatch_3)
c:/program files (x86)/microchip/xc32/v1.40/bin/bin/../../lib/gcc/pic32mx/4.8.3/../../../../pic32mx/lib\libpic32.a(vector5.o)
                              c:/program files (x86)/microchip/xc32/v1.40/bin/bin/../../lib/gcc/pic32mx/4.8.3/../../../../pic32mx/lib/./proc/32MX795F512L\default_isr_vectors.o (__vector_dispatch_5)
c:/program files (x86)/microchip/xc32/v1.40/bin/bin/../../lib/gcc/pic32mx/4.8.3/../../../../pic32mx/lib\libpic32.a(vector6.o)
                              c:/program files (x86)/microchip/xc32/v1.40/bin/bin/../../lib/gcc/pic32mx/4.8.3/../../../../pic32mx/lib/./proc/32MX795F512L\default_isr_vectors.o (__vector_dispatch_6)
c:/program files (x86)/microchip/xc32/v1.40/bin/bin/../../lib/gcc/pic32mx/4.8.3/../../../../pic32mx/lib\libpic32.a(vector7.o)
                              c:/program files (x86)/microchip/xc32/v1.40/bin/bin/../../lib/gcc/pic32mx/4.8.3/../../../../pic32mx/lib/./proc/32MX795F512L\default_isr_vectors.o (__vector_dispatch_7)
c:/program files (x86)/microchip/xc32/v1.40/bin/bin/../../lib/gcc/pic32mx/4.8.3/../../../../pic32mx/lib\libpic32.a(vector9.o)
                              c:/program files (x86)/microchip/xc32/v1.40/bin/bin/../../lib/gcc/pic32mx/4.8.3/../../../../pic32mx/lib/./proc/32MX795F512L\default_isr_vectors.o (__vector_dispatch_9)
c:/program files (x86)/microchip/xc32/v1.40/bin/bin/../../lib/gcc/pic32mx/4.8.3/../../../../pic32mx/lib\libpic32.a(vector10.o)
                              c:/program files (x86)/microchip/xc32/v1.40/bin/bin/../../lib/gcc/pic32mx/4.8.3/../../../../pic32mx/lib/./proc/32MX795F512L\default_isr_vectors.o (__vector_dispatch_10)
c:/program files (x86)/microchip/xc32/v1.40/bin/bin/../../lib/gcc/pic32mx/4.8.3/../../../../pic32mx/lib\libpic32.a(vector11.o)
                              c:/program files (x86)/microchip/xc32/v1.40/bin/bin/../../lib/gcc/pic32mx/4.8.3/../../../../pic32mx/lib/./proc/32MX795F512L\default_isr_vectors.o (__vector_dispatch_11)
[...]
Memory Configuration

Name             Origin             Length             Attributes
kseg0_data_mem   0x80000000         0x00000200
kseg1_data_mem   0xa0000000         0x00020000         w !x
kseg0_boot_mem   0x9fc00490         0x00000970
kseg1_boot_mem   0xbfc00000         0x00000490
kseg0_program_mem 0x9d000000         0x00080000         xr
exception_mem    0x9fc01000         0x00001000
debug_exec_mem   0xbfc02000         0x00000ff0
config3          0xbfc02ff0         0x00000004
config2          0xbfc02ff4         0x00000004
config1          0xbfc02ff8         0x00000004
config0          0xbfc02ffc         0x00000004
sfrs             0xbf800000         0x00100000
configsfrs       0xbfc02ff0         0x00000010
*default*        0x00000000         0xffffffff

Linker script and memory map


reserve_data_0_kseg0
                0x80000000      0x200
                0x80000000        0x2 SHORT 0x0
                0x000001fd                . = 0x1fd
 *fill*         0x80000002      0x1fb 
                0x80000200                . = ALIGN (0x4)
 *fill*         0x800001fd        0x3 

reserve_data_0_kseg1
                0xa0000000      0x200
                0xa0000000        0x2 SHORT 0x0
                0x000001fd                . = 0x1fd
 *fill*         0xa0000002      0x1fb 
                0xa0000200                . = ALIGN (0x4)
 *fill*         0xa00001fd        0x3 

reserve_boot_0x1fc02000_kseg0
                0x9fc02000      0xff0
                0x9fc02000        0x2 SHORT 0x0
                0x00000500                . = 0x500
 *fill*         0x9fc02002      0x4fe 
                0x9fc02500                . = ALIGN (0x4)
                0x9fc02500        0x2 SHORT 0x0
                0x00000ff0                . = 0xff0
 *fill*         0x9fc02502      0xaee 
                0x9fc02ff0                . = ALIGN (0x4)

reserve_boot_0x1fc02000_kseg1
                0xbfc02000      0xff0
                0xbfc02000        0x2 SHORT 0x0
                0x00000500                . = 0x500
 *fill*         0xbfc02002      0x4fe 
                0xbfc02500                . = ALIGN (0x4)
                0xbfc02500        0x2 SHORT 0x0
                0x00000ff0                . = 0xff0
 *fill*         0xbfc02502      0xaee 
                0xbfc02ff0                . = ALIGN (0x4)
LOAD c:/program files (x86)/microchip/xc32/v1.40/bin/bin/../../lib/gcc/pic32mx/4.8.3/../../../../pic32mx/lib/./proc/32MX795F512L/crt0_mips32r2.o
LOAD c:/program files (x86)/microchip/xc32/v1.40/bin/bin/../../lib/gcc/pic32mx/4.8.3/../../../../pic32mx/lib\software-debug-break.o
LOAD build/default/debug/_ext/822048611/sys_ports_static.o
LOAD build/default/debug/_ext/1688732426/system_init.o
LOAD build/default/debug/_ext/1360937237/main.o
LOAD build/default/debug/_ext/1688732426/system_interrupt_a.o
LOAD build/default/debug/_ext/1407244131/drv_tmr_mapping.o
LOAD build/default/debug/_ext/1688732426/system_exceptions.o
LOAD build/default/debug/_ext/1688732426/system_tasks.o
LOAD build/default/debug/_ext/1360937237/appMS1.o
LOAD build/default/debug/_ext/1407244131/drv_tmr_static.o
LOAD build/default/debug/_ext/1688732426/system_interrupt.o
LOAD build/default/debug/_ext/1688732426/rtos_hooks.o
LOAD build/default/debug/_ext/639803181/sys_clk_static.o
LOAD build/default/debug/_ext/260586732/drv_usart_byte_model.o
LOAD build/default/debug/_ext/1128951024/croutine.o
LOAD build/default/debug/_ext/12131622/port_asm.o
LOAD build/default/debug/_ext/122796885/sys_int_pic32.o
LOAD build/default/debug/_ext/12131622/port.o
LOAD build/default/debug/_ext/1856876499/heap_1.o
LOAD build/default/debug/_ext/1128951024/list.o
LOAD build/default/debug/_ext/1271179505/sys_devcon.o
LOAD build/default/debug/_ext/24337685/osal_freertos.o
LOAD build/default/debug/_ext/1128951024/tasks.o
LOAD build/default/debug/_ext/260586732/drv_usart.o
LOAD build/default/debug/_ext/1128951024/event_groups.o
LOAD build/default/debug/_ext/1271179505/sys_devcon_pic32mx.o
LOAD build/default/debug/_ext/1128951024/timers.o
LOAD build/default/debug/_ext/1128951024/queue.o
LOAD build/default/debug/_ext/1360937237/debug.o
LOAD ..\..\..\..\bin\framework\peripheral\PIC32MX795F512L_peripherals.a
                0x00000001                __MPLAB_BUILD = 0x1
                0x00000001                __MPLAB_DEBUG = 0x1
                0x00000001                __DEBUG = 0x1
                0x00000001                __MPLAB_DEBUGGER_PK3 = 0x1
                0x00000000                _min_heap_size = 0x0
LOAD c:/program files (x86)/microchip/xc32/v1.40/bin/bin/../../lib/gcc/pic32mx/4.8.3/../../../../pic32mx/lib/./proc/32MX795F512L\default_isr_vectors.o
LOAD c:/program files (x86)/microchip/xc32/v1.40/bin/bin/../../lib/gcc/pic32mx/4.8.3/../../../../pic32mx/lib\pic32_software_reset.o
                0x00000400                PROVIDE (_min_stack_size, 0x400)
LOAD c:/program files (x86)/microchip/xc32/v1.40/bin/bin/../../lib/gcc/pic32mx/4.8.3/../../../../pic32mx/lib/./proc/32MX795F512L\processor.o
START GROUP
LOAD libmchp_peripheral.a
END GROUP
START GROUP
LOAD libmchp_peripheral_32MX795F512L.a
END GROUP
                0x00000001                PROVIDE (_vector_spacing, 0x1)
                0x9fc01000                _ebase_address = 0x9fc01000
                0xbfc00000                _RESET_ADDR = 0xbfc00000
                0xbfc00380                _BEV_EXCPT_ADDR = 0xbfc00380
                0xbfc00480                _DBG_EXCPT_ADDR = 0xbfc00480
                0xbfc02000                _DBG_CODE_ADDR = 0xbfc02000
                0x00000ff0                _DBG_CODE_SIZE = 0xff0
                0x9fc01180                _GEN_EXCPT_ADDR = (_ebase_address + 0x180)

.config_BFC02FF0
                0xbfc02ff0        0x4
 *(.config_BFC02FF0)
 .config_BFC02FF0
                0xbfc02ff0        0x4 build/default/debug/_ext/1688732426/system_init.o

.config_BFC02FF4
                0xbfc02ff4        0x4
 *(.config_BFC02FF4)
 .config_BFC02FF4
                0xbfc02ff4        0x4 build/default/debug/_ext/1688732426/system_init.o

.config_BFC02FF8
                0xbfc02ff8        0x4
 *(.config_BFC02FF8)
 .config_BFC02FF8
                0xbfc02ff8        0x4 build/default/debug/_ext/1688732426/system_init.o

.config_BFC02FFC
                0xbfc02ffc        0x4
 *(.config_BFC02FFC)
 .config_BFC02FFC
                0xbfc02ffc        0x4 build/default/debug/_ext/1688732426/system_init.o
                0xbfc02000                PROVIDE (_DBG_CODE_ADDR, 0xbfc02000)
                0x00000ff0                PROVIDE (_DBG_CODE_SIZE, 0xff0)

.reset          0xbfc00000      0x1f4
 *(.reset)
 .reset         0xbfc00000        0x8 c:/program files (x86)/microchip/xc32/v1.40/bin/bin/../../lib/gcc/pic32mx/4.8.3/../../../../pic32mx/lib/./proc/32MX795F512L/crt0_mips32r2.o
                0xbfc00000                _reset
 *(.reset.startup)
 .reset.startup
                0xbfc00008      0x1ec c:/program files (x86)/microchip/xc32/v1.40/bin/bin/../../lib/gcc/pic32mx/4.8.3/../../../../pic32mx/lib/./proc/32MX795F512L/crt0_mips32r2.o

.bev_excpt      0xbfc00380       0x10
 *(.bev_handler)
 .bev_handler   0xbfc00380       0x10 c:/program files (x86)/microchip/xc32/v1.40/bin/bin/../../lib/gcc/pic32mx/4.8.3/../../../../pic32mx/lib/./proc/32MX795F512L/crt0_mips32r2.o

.dbg_excpt      0xbfc00480        0x0
                0xbfc00480                . = (. + DEFINED (_DEBUGGER)?0x8:0x0)

.dbg_code       0xbfc02000        0x0
                0xbfc02000                . = (. + DEFINED (_DEBUGGER)?_DBG_CODE_SIZE:0x0)

.app_excpt      0x9fc01180       0x10
 *(.gen_handler)
 .gen_handler   0x9fc01180       0x10 c:/program files (x86)/microchip/xc32/v1.40/bin/bin/../../lib/gcc/pic32mx/4.8.3/../../../../pic32mx/lib/./proc/32MX795F512L/crt0_mips32r2.o

.vector_0       0x9fc01200        0x8
 *(.vector_0)
 .vector_0      0x9fc01200        0x8 c:/program files (x86)/microchip/xc32/v1.40/bin/bin/../../lib/gcc/pic32mx/4.8.3/../../../../pic32mx/lib\libpic32.a(vector0.o)
                0x9fc01200                __vector_dispatch_0
                0x00000001                ASSERT (((_vector_spacing == 0x0) || (SIZEOF (.vector_0) <= (_vector_spacing << 0x5))), function at exception vector 0 too large)

.vector_1       0x9fc01220        0x8
 *(.vector_1)
 .vector_1      0x9fc01220        0x8 build/default/debug/_ext/12131622/port.o
                0x9fc01220                __vector_dispatch_1
                0x00000001                ASSERT (((_vector_spacing == 0x0) || (SIZEOF (.vector_1) <= (_vector_spacing << 0x5))), function at exception vector 1 too large)

.vector_2       0x9fc01240        0x8
 *(.vector_2)
 .vector_2      0x9fc01240        0x8 c:/program files (x86)/microchip/xc32/v1.40/bin/bin/../../lib/gcc/pic32mx/4.8.3/../../../../pic32mx/lib\libpic32.a(vector2.o)
                0x9fc01240                __vector_dispatch_2
                0x00000001                ASSERT (((_vector_spacing == 0x0) || (SIZEOF (.vector_2) <= (_vector_spacing << 0x5))), function at exception vector 2 too large)

.vector_3       0x9fc01260        0x8
 *(.vector_3)
 .vector_3      0x9fc01260        0x8 c:/program files (x86)/microchip/xc32/v1.40/bin/bin/../../lib/gcc/pic32mx/4.8.3/../../../../pic32mx/lib\libpic32.a(vector3.o)
                0x9fc01260                __vector_dispatch_3
                0x00000001                ASSERT (((_vector_spacing == 0x0) || (SIZEOF (.vector_3) <= (_vector_spacing << 0x5))), function at exception vector 3 too large)

.vector_4       0x9fc01280        0x8
 *(.vector_4)
 .vector_4      0x9fc01280        0x8 build/default/debug/_ext/12131622/port.o
                0x9fc01280                __vector_dispatch_4
                0x00000001                ASSERT (((_vector_spacing == 0x0) || (SIZEOF (.vector_4) <= (_vector_spacing << 0x5))), function at exception vector 4 too large)

.vector_5       0x9fc012a0        0x8
 *(.vector_5)
 .vector_5      0x9fc012a0        0x8 c:/program files (x86)/microchip/xc32/v1.40/bin/bin/../../lib/gcc/pic32mx/4.8.3/../../../../pic32mx/lib\libpic32.a(vector5.o)
                0x9fc012a0                __vector_dispatch_5
                0x00000001                ASSERT (((_vector_spacing == 0x0) || (SIZEOF (.vector_5) <= (_vector_spacing << 0x5))), function at exception vector 5 too large)

.vector_6       0x9fc012c0        0x8
 *(.vector_6)
 .vector_6      0x9fc012c0        0x8 c:/program files (x86)/microchip/xc32/v1.40/bin/bin/../../lib/gcc/pic32mx/4.8.3/../../../../pic32mx/lib\libpic32.a(vector6.o)
                0x9fc012c0                __vector_dispatch_6
                0x00000001                ASSERT (((_vector_spacing == 0x0) || (SIZEOF (.vector_6) <= (_vector_spacing << 0x5))), function at exception vector 6 too large)

.vector_7       0x9fc012e0        0x8
 *(.vector_7)
 .vector_7      0x9fc012e0        0x8 c:/program files (x86)/microchip/xc32/v1.40/bin/bin/../../lib/gcc/pic32mx/4.8.3/../../../../pic32mx/lib\libpic32.a(vector7.o)
                0x9fc012e0                __vector_dispatch_7
                0x00000001                ASSERT (((_vector_spacing == 0x0) || (SIZEOF (.vector_7) <= (_vector_spacing << 0x5))), function at exception vector 7 too large)

.vector_8       0x9fc01300       0x10
 *(.vector_8)
 .vector_8      0x9fc01300       0x10 build/default/debug/_ext/1688732426/system_interrupt_a.o
                0x9fc01300                __vector_dispatch_8
                0x00000001                ASSERT (((_vector_spacing == 0x0) || (SIZEOF (.vector_8) <= (_vector_spacing << 0x5))), function at exception vector 8 too large)

.vector_9       0x9fc01320        0x8
 *(.vector_9)
 .vector_9      0x9fc01320        0x8 c:/program files (x86)/microchip/xc32/v1.40/bin/bin/../../lib/gcc/pic32mx/4.8.3/../../../../pic32mx/lib\libpic32.a(vector9.o)
                0x9fc01320                __vector_dispatch_9
                0x00000001                ASSERT (((_vector_spacing == 0x0) || (SIZEOF (.vector_9) <= (_vector_spacing << 0x5))), function at exception vector 9 too large)

.vector_10      0x9fc01340        0x8
 *(.vector_10)
 .vector_10     0x9fc01340        0x8 c:/program files (x86)/microchip/xc32/v1.40/bin/bin/../../lib/gcc/pic32mx/4.8.3/../../../../pic32mx/lib\libpic32.a(vector10.o)
                0x9fc01340                __vector_dispatch_10
                0x00000001                ASSERT (((_vector_spacing == 0x0) || (SIZEOF (.vector_10) <= (_vector_spacing << 0x5))), function at exception vector 10 too large)

.vector_11      0x9fc01360        0x8
 *(.vector_11)
 .vector_11     0x9fc01360        0x8 c:/program files (x86)/microchip/xc32/v1.40/bin/bin/../../lib/gcc/pic32mx/4.8.3/../../../../pic32mx/lib\libpic32.a(vector11.o)
                0x9fc01360                __vector_dispatch_11
                0x00000001                ASSERT (((_vector_spacing == 0x0) || (SIZEOF (.vector_11) <= (_vector_spacing << 0x5))), function at exception vector 11 too large)

.vector_12      0x9fc01380        0x8
 *(.vector_12)
 .vector_12     0x9fc01380        0x8 c:/program files (x86)/microchip/xc32/v1.40/bin/bin/../../lib/gcc/pic32mx/4.8.3/../../../../pic32mx/lib\libpic32.a(vector12.o)
                0x9fc01380                __vector_dispatch_12
                0x00000001                ASSERT (((_vector_spacing == 0x0) || (SIZEOF (.vector_12) <= (_vector_spacing << 0x5))), function at exception vector 12 too large)

.vector_13      0x9fc013a0        0x8
 *(.vector_13)
 .vector_13     0x9fc013a0        0x8 c:/program files (x86)/microchip/xc32/v1.40/bin/bin/../../lib/gcc/pic32mx/4.8.3/../../../../pic32mx/lib\libpic32.a(vector13.o)
                0x9fc013a0                __vector_dispatch_13
                0x00000001                ASSERT (((_vector_spacing == 0x0) || (SIZEOF (.vector_13) <= (_vector_spacing << 0x5))), function at exception vector 13 too large)

.vector_14      0x9fc013c0        0x8
 *(.vector_14)
 .vector_14     0x9fc013c0        0x8 c:/program files (x86)/microchip/xc32/v1.40/bin/bin/../../lib/gcc/pic32mx/4.8.3/../../../../pic32mx/lib\libpic32.a(vector14.o)
                0x9fc013c0                __vector_dispatch_14
                0x00000001                ASSERT (((_vector_spacing == 0x0) || (SIZEOF (.vector_14) <= (_vector_spacing << 0x5))), function at exception vector 14 too large)

.vector_15      0x9fc013e0        0x8
 *(.vector_15)
 .vector_15     0x9fc013e0        0x8 c:/program files (x86)/microchip/xc32/v1.40/bin/bin/../../lib/gcc/pic32mx/4.8.3/../../../../pic32mx/lib\libpic32.a(vector15.o)
                0x9fc013e0                __vector_dispatch_15
                0x00000001                ASSERT (((_vector_spacing == 0x0) || (SIZEOF (.vector_15) <= (_vector_spacing << 0x5))), function at exception vector 15 too large)

.vector_16      0x9fc01400        0x8
 *(.vector_16)
 .vector_16     0x9fc01400        0x8 c:/program files (x86)/microchip/xc32/v1.40/bin/bin/../../lib/gcc/pic32mx/4.8.3/../../../../pic32mx/lib\libpic32.a(vector16.o)
                0x9fc01400                __vector_dispatch_16
                0x00000001                ASSERT (((_vector_spacing == 0x0) || (SIZEOF (.vector_16) <= (_vector_spacing << 0x5))), function at exception vector 16 too large)

.vector_17      0x9fc01420        0x8
 *(.vector_17)
 .vector_17     0x9fc01420        0x8 c:/program files (x86)/microchip/xc32/v1.40/bin/bin/../../lib/gcc/pic32mx/4.8.3/../../../../pic32mx/lib\libpic32.a(vector17.o)
                0x9fc01420                __vector_dispatch_17
                0x00000001                ASSERT (((_vector_spacing == 0x0) || (SIZEOF (.vector_17) <= (_vector_spacing << 0x5))), function at exception vector 17 too large)

.vector_18      0x9fc01440        0x8
 *(.vector_18)
 .vector_18     0x9fc01440        0x8 c:/program files (x86)/microchip/xc32/v1.40/bin/bin/../../lib/gcc/pic32mx/4.8.3/../../../../pic32mx/lib\libpic32.a(vector18.o)
                0x9fc01440                __vector_dispatch_18
                0x00000001                ASSERT (((_vector_spacing == 0x0) || (SIZEOF (.vector_18) <= (_vector_spacing << 0x5))), function at exception vector 18 too large)

.vector_19      0x9fc01460        0x8
 *(.vector_19)
 .vector_19     0x9fc01460        0x8 c:/program files (x86)/microchip/xc32/v1.40/bin/bin/../../lib/gcc/pic32mx/4.8.3/../../../../pic32mx/lib\libpic32.a(vector19.o)
                0x9fc01460                __vector_dispatch_19
                0x00000001                ASSERT (((_vector_spacing == 0x0) || (SIZEOF (.vector_19) <= (_vector_spacing << 0x5))), function at exception vector 19 too large)

.vector_20      0x9fc01480        0x8
 *(.vector_20)
 .vector_20     0x9fc01480        0x8 c:/program files (x86)/microchip/xc32/v1.40/bin/bin/../../lib/gcc/pic32mx/4.8.3/../../../../pic32mx/lib\libpic32.a(vector20.o)
                0x9fc01480                __vector_dispatch_20
                0x00000001                ASSERT (((_vector_spacing == 0x0) || (SIZEOF (.vector_20) <= (_vector_spacing << 0x5))), function at exception vector 20 too large)

.vector_21      0x9fc014a0        0x8
 *(.vector_21)
 .vector_21     0x9fc014a0        0x8 c:/program files (x86)/microchip/xc32/v1.40/bin/bin/../../lib/gcc/pic32mx/4.8.3/../../../../pic32mx/lib\libpic32.a(vector21.o)
                0x9fc014a0                __vector_dispatch_21
                0x00000001                ASSERT (((_vector_spacing == 0x0) || (SIZEOF (.vector_21) <= (_vector_spacing << 0x5))), function at exception vector 21 too large)

.vector_22      0x9fc014c0        0x8
 *(.vector_22)
 .vector_22     0x9fc014c0        0x8 c:/program files (x86)/microchip/xc32/v1.40/bin/bin/../../lib/gcc/pic32mx/4.8.3/../../../../pic32mx/lib\libpic32.a(vector22.o)
                0x9fc014c0                __vector_dispatch_22
                0x00000001                ASSERT (((_vector_spacing == 0x0) || (SIZEOF (.vector_22) <= (_vector_spacing << 0x5))), function at exception vector 22 too large)

.vector_23      0x9fc014e0        0x8
 *(.vector_23)
 .vector_23     0x9fc014e0        0x8 c:/program files (x86)/microchip/xc32/v1.40/bin/bin/../../lib/gcc/pic32mx/4.8.3/../../../../pic32mx/lib\libpic32.a(vector23.o)
                0x9fc014e0                __vector_dispatch_23
                0x00000001                ASSERT (((_vector_spacing == 0x0) || (SIZEOF (.vector_23) <= (_vector_spacing << 0x5))), function at exception vector 23 too large)

.vector_24      0x9fc01500       0x10
 *(.vector_24)
 .vector_24     0x9fc01500       0x10 build/default/debug/_ext/1688732426/system_interrupt_a.o
                0x9fc01500                __vector_dispatch_24
                0x00000001                ASSERT (((_vector_spacing == 0x0) || (SIZEOF (.vector_24) <= (_vector_spacing << 0x5))), function at exception vector 24 too large)

.vector_25      0x9fc01520        0x8
 *(.vector_25)
 .vector_25     0x9fc01520        0x8 c:/program files (x86)/microchip/xc32/v1.40/bin/bin/../../lib/gcc/pic32mx/4.8.3/../../../../pic32mx/lib\libpic32.a(vector25.o)
                0x9fc01520                __vector_dispatch_25
                0x00000001                ASSERT (((_vector_spacing == 0x0) || (SIZEOF (.vector_25) <= (_vector_spacing << 0x5))), function at exception vector 25 too large)

.vector_26      0x9fc01540        0x8
 *(.vector_26)
 .vector_26     0x9fc01540        0x8 c:/program files (x86)/microchip/xc32/v1.40/bin/bin/../../lib/gcc/pic32mx/4.8.3/../../../../pic32mx/lib\libpic32.a(vector26.o)
                0x9fc01540                __vector_dispatch_26
                0x00000001                ASSERT (((_vector_spacing == 0x0) || (SIZEOF (.vector_26) <= (_vector_spacing << 0x5))), function at exception vector 26 too large)

.vector_27      0x9fc01560        0x8
 *(.vector_27)
 .vector_27     0x9fc01560        0x8 c:/program files (x86)/microchip/xc32/v1.40/bin/bin/../../lib/gcc/pic32mx/4.8.3/../../../../pic32mx/lib\libpic32.a(vector27.o)
                0x9fc01560                __vector_dispatch_27
                0x00000001                ASSERT (((_vector_spacing == 0x0) || (SIZEOF (.vector_27) <= (_vector_spacing << 0x5))), function at exception vector 27 too large)

.vector_28      0x9fc01580        0x8
 *(.vector_28)
 .vector_28     0x9fc01580        0x8 c:/program files (x86)/microchip/xc32/v1.40/bin/bin/../../lib/gcc/pic32mx/4.8.3/../../../../pic32mx/lib\libpic32.a(vector28.o)
                0x9fc01580                __vector_dispatch_28
                0x00000001                ASSERT (((_vector_spacing == 0x0) || (SIZEOF (.vector_28) <= (_vector_spacing << 0x5))), function at exception vector 28 too large)

.vector_29      0x9fc015a0        0x8
 *(.vector_29)
 .vector_29     0x9fc015a0        0x8 c:/program files (x86)/microchip/xc32/v1.40/bin/bin/../../lib/gcc/pic32mx/4.8.3/../../../../pic32mx/lib\libpic32.a(vector29.o)
                0x9fc015a0                __vector_dispatch_29
                0x00000001                ASSERT (((_vector_spacing == 0x0) || (SIZEOF (.vector_29) <= (_vector_spacing << 0x5))), function at exception vector 29 too large)

.vector_30      0x9fc015c0        0x8
 *(.vector_30)
 .vector_30     0x9fc015c0        0x8 c:/program files (x86)/microchip/xc32/v1.40/bin/bin/../../lib/gcc/pic32mx/4.8.3/../../../../pic32mx/lib\libpic32.a(vector30.o)
                0x9fc015c0                __vector_dispatch_30
                0x00000001                ASSERT (((_vector_spacing == 0x0) || (SIZEOF (.vector_30) <= (_vector_spacing << 0x5))), function at exception vector 30 too large)

.vector_31      0x9fc015e0        0x8
 *(.vector_31)
 .vector_31     0x9fc015e0        0x8 c:/program files (x86)/microchip/xc32/v1.40/bin/bin/../../lib/gcc/pic32mx/4.8.3/../../../../pic32mx/lib\libpic32.a(vector31.o)
                0x9fc015e0                __vector_dispatch_31
                0x00000001                ASSERT (((_vector_spacing == 0x0) || (SIZEOF (.vector_31) <= (_vector_spacing << 0x5))), function at exception vector 31 too large)

.vector_32      0x9fc01600        0x8
 *(.vector_32)
 .vector_32     0x9fc01600        0x8 c:/program files (x86)/microchip/xc32/v1.40/bin/bin/../../lib/gcc/pic32mx/4.8.3/../../../../pic32mx/lib\libpic32.a(vector32.o)
                0x9fc01600                __vector_dispatch_32
                0x00000001                ASSERT (((_vector_spacing == 0x0) || (SIZEOF (.vector_32) <= (_vector_spacing << 0x5))), function at exception vector 32 too large)

.vector_33      0x9fc01620        0x8
 *(.vector_33)
 .vector_33     0x9fc01620        0x8 c:/program files (x86)/microchip/xc32/v1.40/bin/bin/../../lib/gcc/pic32mx/4.8.3/../../../../pic32mx/lib\libpic32.a(vector33.o)
                0x9fc01620                __vector_dispatch_33
                0x00000001                ASSERT (((_vector_spacing == 0x0) || (SIZEOF (.vector_33) <= (_vector_spacing << 0x5))), function at exception vector 33 too large)

.vector_34      0x9fc01640        0x8
 *(.vector_34)
 .vector_34     0x9fc01640        0x8 c:/program files (x86)/microchip/xc32/v1.40/bin/bin/../../lib/gcc/pic32mx/4.8.3/../../../../pic32mx/lib\libpic32.a(vector34.o)
                0x9fc01640                __vector_dispatch_34
                0x00000001                ASSERT (((_vector_spacing == 0x0) || (SIZEOF (.vector_34) <= (_vector_spacing << 0x5))), function at exception vector 34 too large)

.vector_35      0x9fc01660        0x8
 *(.vector_35)
 .vector_35     0x9fc01660        0x8 c:/program files (x86)/microchip/xc32/v1.40/bin/bin/../../lib/gcc/pic32mx/4.8.3/../../../../pic32mx/lib\libpic32.a(vector35.o)
                0x9fc01660                __vector_dispatch_35
                0x00000001                ASSERT (((_vector_spacing == 0x0) || (SIZEOF (.vector_35) <= (_vector_spacing << 0x5))), function at exception vector 35 too large)

.vector_36      0x9fc01680        0x8
 *(.vector_36)
 .vector_36     0x9fc01680        0x8 c:/program files (x86)/microchip/xc32/v1.40/bin/bin/../../lib/gcc/pic32mx/4.8.3/../../../../pic32mx/lib\libpic32.a(vector36.o)
                0x9fc01680                __vector_dispatch_36
                0x00000001                ASSERT (((_vector_spacing == 0x0) || (SIZEOF (.vector_36) <= (_vector_spacing << 0x5))), function at exception vector 36 too large)

.vector_37      0x9fc016a0        0x8
 *(.vector_37)
 .vector_37     0x9fc016a0        0x8 c:/program files (x86)/microchip/xc32/v1.40/bin/bin/../../lib/gcc/pic32mx/4.8.3/../../../../pic32mx/lib\libpic32.a(vector37.o)
                0x9fc016a0                __vector_dispatch_37
                0x00000001                ASSERT (((_vector_spacing == 0x0) || (SIZEOF (.vector_37) <= (_vector_spacing << 0x5))), function at exception vector 37 too large)

.vector_38      0x9fc016c0        0x8
 *(.vector_38)
 .vector_38     0x9fc016c0        0x8 c:/program files (x86)/microchip/xc32/v1.40/bin/bin/../../lib/gcc/pic32mx/4.8.3/../../../../pic32mx/lib\libpic32.a(vector38.o)
                0x9fc016c0                __vector_dispatch_38
                0x00000001                ASSERT (((_vector_spacing == 0x0) || (SIZEOF (.vector_38) <= (_vector_spacing << 0x5))), function at exception vector 38 too large)

.vector_39      0x9fc016e0        0x8
 *(.vector_39)
 .vector_39     0x9fc016e0        0x8 c:/program files (x86)/microchip/xc32/v1.40/bin/bin/../../lib/gcc/pic32mx/4.8.3/../../../../pic32mx/lib\libpic32.a(vector39.o)
                0x9fc016e0                __vector_dispatch_39
                0x00000001                ASSERT (((_vector_spacing == 0x0) || (SIZEOF (.vector_39) <= (_vector_spacing << 0x5))), function at exception vector 39 too large)

.vector_40      0x9fc01700        0x8
 *(.vector_40)
 .vector_40     0x9fc01700        0x8 c:/program files (x86)/microchip/xc32/v1.40/bin/bin/../../lib/gcc/pic32mx/4.8.3/../../../../pic32mx/lib\libpic32.a(vector40.o)
                0x9fc01700                __vector_dispatch_40
                0x00000001                ASSERT (((_vector_spacing == 0x0) || (SIZEOF (.vector_40) <= (_vector_spacing << 0x5))), function at exception vector 40 too large)

.vector_41      0x9fc01720        0x8
 *(.vector_41)
 .vector_41     0x9fc01720        0x8 c:/program files (x86)/microchip/xc32/v1.40/bin/bin/../../lib/gcc/pic32mx/4.8.3/../../../../pic32mx/lib\libpic32.a(vector41.o)
                0x9fc01720                __vector_dispatch_41
                0x00000001                ASSERT (((_vector_spacing == 0x0) || (SIZEOF (.vector_41) <= (_vector_spacing << 0x5))), function at exception vector 41 too large)

.vector_42      0x9fc01740        0x8
 *(.vector_42)
 .vector_42     0x9fc01740        0x8 c:/program files (x86)/microchip/xc32/v1.40/bin/bin/../../lib/gcc/pic32mx/4.8.3/../../../../pic32mx/lib\libpic32.a(vector42.o)
                0x9fc01740                __vector_dispatch_42
                0x00000001                ASSERT (((_vector_spacing == 0x0) || (SIZEOF (.vector_42) <= (_vector_spacing << 0x5))), function at exception vector 42 too large)

.vector_43      0x9fc01760        0x8
 *(.vector_43)
 .vector_43     0x9fc01760        0x8 c:/program files (x86)/microchip/xc32/v1.40/bin/bin/../../lib/gcc/pic32mx/4.8.3/../../../../pic32mx/lib\libpic32.a(vector43.o)
                0x9fc01760                __vector_dispatch_43
                0x00000001                ASSERT (((_vector_spacing == 0x0) || (SIZEOF (.vector_43) <= (_vector_spacing << 0x5))), function at exception vector 43 too large)

.vector_44      0x9fc01780        0x8
 *(.vector_44)
 .vector_44     0x9fc01780        0x8 c:/program files (x86)/microchip/xc32/v1.40/bin/bin/../../lib/gcc/pic32mx/4.8.3/../../../../pic32mx/lib\libpic32.a(vector44.o)
                0x9fc01780                __vector_dispatch_44
                0x00000001                ASSERT (((_vector_spacing == 0x0) || (SIZEOF (.vector_44) <= (_vector_spacing << 0x5))), function at exception vector 44 too large)

.vector_45      0x9fc017a0        0x8
 *(.vector_45)
 .vector_45     0x9fc017a0        0x8 c:/program files (x86)/microchip/xc32/v1.40/bin/bin/../../lib/gcc/pic32mx/4.8.3/../../../../pic32mx/lib\libpic32.a(vector45.o)
                0x9fc017a0                __vector_dispatch_45
                0x00000001                ASSERT (((_vector_spacing == 0x0) || (SIZEOF (.vector_45) <= (_vector_spacing << 0x5))), function at exception vector 45 too large)

.vector_46      0x9fc017c0        0x8
 *(.vector_46)
 .vector_46     0x9fc017c0        0x8 c:/program files (x86)/microchip/xc32/v1.40/bin/bin/../../lib/gcc/pic32mx/4.8.3/../../../../pic32mx/lib\libpic32.a(vector46.o)
                0x9fc017c0                __vector_dispatch_46
                0x00000001                ASSERT (((_vector_spacing == 0x0) || (SIZEOF (.vector_46) <= (_vector_spacing << 0x5))), function at exception vector 46 too large)

.vector_47      0x9fc017e0        0x8
 *(.vector_47)
 .vector_47     0x9fc017e0        0x8 c:/program files (x86)/microchip/xc32/v1.40/bin/bin/../../lib/gcc/pic32mx/4.8.3/../../../../pic32mx/lib\libpic32.a(vector47.o)
                0x9fc017e0                __vector_dispatch_47
                0x00000001                ASSERT (((_vector_spacing == 0x0) || (SIZEOF (.vector_47) <= (_vector_spacing << 0x5))), function at exception vector 47 too large)

.vector_48      0x9fc01800        0x8
 *(.vector_48)
 .vector_48     0x9fc01800        0x8 c:/program files (x86)/microchip/xc32/v1.40/bin/bin/../../lib/gcc/pic32mx/4.8.3/../../../../pic32mx/lib\libpic32.a(vector48.o)
                0x9fc01800                __vector_dispatch_48
                0x00000001                ASSERT (((_vector_spacing == 0x0) || (SIZEOF (.vector_48) <= (_vector_spacing << 0x5))), function at exception vector 48 too large)

.vector_49      0x9fc01820        0x8
 *(.vector_49)
 .vector_49     0x9fc01820        0x8 c:/program files (x86)/microchip/xc32/v1.40/bin/bin/../../lib/gcc/pic32mx/4.8.3/../../../../pic32mx/lib\libpic32.a(vector49.o)
                0x9fc01820                __vector_dispatch_49
                0x00000001                ASSERT (((_vector_spacing == 0x0) || (SIZEOF (.vector_49) <= (_vector_spacing << 0x5))), function at exception vector 49 too large)

.vector_50      0x9fc01840        0x8
 *(.vector_50)
 .vector_50     0x9fc01840        0x8 c:/program files (x86)/microchip/xc32/v1.40/bin/bin/../../lib/gcc/pic32mx/4.8.3/../../../../pic32mx/lib\libpic32.a(vector50.o)
                0x9fc01840                __vector_dispatch_50
                0x00000001                ASSERT (((_vector_spacing == 0x0) || (SIZEOF (.vector_50) <= (_vector_spacing << 0x5))), function at exception vector 50 too large)

.vector_51      0x9fc01860        0x8
 *(.vector_51)
 .vector_51     0x9fc01860        0x8 c:/program files (x86)/microchip/xc32/v1.40/bin/bin/../../lib/gcc/pic32mx/4.8.3/../../../../pic32mx/lib\libpic32.a(vector51.o)
                0x9fc01860                __vector_dispatch_51
                0x00000001                ASSERT (((_vector_spacing == 0x0) || (SIZEOF (.vector_51) <= (_vector_spacing << 0x5))), function at exception vector 51 too large)

.vector_52      0x9fc01880        0x0
 *(.vector_52)
                0x00000001                ASSERT (((_vector_spacing == 0x0) || (SIZEOF (.vector_52) <= (_vector_spacing << 0x5))), function at exception vector 52 too large)

.vector_53      0x9fc018a0        0x0
 *(.vector_53)
                0x00000001                ASSERT (((_vector_spacing == 0x0) || (SIZEOF (.vector_53) <= (_vector_spacing << 0x5))), function at exception vector 53 too large)

.vector_54      0x9fc018c0        0x0
 *(.vector_54)
                0x00000001                ASSERT (((_vector_spacing == 0x0) || (SIZEOF (.vector_54) <= (_vector_spacing << 0x5))), function at exception vector 54 too large)

.vector_55      0x9fc018e0        0x0
 *(.vector_55)
                0x00000001                ASSERT (((_vector_spacing == 0x0) || (SIZEOF (.vector_55) <= (_vector_spacing << 0x5))), function at exception vector 55 too large)

.vector_56      0x9fc01900        0x0
 *(.vector_56)
                0x00000001                ASSERT (((_vector_spacing == 0x0) || (SIZEOF (.vector_56) <= (_vector_spacing << 0x5))), function at exception vector 56 too large)

.vector_57      0x9fc01920        0x0
 *(.vector_57)
                0x00000001                ASSERT (((_vector_spacing == 0x0) || (SIZEOF (.vector_57) <= (_vector_spacing << 0x5))), function at exception vector 57 too large)

.vector_58      0x9fc01940        0x0
 *(.vector_58)
                0x00000001                ASSERT (((_vector_spacing == 0x0) || (SIZEOF (.vector_58) <= (_vector_spacing << 0x5))), function at exception vector 58 too large)

.vector_59      0x9fc01960        0x0
 *(.vector_59)
                0x00000001                ASSERT (((_vector_spacing == 0x0) || (SIZEOF (.vector_59) <= (_vector_spacing << 0x5))), function at exception vector 59 too large)

.vector_60      0x9fc01980        0x0
 *(.vector_60)
                0x00000001                ASSERT (((_vector_spacing == 0x0) || (SIZEOF (.vector_60) <= (_vector_spacing << 0x5))), function at exception vector 60 too large)

.vector_61      0x9fc019a0        0x0
 *(.vector_61)
                0x00000001                ASSERT (((_vector_spacing == 0x0) || (SIZEOF (.vector_61) <= (_vector_spacing << 0x5))), function at exception vector 61 too large)

.vector_62      0x9fc019c0        0x0
 *(.vector_62)
                0x00000001                ASSERT (((_vector_spacing == 0x0) || (SIZEOF (.vector_62) <= (_vector_spacing << 0x5))), function at exception vector 62 too large)

.vector_63      0x9fc019e0        0x0
 *(.vector_63)
                0x00000001                ASSERT (((_vector_spacing == 0x0) || (SIZEOF (.vector_63) <= (_vector_spacing << 0x5))), function at exception vector 63 too large)

.startup
 *(.startup)

.text           0x9d000000        0x0
 *(.stub .gnu.linkonce.t.*)
 *(.text.*personality*)
 *(.mips16.fn.*)
 *(.mips16.call.*)
 *(.gnu.warning)
                0x9d000000                . = ALIGN (0x4)

.init           0x9d000000        0x0
 *crti.o(.init)
 *crtbegin.o(.init)
 *(EXCLUDE_FILE(*crtn.o *crtend?.o *crtend.o) .init)
 *crtend.o(.init)
 *crtn.o(.init)
                0x9d000000                . = ALIGN (0x4)

.fini           0x9d000000        0x0
 *(.fini)
                0x9d000000                . = ALIGN (0x4)

.preinit_array  0x9d000000        0x0
                0x9d000000                PROVIDE (__preinit_array_start, .)
 *(.preinit_array)
                0x9d000000                PROVIDE (__preinit_array_end, .)
                0x9d000000                . = ALIGN (0x4)

.init_array     0x9d000000        0x0
                0x9d000000                PROVIDE (__init_array_start, .)
 *(SORT(.init_array.*))
 *(.init_array)
                0x9d000000                PROVIDE (__init_array_end, .)
                0x9d000000                . = ALIGN (0x4)

.fini_array     0x9d000000        0x0
                0x9d000000                PROVIDE (__fini_array_start, .)
 *(SORT(.fini_array.*))
 *(.fini_array)
                0x9d000000                PROVIDE (__fini_array_end, .)
                0x9d000000                . = ALIGN (0x4)

.ctors          0x9d000000        0x0
 *crtbegin.o(.ctors)
 *crtbegin?.o(.ctors)
 *(EXCLUDE_FILE(*crtend?.o *crtend.o) .ctors)
 *(SORT(.ctors.*))
 *(.ctors)
                0x9d000000                . = ALIGN (0x4)

.dtors          0x9d000000        0x0
 *crtbegin.o(.dtors)
 *crtbegin?.o(.dtors)
 *(EXCLUDE_FILE(*crtend?.o *crtend.o) .dtors)
 *(SORT(.dtors.*))
 *(.dtors)
                0x9d000000                . = ALIGN (0x4)

.rodata         0x9d000000        0x0
 *(.gnu.linkonce.r.*)
 *(.rodata1)
                0x9d000000                . = ALIGN (0x4)

.sdata2         0x9fc00490        0x0
 *(.sdata2 .sdata2.* .gnu.linkonce.s2.*)
                0x9fc00490                . = ALIGN (0x4)

.sbss2          0x9fc00490        0x0
 *(.sbss2 .sbss2.* .gnu.linkonce.sb2.*)
                0x9fc00490                . = ALIGN (0x4)

.eh_frame_hdr
 *(.eh_frame_hdr)
                0x9fc00490                . = ALIGN (0x4)

.eh_frame
 *(.eh_frame)
                0x9fc00490                . = ALIGN (0x4)

.gcc_except_table
 *(.gcc_except_table .gcc_except_table.*)
                0x9fc00490                . = ALIGN (0x4)

.dbg_data       0xa0000200        0x0
                0xa0000200                . = (. + DEFINED (_DEBUGGER)?0x200:0x0)

.jcr            0xa0000200        0x0
 *(.jcr)
                0xa0000200                . = ALIGN (0x4)

.eh_frame
 *(.eh_frame)
                0xa0000200                . = ALIGN (0x4)

.gcc_except_table
 *(.gcc_except_table .gcc_except_table.*)
                0xa0000200                . = ALIGN (0x4)

.persist        0xa0000200        0x0
                0xa0000200                _persist_begin = .
 *(.persist .persist.*)
 *(.pbss .pbss.*)
                0xa0000200                . = ALIGN (0x4)
                0xa0000200                _persist_end = .

.data           0xa0000200        0x0
 *(.gnu.linkonce.d.*)
 *(.data1)
                0xa0000200                . = ALIGN (0x4)
                0xa0000200                . = .
                0xa00081f0                _gp = (ALIGN (0x10) + 0x7ff0)

.got            0xa0000200        0x0
 *(.got.plt)
 *(.got)
                0xa0000200                . = ALIGN (0x4)

.sdata          0xa0000200        0x4
                0xa0000200                _sdata_begin = .
 *(.sdata .sdata.* .gnu.linkonce.s.*)
 .sdata         0xa0000200        0x4 build/default/debug/_ext/12131622/port.o
                0xa0000200                uxInterruptNesting
                0xa0000204                . = ALIGN (0x4)
                0xa0000204                _sdata_end = .

.lit8
 *(.lit8)

.lit4
 *(.lit4)
                0xa0000204                . = ALIGN (0x4)
                0xa0000204                _data_end = .
                0xa0000204                _bss_begin = .

.sbss           0xa0000204       0x68
                0xa0000204                _sbss_begin = .
 *(.dynsbss)
 *(.sbss .sbss.* .gnu.linkonce.sb.*)
 .sbss          0xa0000204        0xc build/default/debug/_ext/1688732426/system_exceptions.o
 .sbss          0xa0000210        0x1 build/default/debug/_ext/1407244131/drv_tmr_static.o
 *fill*         0xa0000211        0x3 
 .sbss          0xa0000214        0x4 build/default/debug/_ext/12131622/port.o
                0xa0000214                uxSavedTaskStackPointer
 .sbss          0xa0000218        0x8 build/default/debug/_ext/1856876499/heap_1.o
 .sbss          0xa0000220       0x34 build/default/debug/_ext/1128951024/tasks.o
                0xa0000220                pxCurrentTCB
                0xa0000224                uxDeletedTasksWaitingCleanUp
                0xa0000228                uxCurrentNumberOfTasks
                0xa000022c                xTickCount
                0xa0000230                uxTopReadyPriority
                0xa0000234                xSchedulerRunning
                0xa0000238                uxPendedTicks
                0xa000023c                xYieldPending
                0xa0000240                xNumOfOverflows
                0xa0000244                uxTaskNumber
                0xa0000248                xNextTaskUnblockTime
                0xa000024c                xIdleTaskHandle
                0xa0000250                uxSchedulerSuspended
 *(.scommon)
 .scommon       0xa0000254        0x8 build/default/debug/_ext/1360937237/appMS1.o
                0xa0000254                appms1Data
 .scommon       0xa000025c        0x8 build/default/debug/_ext/1271179505/sys_devcon.o
                0xa000025c                sysDevconObj
 .scommon       0xa0000264        0x8 build/default/debug/_ext/1128951024/tasks.o
                0xa0000264                pxDelayedTaskList
                0xa0000268                pxOverflowDelayedTaskList
                0xa000026c                _sbss_end = .
                0xa000026c                . = ALIGN (0x4)

.bss            0xa000026c      0x190
 *(.dynbss)
 *(COMMON)
 COMMON         0xa000026c        0xc build/default/debug/_ext/1688732426/system_init.o
                0xa000026c                sysObj
 COMMON         0xa0000278       0xc8 build/default/debug/_ext/1128951024/tasks.o
                0xa0000278                pxReadyTasksLists
                0xa00002dc                xPendingReadyList
                0xa00002f0                xTasksWaitingTermination
                0xa0000304                xSuspendedTaskList
                0xa0000318                xDelayedTaskList2
                0xa000032c                xDelayedTaskList1
 COMMON         0xa0000340       0xbc build/default/debug/_ext/260586732/drv_usart.o
                0xa0000340                gDrvUSARTCommonDataObj
                0xa000034c                gDrvUSARTClientObj
                0xa000039c                gDrvUSARTObj
                0xa00003fc                . = ALIGN ((. != 0x0)?0x4:0x1)
                0xa00003fc                . = ALIGN (0x4)
                0xa00003fc                _end = .
                0xa00003fc                _bss_end = .
                0x00020000                _bmxdudba_address = 0x20000
                0x00020000                _bmxdupba_address = 0x20000

/DISCARD/
 *(.pdr)
 *(.rel.dyn)
 *(.note.GNU-stack)
 *(.note.GNU-stack)
 *(.gnu_debuglink)
 *(.gnu.lto_*)
 *(.discard)

.gptab.sdata
 *(.gptab.data)
 *(.gptab.sdata)

.gptab.sbss
 *(.gptab.bss)
 *(.gptab.sbss)

.mdebug.abi32   0xa00003fc        0x0
 *(.mdebug.abi32)
 .mdebug.abi32  0xa00003fc        0x0 c:/program files (x86)/microchip/xc32/v1.40/bin/bin/../../lib/gcc/pic32mx/4.8.3/../../../../pic32mx/lib\software-debug-break.o
 .mdebug.abi32  0xa00003fc        0x0 build/default/debug/_ext/822048611/sys_ports_static.o
 .mdebug.abi32  0xa00003fc        0x0 build/default/debug/_ext/1688732426/system_init.o
 .mdebug.abi32  0xa00003fc        0x0 build/default/debug/_ext/1360937237/main.o
 .mdebug.abi32  0xa00003fc        0x0 build/default/debug/_ext/1407244131/drv_tmr_mapping.o
 .mdebug.abi32  0xa00003fc        0x0 build/default/debug/_ext/1688732426/system_exceptions.o
 .mdebug.abi32  0xa00003fc        0x0 build/default/debug/_ext/1688732426/system_tasks.o
 .mdebug.abi32  0xa00003fc        0x0 build/default/debug/_ext/1360937237/appMS1.o
 .mdebug.abi32  0xa00003fc        0x0 build/default/debug/_ext/1407244131/drv_tmr_static.o
 .mdebug.abi32  0xa00003fc        0x0 build/default/debug/_ext/1688732426/system_interrupt.o
 .mdebug.abi32  0xa00003fc        0x0 build/default/debug/_ext/1688732426/rtos_hooks.o
 .mdebug.abi32  0xa00003fc        0x0 build/default/debug/_ext/639803181/sys_clk_static.o
 .mdebug.abi32  0xa00003fc        0x0 build/default/debug/_ext/260586732/drv_usart_byte_model.o
 .mdebug.abi32  0xa00003fc        0x0 build/default/debug/_ext/1128951024/croutine.o
 .mdebug.abi32  0xa00003fc        0x0 build/default/debug/_ext/122796885/sys_int_pic32.o
 .mdebug.abi32  0xa00003fc        0x0 build/default/debug/_ext/12131622/port.o
 .mdebug.abi32  0xa00003fc        0x0 build/default/debug/_ext/1856876499/heap_1.o
 .mdebug.abi32  0xa00003fc        0x0 build/default/debug/_ext/1128951024/list.o
 .mdebug.abi32  0xa00003fc        0x0 build/default/debug/_ext/1271179505/sys_devcon.o
 .mdebug.abi32  0xa00003fc        0x0 build/default/debug/_ext/24337685/osal_freertos.o
 .mdebug.abi32  0xa00003fc        0x0 build/default/debug/_ext/1128951024/tasks.o
 .mdebug.abi32  0xa00003fc        0x0 build/default/debug/_ext/260586732/drv_usart.o
 .mdebug.abi32  0xa00003fc        0x0 build/default/debug/_ext/1128951024/event_groups.o
 .mdebug.abi32  0xa00003fc        0x0 build/default/debug/_ext/1271179505/sys_devcon_pic32mx.o
 .mdebug.abi32  0xa00003fc        0x0 build/default/debug/_ext/1128951024/timers.o
 .mdebug.abi32  0xa00003fc        0x0 build/default/debug/_ext/1128951024/queue.o
 .mdebug.abi32  0xa00003fc        0x0 build/default/debug/_ext/1360937237/debug.o
 .mdebug.abi32  0xa00003fc        0x0 c:/program files (x86)/microchip/xc32/v1.40/bin/bin/../../lib/gcc/pic32mx/4.8.3/../../../../pic32mx/lib\libpic32.a(default-bootstrap-exception-handler.o)
 .mdebug.abi32  0xa00003fc        0x0 c:/program files (x86)/microchip/xc32/v1.40/bin/bin/../../lib/gcc/pic32mx/4.8.3/../../../../pic32mx/lib\libpic32.a(default-on-reset.o)
 .mdebug.abi32  0xa00003fc        0x0 c:/program files (x86)/microchip/xc32/v1.40/bin/bin/../../lib/gcc/pic32mx/4.8.3/../../../../pic32mx/lib\libpic32.a(default-on-bootstrap.o)
 .mdebug.abi32  0xa00003fc        0x0 c:/program files (x86)/microchip/xc32/v1.40/bin/bin/../../lib/gcc/pic32mx/4.8.3/../../../../pic32mx/lib\libpic32.a(defaultinterrupt.o)

.mdebug.abiN32
 *(.mdebug.abiN32)

.mdebug.abi64
 *(.mdebug.abi64)

.mdebug.abiO64
 *(.mdebug.abiO64)

.mdebug.eabi32
 *(.mdebug.eabi32)

.mdebug.eabi64
 *(.mdebug.eabi64)

.gcc_compiled_long32
 *(.gcc_compiled_long32)

.gcc_compiled_long64
 *(.gcc_compiled_long64)

.stab
 *(.stab)

.stabstr
 *(.stabstr)

.stab.excl
 *(.stab.excl)

.stab.exclstr
 *(.stab.exclstr)

.stab.index
 *(.stab.index)

.stab.indexstr
 *(.stab.indexstr)

.comment        0x00000000       0x3c
 *(.comment)
 .comment       0x00000000       0x3c c:/program files (x86)/microchip/xc32/v1.40/bin/bin/../../lib/gcc/pic32mx/4.8.3/../../../../pic32mx/lib\software-debug-break.o
                                 0x3d (size before relaxing)
 .comment       0x00000000       0x3d build/default/debug/_ext/822048611/sys_ports_static.o
 .comment       0x00000000       0x3d build/default/debug/_ext/1688732426/system_init.o
 .comment       0x00000000       0x3d build/default/debug/_ext/1360937237/main.o
 .comment       0x00000000       0x3d build/default/debug/_ext/1407244131/drv_tmr_mapping.o
 .comment       0x00000000       0x3d build/default/debug/_ext/1688732426/system_exceptions.o
 .comment       0x00000000       0x3d build/default/debug/_ext/1688732426/system_tasks.o
 .comment       0x00000000       0x3d build/default/debug/_ext/1360937237/appMS1.o
 .comment       0x00000000       0x3d build/default/debug/_ext/1407244131/drv_tmr_static.o
 .comment       0x00000000       0x3d build/default/debug/_ext/1688732426/system_interrupt.o
 .comment       0x00000000       0x3d build/default/debug/_ext/1688732426/rtos_hooks.o
 .comment       0x00000000       0x3d build/default/debug/_ext/639803181/sys_clk_static.o
 .comment       0x00000000       0x3d build/default/debug/_ext/260586732/drv_usart_byte_model.o
 .comment       0x00000000       0x3d build/default/debug/_ext/1128951024/croutine.o
 .comment       0x00000000       0x3d build/default/debug/_ext/122796885/sys_int_pic32.o
 .comment       0x00000000       0x3d build/default/debug/_ext/12131622/port.o
 .comment       0x00000000       0x3d build/default/debug/_ext/1856876499/heap_1.o
 .comment       0x00000000       0x3d build/default/debug/_ext/1128951024/list.o
 .comment       0x00000000       0x3d build/default/debug/_ext/1271179505/sys_devcon.o
 .comment       0x00000000       0x3d build/default/debug/_ext/24337685/osal_freertos.o
 .comment       0x00000000       0x3d build/default/debug/_ext/1128951024/tasks.o
 .comment       0x00000000       0x3d build/default/debug/_ext/260586732/drv_usart.o
 .comment       0x00000000       0x3d build/default/debug/_ext/1128951024/event_groups.o
 .comment       0x00000000       0x3d build/default/debug/_ext/1271179505/sys_devcon_pic32mx.o
 .comment       0x00000000       0x3d build/default/debug/_ext/1128951024/timers.o
 .comment       0x00000000       0x3d build/default/debug/_ext/1128951024/queue.o
 .comment       0x00000000       0x3d build/default/debug/_ext/1360937237/debug.o
 .comment       0x00000000       0x3d c:/program files (x86)/microchip/xc32/v1.40/bin/bin/../../lib/gcc/pic32mx/4.8.3/../../../../pic32mx/lib\libpic32.a(default-bootstrap-exception-handler.o)
 .comment       0x00000000       0x3d c:/program files (x86)/microchip/xc32/v1.40/bin/bin/../../lib/gcc/pic32mx/4.8.3/../../../../pic32mx/lib\libpic32.a(default-on-reset.o)
 .comment       0x00000000       0x3d c:/program files (x86)/microchip/xc32/v1.40/bin/bin/../../lib/gcc/pic32mx/4.8.3/../../../../pic32mx/lib\libpic32.a(default-on-bootstrap.o)
 .comment       0x00000000       0x3d c:/program files (x86)/microchip/xc32/v1.40/bin/bin/../../lib/gcc/pic32mx/4.8.3/../../../../pic32mx/lib\libpic32.a(defaultinterrupt.o)

.debug
 *(.debug)

.line
 *(.line)

.debug_srcinfo
 *(.debug_srcinfo)

.debug_sfnames
 *(.debug_sfnames)

.debug_aranges  0x00000000      0xb28
 *(.debug_aranges)
 .debug_aranges
                0x00000000       0x20 c:/program files (x86)/microchip/xc32/v1.40/bin/bin/../../lib/gcc/pic32mx/4.8.3/../../../../pic32mx/lib\software-debug-break.o
 .debug_aranges
                0x00000020      0x108 build/default/debug/_ext/822048611/sys_ports_static.o
 .debug_aranges
                0x00000128       0x20 build/default/debug/_ext/1688732426/system_init.o
 .debug_aranges
                0x00000148       0x20 build/default/debug/_ext/1360937237/main.o
 .debug_aranges
                0x00000168       0x38 build/default/debug/_ext/1688732426/system_interrupt_a.o
 .debug_aranges
                0x000001a0       0xc8 build/default/debug/_ext/1407244131/drv_tmr_mapping.o
 .debug_aranges
                0x00000268       0x20 build/default/debug/_ext/1688732426/system_exceptions.o
 .debug_aranges
                0x00000288       0x30 build/default/debug/_ext/1688732426/system_tasks.o
 .debug_aranges
                0x000002b8       0x40 build/default/debug/_ext/1360937237/appMS1.o
 .debug_aranges
                0x000002f8       0x88 build/default/debug/_ext/1407244131/drv_tmr_static.o
 .debug_aranges
                0x00000380       0x28 build/default/debug/_ext/1688732426/system_interrupt.o
 .debug_aranges
                0x000003a8       0x28 build/default/debug/_ext/1688732426/rtos_hooks.o
 .debug_aranges
                0x000003d0       0x50 build/default/debug/_ext/639803181/sys_clk_static.o
 .debug_aranges
                0x00000420       0x48 build/default/debug/_ext/260586732/drv_usart_byte_model.o
 .debug_aranges
                0x00000468       0x18 build/default/debug/_ext/1128951024/croutine.o
 .debug_aranges
                0x00000480       0x20 build/default/debug/_ext/12131622/port_asm.o
 .debug_aranges
                0x000004a0       0x48 build/default/debug/_ext/122796885/sys_int_pic32.o
 .debug_aranges
                0x000004e8       0x58 build/default/debug/_ext/12131622/port.o
 .debug_aranges
                0x00000540       0x38 build/default/debug/_ext/1856876499/heap_1.o
 .debug_aranges
                0x00000578       0x40 build/default/debug/_ext/1128951024/list.o
 .debug_aranges
                0x000005b8       0x78 build/default/debug/_ext/1271179505/sys_devcon.o
 .debug_aranges
                0x00000630       0x88 build/default/debug/_ext/24337685/osal_freertos.o
 .debug_aranges
                0x000006b8      0x1a0 build/default/debug/_ext/1128951024/tasks.o
 .debug_aranges
                0x00000858       0xd8 build/default/debug/_ext/260586732/drv_usart.o
 .debug_aranges
                0x00000930       0x60 build/default/debug/_ext/1128951024/event_groups.o
 .debug_aranges
                0x00000990       0x20 build/default/debug/_ext/1271179505/sys_devcon_pic32mx.o
 .debug_aranges
                0x000009b0       0x18 build/default/debug/_ext/1128951024/timers.o
 .debug_aranges
                0x000009c8       0xb0 build/default/debug/_ext/1128951024/queue.o
 .debug_aranges
                0x00000a78       0x30 build/default/debug/_ext/1360937237/debug.o
 .debug_aranges
                0x00000aa8       0x20 c:/program files (x86)/microchip/xc32/v1.40/bin/bin/../../lib/gcc/pic32mx/4.8.3/../../../../pic32mx/lib\libpic32.a(default-bootstrap-exception-handler.o)
 .debug_aranges
                0x00000ac8       0x20 c:/program files (x86)/microchip/xc32/v1.40/bin/bin/../../lib/gcc/pic32mx/4.8.3/../../../../pic32mx/lib\libpic32.a(default-on-reset.o)
 .debug_aranges
                0x00000ae8       0x20 c:/program files (x86)/microchip/xc32/v1.40/bin/bin/../../lib/gcc/pic32mx/4.8.3/../../../../pic32mx/lib\libpic32.a(default-on-bootstrap.o)
 .debug_aranges
                0x00000b08       0x20 c:/program files (x86)/microchip/xc32/v1.40/bin/bin/../../lib/gcc/pic32mx/4.8.3/../../../../pic32mx/lib\libpic32.a(defaultinterrupt.o)

.debug_pubnames
 *(.debug_pubnames)

.debug_info     0x00000000    0x264b2
 *(.debug_info .gnu.linkonce.wi.*)
 .debug_info    0x00000000       0xd3 c:/program files (x86)/microchip/xc32/v1.40/bin/bin/../../lib/gcc/pic32mx/4.8.3/../../../../pic32mx/lib\software-debug-break.o
 .debug_info    0x000000d3     0x3be6 build/default/debug/_ext/822048611/sys_ports_static.o
 .debug_info    0x00003cb9     0x28c9 build/default/debug/_ext/1688732426/system_init.o
 .debug_info    0x00006582      0xcb5 build/default/debug/_ext/1360937237/main.o
 .debug_info    0x00007237       0xa4 build/default/debug/_ext/1688732426/system_interrupt_a.o
 .debug_info    0x000072db     0x10ac build/default/debug/_ext/1407244131/drv_tmr_mapping.o
 .debug_info    0x00008387      0xae4 build/default/debug/_ext/1688732426/system_exceptions.o
 .debug_info    0x00008e6b      0xb14 build/default/debug/_ext/1688732426/system_tasks.o
 .debug_info    0x0000997f      0xe9a build/default/debug/_ext/1360937237/appMS1.o
 .debug_info    0x0000a819     0x33f1 build/default/debug/_ext/1407244131/drv_tmr_static.o
 .debug_info    0x0000dc0a     0x159b build/default/debug/_ext/1688732426/system_interrupt.o
 .debug_info    0x0000f1a5      0x25e build/default/debug/_ext/1688732426/rtos_hooks.o
 .debug_info    0x0000f403     0x15b4 build/default/debug/_ext/639803181/sys_clk_static.o
 .debug_info    0x000109b7     0x2933 build/default/debug/_ext/260586732/drv_usart_byte_model.o
 .debug_info    0x000132ea      0x177 build/default/debug/_ext/1128951024/croutine.o
 .debug_info    0x00013461       0xc5 build/default/debug/_ext/12131622/port_asm.o
 .debug_info    0x00013526     0x15cc build/default/debug/_ext/122796885/sys_int_pic32.o
 .debug_info    0x00014af2     0x11b4 build/default/debug/_ext/12131622/port.o
 .debug_info    0x00015ca6      0x380 build/default/debug/_ext/1856876499/heap_1.o
 .debug_info    0x00016026      0x480 build/default/debug/_ext/1128951024/list.o
 .debug_info    0x000164a6     0x1179 build/default/debug/_ext/1271179505/sys_devcon.o
 .debug_info    0x0001761f      0xab0 build/default/debug/_ext/24337685/osal_freertos.o
 .debug_info    0x000180cf     0x2945 build/default/debug/_ext/1128951024/tasks.o
 .debug_info    0x0001aa14     0x7562 build/default/debug/_ext/260586732/drv_usart.o
 .debug_info    0x00021f76      0xd5c build/default/debug/_ext/1128951024/event_groups.o
 .debug_info    0x00022cd2      0xd5d build/default/debug/_ext/1271179505/sys_devcon_pic32mx.o
 .debug_info    0x00023a2f      0x175 build/default/debug/_ext/1128951024/timers.o
 .debug_info    0x00023ba4     0x194b build/default/debug/_ext/1128951024/queue.o
 .debug_info    0x000254ef      0xc87 build/default/debug/_ext/1360937237/debug.o
 .debug_info    0x00026176       0xe3 c:/program files (x86)/microchip/xc32/v1.40/bin/bin/../../lib/gcc/pic32mx/4.8.3/../../../../pic32mx/lib\libpic32.a(default-bootstrap-exception-handler.o)
 .debug_info    0x00026259       0xbd c:/program files (x86)/microchip/xc32/v1.40/bin/bin/../../lib/gcc/pic32mx/4.8.3/../../../../pic32mx/lib\libpic32.a(default-on-reset.o)
 .debug_info    0x00026316       0xc5 c:/program files (x86)/microchip/xc32/v1.40/bin/bin/../../lib/gcc/pic32mx/4.8.3/../../../../pic32mx/lib\libpic32.a(default-on-bootstrap.o)
 .debug_info    0x000263db       0xd7 c:/program files (x86)/microchip/xc32/v1.40/bin/bin/../../lib/gcc/pic32mx/4.8.3/../../../../pic32mx/lib\libpic32.a(defaultinterrupt.o)

.debug_abbrev   0x00000000     0x32e0
 *(.debug_abbrev)
 .debug_abbrev  0x00000000       0x28 c:/program files (x86)/microchip/xc32/v1.40/bin/bin/../../lib/gcc/pic32mx/4.8.3/../../../../pic32mx/lib\software-debug-break.o
 .debug_abbrev  0x00000028      0x222 build/default/debug/_ext/822048611/sys_ports_static.o
 .debug_abbrev  0x0000024a      0x2ce build/default/debug/_ext/1688732426/system_init.o
 .debug_abbrev  0x00000518       0xe7 build/default/debug/_ext/1360937237/main.o
 .debug_abbrev  0x000005ff       0x12 build/default/debug/_ext/1688732426/system_interrupt_a.o
 .debug_abbrev  0x00000611      0x29c build/default/debug/_ext/1407244131/drv_tmr_mapping.o
 .debug_abbrev  0x000008ad       0xa2 build/default/debug/_ext/1688732426/system_exceptions.o
 .debug_abbrev  0x0000094f      0x13a build/default/debug/_ext/1688732426/system_tasks.o
 .debug_abbrev  0x00000a89      0x180 build/default/debug/_ext/1360937237/appMS1.o
 .debug_abbrev  0x00000c09      0x330 build/default/debug/_ext/1407244131/drv_tmr_static.o
 .debug_abbrev  0x00000f39      0x1ad build/default/debug/_ext/1688732426/system_interrupt.o
 .debug_abbrev  0x000010e6       0x97 build/default/debug/_ext/1688732426/rtos_hooks.o
 .debug_abbrev  0x0000117d      0x27b build/default/debug/_ext/639803181/sys_clk_static.o
 .debug_abbrev  0x000013f8      0x2fc build/default/debug/_ext/260586732/drv_usart_byte_model.o
 .debug_abbrev  0x000016f4       0x1b build/default/debug/_ext/1128951024/croutine.o
 .debug_abbrev  0x0000170f       0x14 build/default/debug/_ext/12131622/port_asm.o
 .debug_abbrev  0x00001723      0x1ea build/default/debug/_ext/122796885/sys_int_pic32.o
 .debug_abbrev  0x0000190d      0x2cf build/default/debug/_ext/12131622/port.o
 .debug_abbrev  0x00001bdc      0x13f build/default/debug/_ext/1856876499/heap_1.o
 .debug_abbrev  0x00001d1b       0xf1 build/default/debug/_ext/1128951024/list.o
 .debug_abbrev  0x00001e0c      0x2a1 build/default/debug/_ext/1271179505/sys_devcon.o
 .debug_abbrev  0x000020ad      0x1fe build/default/debug/_ext/24337685/osal_freertos.o
 .debug_abbrev  0x000022ab      0x308 build/default/debug/_ext/1128951024/tasks.o
 .debug_abbrev  0x000025b3      0x471 build/default/debug/_ext/260586732/drv_usart.o
 .debug_abbrev  0x00002a24      0x29a build/default/debug/_ext/1128951024/event_groups.o
 .debug_abbrev  0x00002cbe      0x16d build/default/debug/_ext/1271179505/sys_devcon_pic32mx.o
 .debug_abbrev  0x00002e2b       0x1b build/default/debug/_ext/1128951024/timers.o
 .debug_abbrev  0x00002e46      0x2ff build/default/debug/_ext/1128951024/queue.o
 .debug_abbrev  0x00003145       0xfb build/default/debug/_ext/1360937237/debug.o
 .debug_abbrev  0x00003240       0x28 c:/program files (x86)/microchip/xc32/v1.40/bin/bin/../../lib/gcc/pic32mx/4.8.3/../../../../pic32mx/lib\libpic32.a(default-bootstrap-exception-handler.o)
 .debug_abbrev  0x00003268       0x28 c:/program files (x86)/microchip/xc32/v1.40/bin/bin/../../lib/gcc/pic32mx/4.8.3/../../../../pic32mx/lib\libpic32.a(default-on-reset.o)
 .debug_abbrev  0x00003290       0x28 c:/program files (x86)/microchip/xc32/v1.40/bin/bin/../../lib/gcc/pic32mx/4.8.3/../../../../pic32mx/lib\libpic32.a(default-on-bootstrap.o)
 .debug_abbrev  0x000032b8       0x28 c:/program files (x86)/microchip/xc32/v1.40/bin/bin/../../lib/gcc/pic32mx/4.8.3/../../../../pic32mx/lib\libpic32.a(defaultinterrupt.o)

.debug_line     0x00000000     0x7393
 *(.debug_line)
 .debug_line    0x00000000       0x8a c:/program files (x86)/microchip/xc32/v1.40/bin/bin/../../lib/gcc/pic32mx/4.8.3/../../../../pic32mx/lib\software-debug-break.o
 .debug_line    0x0000008a      0x795 build/default/debug/_ext/822048611/sys_ports_static.o
 .debug_line    0x0000081f      0x5f7 build/default/debug/_ext/1688732426/system_init.o
 .debug_line    0x00000e16      0x20d build/default/debug/_ext/1360937237/main.o
 .debug_line    0x00001023       0xa5 build/default/debug/_ext/1688732426/system_interrupt_a.o
 .debug_line    0x000010c8      0x498 build/default/debug/_ext/1407244131/drv_tmr_mapping.o
 .debug_line    0x00001560      0x189 build/default/debug/_ext/1688732426/system_exceptions.o
 .debug_line    0x000016e9      0x30a build/default/debug/_ext/1688732426/system_tasks.o
 .debug_line    0x000019f3      0x2cf build/default/debug/_ext/1360937237/appMS1.o
 .debug_line    0x00001cc2      0x6ee build/default/debug/_ext/1407244131/drv_tmr_static.o
 .debug_line    0x000023b0      0x3b8 build/default/debug/_ext/1688732426/system_interrupt.o
 .debug_line    0x00002768      0x145 build/default/debug/_ext/1688732426/rtos_hooks.o
 .debug_line    0x000028ad      0x40d build/default/debug/_ext/639803181/sys_clk_static.o
 .debug_line    0x00002cba      0x6aa build/default/debug/_ext/260586732/drv_usart_byte_model.o
 .debug_line    0x00003364       0x1d build/default/debug/_ext/1128951024/croutine.o
 .debug_line    0x00003381      0x102 build/default/debug/_ext/12131622/port_asm.o
 .debug_line    0x00003483      0x38c build/default/debug/_ext/122796885/sys_int_pic32.o
 .debug_line    0x0000380f      0x23a build/default/debug/_ext/12131622/port.o
 .debug_line    0x00003a49      0x216 build/default/debug/_ext/1856876499/heap_1.o
 .debug_line    0x00003c5f      0x1dc build/default/debug/_ext/1128951024/list.o
 .debug_line    0x00003e3b      0x5c6 build/default/debug/_ext/1271179505/sys_devcon.o
 .debug_line    0x00004401      0x2bb build/default/debug/_ext/24337685/osal_freertos.o
 .debug_line    0x000046bc      0x803 build/default/debug/_ext/1128951024/tasks.o
 .debug_line    0x00004ebf     0x14bc build/default/debug/_ext/260586732/drv_usart.o
 .debug_line    0x0000637b      0x325 build/default/debug/_ext/1128951024/event_groups.o
 .debug_line    0x000066a0      0x471 build/default/debug/_ext/1271179505/sys_devcon_pic32mx.o
 .debug_line    0x00006b11       0x1d build/default/debug/_ext/1128951024/timers.o
 .debug_line    0x00006b2e      0x496 build/default/debug/_ext/1128951024/queue.o
 .debug_line    0x00006fc4      0x196 build/default/debug/_ext/1360937237/debug.o
 .debug_line    0x0000715a       0x97 c:/program files (x86)/microchip/xc32/v1.40/bin/bin/../../lib/gcc/pic32mx/4.8.3/../../../../pic32mx/lib\libpic32.a(default-bootstrap-exception-handler.o)
 .debug_line    0x000071f1       0x84 c:/program files (x86)/microchip/xc32/v1.40/bin/bin/../../lib/gcc/pic32mx/4.8.3/../../../../pic32mx/lib\libpic32.a(default-on-reset.o)
 .debug_line    0x00007275       0x88 c:/program files (x86)/microchip/xc32/v1.40/bin/bin/../../lib/gcc/pic32mx/4.8.3/../../../../pic32mx/lib\libpic32.a(default-on-bootstrap.o)
 .debug_line    0x000072fd       0x96 c:/program files (x86)/microchip/xc32/v1.40/bin/bin/../../lib/gcc/pic32mx/4.8.3/../../../../pic32mx/lib\libpic32.a(defaultinterrupt.o)

.debug_frame    0x00000000     0x17e8
 *(.debug_frame)
 .debug_frame   0x00000000       0x20 c:/program files (x86)/microchip/xc32/v1.40/bin/bin/../../lib/gcc/pic32mx/4.8.3/../../../../pic32mx/lib\software-debug-break.o
 .debug_frame   0x00000020      0x1f0 build/default/debug/_ext/822048611/sys_ports_static.o
 .debug_frame   0x00000210       0x28 build/default/debug/_ext/1688732426/system_init.o
 .debug_frame   0x00000238       0x28 build/default/debug/_ext/1360937237/main.o
 .debug_frame   0x00000260      0x210 build/default/debug/_ext/1407244131/drv_tmr_mapping.o
 .debug_frame   0x00000470       0x28 build/default/debug/_ext/1688732426/system_exceptions.o
 .debug_frame   0x00000498       0x58 build/default/debug/_ext/1688732426/system_tasks.o
 .debug_frame   0x000004f0       0x88 build/default/debug/_ext/1360937237/appMS1.o
 .debug_frame   0x00000578       0xf8 build/default/debug/_ext/1407244131/drv_tmr_static.o
 .debug_frame   0x00000670       0x40 build/default/debug/_ext/1688732426/system_interrupt.o
 .debug_frame   0x000006b0       0x40 build/default/debug/_ext/1688732426/rtos_hooks.o
 .debug_frame   0x000006f0       0xa0 build/default/debug/_ext/639803181/sys_clk_static.o
 .debug_frame   0x00000790       0xa8 build/default/debug/_ext/260586732/drv_usart_byte_model.o
 .debug_frame   0x00000838       0x90 build/default/debug/_ext/122796885/sys_int_pic32.o
 .debug_frame   0x000008c8       0xc0 build/default/debug/_ext/12131622/port.o
 .debug_frame   0x00000988       0x5c build/default/debug/_ext/1856876499/heap_1.o
 .debug_frame   0x000009e4       0x60 build/default/debug/_ext/1128951024/list.o
 .debug_frame   0x00000a44       0xe8 build/default/debug/_ext/1271179505/sys_devcon.o
 .debug_frame   0x00000b2c      0x150 build/default/debug/_ext/24337685/osal_freertos.o
 .debug_frame   0x00000c7c      0x4dc build/default/debug/_ext/1128951024/tasks.o
 .debug_frame   0x00001158      0x274 build/default/debug/_ext/260586732/drv_usart.o
 .debug_frame   0x000013cc      0x108 build/default/debug/_ext/1128951024/event_groups.o
 .debug_frame   0x000014d4       0x28 build/default/debug/_ext/1271179505/sys_devcon_pic32mx.o
 .debug_frame   0x000014fc      0x218 build/default/debug/_ext/1128951024/queue.o
 .debug_frame   0x00001714       0x48 build/default/debug/_ext/1360937237/debug.o
 .debug_frame   0x0000175c       0x2c c:/program files (x86)/microchip/xc32/v1.40/bin/bin/../../lib/gcc/pic32mx/4.8.3/../../../../pic32mx/lib\libpic32.a(default-bootstrap-exception-handler.o)
 .debug_frame   0x00001788       0x20 c:/program files (x86)/microchip/xc32/v1.40/bin/bin/../../lib/gcc/pic32mx/4.8.3/../../../../pic32mx/lib\libpic32.a(default-on-reset.o)
 .debug_frame   0x000017a8       0x20 c:/program files (x86)/microchip/xc32/v1.40/bin/bin/../../lib/gcc/pic32mx/4.8.3/../../../../pic32mx/lib\libpic32.a(default-on-bootstrap.o)
 .debug_frame   0x000017c8       0x20 c:/program files (x86)/microchip/xc32/v1.40/bin/bin/../../lib/gcc/pic32mx/4.8.3/../../../../pic32mx/lib\libpic32.a(defaultinterrupt.o)

.debug_str      0x00000000      0x78a
 *(.debug_str)
 .debug_str     0x00000000        0x0 c:/program files (x86)/microchip/xc32/v1.40/bin/bin/../../lib/gcc/pic32mx/4.8.3/../../../../pic32mx/lib\software-debug-break.o
 .debug_str     0x00000000       0x55 build/default/debug/_ext/822048611/sys_ports_static.o
 .debug_str     0x00000055       0x36 build/default/debug/_ext/1688732426/system_init.o
 .debug_str     0x0000008b        0x0 build/default/debug/_ext/1360937237/main.o
 .debug_str     0x0000008b        0x7 build/default/debug/_ext/1407244131/drv_tmr_mapping.o
 .debug_str     0x00000092        0x0 build/default/debug/_ext/1688732426/system_exceptions.o
 .debug_str     0x00000092        0x0 build/default/debug/_ext/1688732426/system_tasks.o
 .debug_str     0x00000092        0x0 build/default/debug/_ext/1360937237/appMS1.o
 .debug_str     0x00000092       0x4d build/default/debug/_ext/1407244131/drv_tmr_static.o
 .debug_str     0x000000df        0x0 build/default/debug/_ext/1688732426/system_interrupt.o
 .debug_str     0x000000df        0x9 build/default/debug/_ext/1688732426/rtos_hooks.o
 .debug_str     0x000000e8       0x39 build/default/debug/_ext/639803181/sys_clk_static.o
 .debug_str     0x00000121       0x28 build/default/debug/_ext/260586732/drv_usart_byte_model.o
 .debug_str     0x00000149        0x0 build/default/debug/_ext/1128951024/croutine.o
 .debug_str     0x00000149       0x2d build/default/debug/_ext/122796885/sys_int_pic32.o
 .debug_str     0x00000176       0x37 build/default/debug/_ext/12131622/port.o
 .debug_str     0x000001ad       0x1d build/default/debug/_ext/1856876499/heap_1.o
 .debug_str     0x000001ca       0x2b build/default/debug/_ext/1128951024/list.o
 .debug_str     0x000001f5       0x16 build/default/debug/_ext/1271179505/sys_devcon.o
 .debug_str     0x0000020b       0x40 build/default/debug/_ext/24337685/osal_freertos.o
 .debug_str     0x0000024b      0x186 build/default/debug/_ext/1128951024/tasks.o
 .debug_str     0x000003d1      0x195 build/default/debug/_ext/260586732/drv_usart.o
 .debug_str     0x00000566       0xe6 build/default/debug/_ext/1128951024/event_groups.o
 .debug_str     0x0000064c        0x6 build/default/debug/_ext/1271179505/sys_devcon_pic32mx.o
 .debug_str     0x00000652        0x0 build/default/debug/_ext/1128951024/timers.o
 .debug_str     0x00000652      0x131 build/default/debug/_ext/1128951024/queue.o
 .debug_str     0x00000783        0x7 build/default/debug/_ext/1360937237/debug.o
 .debug_str     0x0000078a        0x0 c:/program files (x86)/microchip/xc32/v1.40/bin/bin/../../lib/gcc/pic32mx/4.8.3/../../../../pic32mx/lib\libpic32.a(default-bootstrap-exception-handler.o)
 .debug_str     0x0000078a        0x0 c:/program files (x86)/microchip/xc32/v1.40/bin/bin/../../lib/gcc/pic32mx/4.8.3/../../../../pic32mx/lib\libpic32.a(default-on-reset.o)
 .debug_str     0x0000078a        0x0 c:/program files (x86)/microchip/xc32/v1.40/bin/bin/../../lib/gcc/pic32mx/4.8.3/../../../../pic32mx/lib\libpic32.a(default-on-bootstrap.o)
 .debug_str     0x0000078a        0x0 c:/program files (x86)/microchip/xc32/v1.40/bin/bin/../../lib/gcc/pic32mx/4.8.3/../../../../pic32mx/lib\libpic32.a(defaultinterrupt.o)

.debug_loc      0x00000000     0xb8e5
 *(.debug_loc)
 .debug_loc     0x00000000      0xecf build/default/debug/_ext/822048611/sys_ports_static.o
 .debug_loc     0x00000ecf       0x41 build/default/debug/_ext/1688732426/system_init.o
 .debug_loc     0x00000f10       0x20 build/default/debug/_ext/1360937237/main.o
 .debug_loc     0x00000f30      0x52c build/default/debug/_ext/1407244131/drv_tmr_mapping.o
 .debug_loc     0x0000145c       0x20 build/default/debug/_ext/1688732426/system_exceptions.o
 .debug_loc     0x0000147c       0x60 build/default/debug/_ext/1688732426/system_tasks.o
 .debug_loc     0x000014dc       0xf8 build/default/debug/_ext/1360937237/appMS1.o
 .debug_loc     0x000015d4      0x325 build/default/debug/_ext/1407244131/drv_tmr_static.o
 .debug_loc     0x000018f9       0x40 build/default/debug/_ext/1688732426/system_interrupt.o
 .debug_loc     0x00001939       0x74 build/default/debug/_ext/1688732426/rtos_hooks.o
 .debug_loc     0x000019ad       0xc1 build/default/debug/_ext/639803181/sys_clk_static.o
 .debug_loc     0x00001a6e      0x712 build/default/debug/_ext/260586732/drv_usart_byte_model.o
 .debug_loc     0x00002180      0x10d build/default/debug/_ext/122796885/sys_int_pic32.o
 .debug_loc     0x0000228d      0x1aa build/default/debug/_ext/12131622/port.o
 .debug_loc     0x00002437       0x69 build/default/debug/_ext/1856876499/heap_1.o
 .debug_loc     0x000024a0       0x31 build/default/debug/_ext/1128951024/list.o
 .debug_loc     0x000024d1      0x150 build/default/debug/_ext/1271179505/sys_devcon.o
 .debug_loc     0x00002621      0x58c build/default/debug/_ext/24337685/osal_freertos.o
 .debug_loc     0x00002bad     0x194b build/default/debug/_ext/1128951024/tasks.o
 .debug_loc     0x000044f8     0x57d2 build/default/debug/_ext/260586732/drv_usart.o
 .debug_loc     0x00009cca      0xa0a build/default/debug/_ext/1128951024/event_groups.o
 .debug_loc     0x0000a6d4      0x10c build/default/debug/_ext/1271179505/sys_devcon_pic32mx.o
 .debug_loc     0x0000a7e0     0x10b9 build/default/debug/_ext/1128951024/queue.o
 .debug_loc     0x0000b899       0x4c build/default/debug/_ext/1360937237/debug.o

.debug_macinfo
 *(.debug_macinfo)

.debug_weaknames
 *(.debug_weaknames)

.debug_funcnames
 *(.debug_funcnames)

.debug_typenames
 *(.debug_typenames)

.debug_varnames
 *(.debug_varnames)

.debug_pubtypes
 *(.debug_pubtypes)

.debug_ranges   0x00000000     0x1900
 *(.debug_ranges)
 .debug_ranges  0x00000000       0x10 c:/program files (x86)/microchip/xc32/v1.40/bin/bin/../../lib/gcc/pic32mx/4.8.3/../../../../pic32mx/lib\software-debug-break.o
 .debug_ranges  0x00000010       0xf8 build/default/debug/_ext/822048611/sys_ports_static.o
 .debug_ranges  0x00000108       0x10 build/default/debug/_ext/1688732426/system_init.o
 .debug_ranges  0x00000118       0x10 build/default/debug/_ext/1360937237/main.o
 .debug_ranges  0x00000128       0x30 build/default/debug/_ext/1688732426/system_interrupt_a.o
 .debug_ranges  0x00000158       0xb8 build/default/debug/_ext/1407244131/drv_tmr_mapping.o
 .debug_ranges  0x00000210       0x10 build/default/debug/_ext/1688732426/system_exceptions.o
 .debug_ranges  0x00000220       0x20 build/default/debug/_ext/1688732426/system_tasks.o
 .debug_ranges  0x00000240       0x30 build/default/debug/_ext/1360937237/appMS1.o
 .debug_ranges  0x00000270       0x90 build/default/debug/_ext/1407244131/drv_tmr_static.o
 .debug_ranges  0x00000300       0x18 build/default/debug/_ext/1688732426/system_interrupt.o
 .debug_ranges  0x00000318       0x18 build/default/debug/_ext/1688732426/rtos_hooks.o
 .debug_ranges  0x00000330       0x40 build/default/debug/_ext/639803181/sys_clk_static.o
 .debug_ranges  0x00000370      0x120 build/default/debug/_ext/260586732/drv_usart_byte_model.o
 .debug_ranges  0x00000490       0x50 build/default/debug/_ext/122796885/sys_int_pic32.o
 .debug_ranges  0x000004e0       0x48 build/default/debug/_ext/12131622/port.o
 .debug_ranges  0x00000528       0x28 build/default/debug/_ext/1856876499/heap_1.o
 .debug_ranges  0x00000550       0x30 build/default/debug/_ext/1128951024/list.o
 .debug_ranges  0x00000580       0x68 build/default/debug/_ext/1271179505/sys_devcon.o
 .debug_ranges  0x000005e8       0x78 build/default/debug/_ext/24337685/osal_freertos.o
 .debug_ranges  0x00000660      0x1a8 build/default/debug/_ext/1128951024/tasks.o
 .debug_ranges  0x00000808      0xec0 build/default/debug/_ext/260586732/drv_usart.o
 .debug_ranges  0x000016c8       0x98 build/default/debug/_ext/1128951024/event_groups.o
 .debug_ranges  0x00001760       0x10 build/default/debug/_ext/1271179505/sys_devcon_pic32mx.o
 .debug_ranges  0x00001770      0x130 build/default/debug/_ext/1128951024/queue.o
 .debug_ranges  0x000018a0       0x20 build/default/debug/_ext/1360937237/debug.o
 .debug_ranges  0x000018c0       0x10 c:/program files (x86)/microchip/xc32/v1.40/bin/bin/../../lib/gcc/pic32mx/4.8.3/../../../../pic32mx/lib\libpic32.a(default-bootstrap-exception-handler.o)
 .debug_ranges  0x000018d0       0x10 c:/program files (x86)/microchip/xc32/v1.40/bin/bin/../../lib/gcc/pic32mx/4.8.3/../../../../pic32mx/lib\libpic32.a(default-on-reset.o)
 .debug_ranges  0x000018e0       0x10 c:/program files (x86)/microchip/xc32/v1.40/bin/bin/../../lib/gcc/pic32mx/4.8.3/../../../../pic32mx/lib\libpic32.a(default-on-bootstrap.o)
 .debug_ranges  0x000018f0       0x10 c:/program files (x86)/microchip/xc32/v1.40/bin/bin/../../lib/gcc/pic32mx/4.8.3/../../../../pic32mx/lib\libpic32.a(defaultinterrupt.o)

.gnu.attributes
                0x00000000       0x10
 *(.gnu.attributes)
 .gnu.attributes
                0x00000000       0x10 c:/program files (x86)/microchip/xc32/v1.40/bin/bin/../../lib/gcc/pic32mx/4.8.3/../../../../pic32mx/lib\software-debug-break.o
 .gnu.attributes
                0x00000010       0x10 build/default/debug/_ext/822048611/sys_ports_static.o
 .gnu.attributes
                0x00000020       0x10 build/default/debug/_ext/1688732426/system_init.o
 .gnu.attributes
                0x00000030       0x10 build/default/debug/_ext/1360937237/main.o
 .gnu.attributes
                0x00000040       0x10 build/default/debug/_ext/1407244131/drv_tmr_mapping.o
 .gnu.attributes
                0x00000050       0x10 build/default/debug/_ext/1688732426/system_exceptions.o
 .gnu.attributes
                0x00000060       0x10 build/default/debug/_ext/1688732426/system_tasks.o
 .gnu.attributes
                0x00000070       0x10 build/default/debug/_ext/1360937237/appMS1.o
 .gnu.attributes
                0x00000080       0x10 build/default/debug/_ext/1407244131/drv_tmr_static.o
 .gnu.attributes
                0x00000090       0x10 build/default/debug/_ext/1688732426/system_interrupt.o
 .gnu.attributes
                0x000000a0       0x10 build/default/debug/_ext/1688732426/rtos_hooks.o
 .gnu.attributes
                0x000000b0       0x10 build/default/debug/_ext/639803181/sys_clk_static.o
 .gnu.attributes
                0x000000c0       0x10 build/default/debug/_ext/260586732/drv_usart_byte_model.o
 .gnu.attributes
                0x000000d0       0x10 build/default/debug/_ext/1128951024/croutine.o
 .gnu.attributes
                0x000000e0       0x10 build/default/debug/_ext/122796885/sys_int_pic32.o
 .gnu.attributes
                0x000000f0       0x10 build/default/debug/_ext/12131622/port.o
 .gnu.attributes
                0x00000100       0x10 build/default/debug/_ext/1856876499/heap_1.o
 .gnu.attributes
                0x00000110       0x10 build/default/debug/_ext/1128951024/list.o
 .gnu.attributes
                0x00000120       0x10 build/default/debug/_ext/1271179505/sys_devcon.o
 .gnu.attributes
                0x00000130       0x10 build/default/debug/_ext/24337685/osal_freertos.o
 .gnu.attributes
                0x00000140       0x10 build/default/debug/_ext/1128951024/tasks.o
 .gnu.attributes
                0x00000150       0x10 build/default/debug/_ext/260586732/drv_usart.o
 .gnu.attributes
                0x00000160       0x10 build/default/debug/_ext/1128951024/event_groups.o
 .gnu.attributes
                0x00000170       0x10 build/default/debug/_ext/1271179505/sys_devcon_pic32mx.o
 .gnu.attributes
                0x00000180       0x10 build/default/debug/_ext/1128951024/timers.o
 .gnu.attributes
                0x00000190       0x10 build/default/debug/_ext/1128951024/queue.o
 .gnu.attributes
                0x000001a0       0x10 build/default/debug/_ext/1360937237/debug.o
 .gnu.attributes
                0x000001b0       0x10 c:/program files (x86)/microchip/xc32/v1.40/bin/bin/../../lib/gcc/pic32mx/4.8.3/../../../../pic32mx/lib\libpic32.a(default-bootstrap-exception-handler.o)
 .gnu.attributes
                0x000001c0       0x10 c:/program files (x86)/microchip/xc32/v1.40/bin/bin/../../lib/gcc/pic32mx/4.8.3/../../../../pic32mx/lib\libpic32.a(default-on-reset.o)
 .gnu.attributes
                0x000001d0       0x10 c:/program files (x86)/microchip/xc32/v1.40/bin/bin/../../lib/gcc/pic32mx/4.8.3/../../../../pic32mx/lib\libpic32.a(default-on-bootstrap.o)
 .gnu.attributes
                0x000001e0       0x10 c:/program files (x86)/microchip/xc32/v1.40/bin/bin/../../lib/gcc/pic32mx/4.8.3/../../../../pic32mx/lib\libpic32.a(defaultinterrupt.o)
LOAD c:/program files (x86)/microchip/xc32/v1.40/bin/bin/../../lib/gcc/pic32mx/4.8.3\libgcc.a
START GROUP
LOAD c:/program files (x86)/microchip/xc32/v1.40/bin/bin/../../lib/gcc/pic32mx/4.8.3/../../../../pic32mx/lib\libpic32.a
LOAD c:/program files (x86)/microchip/xc32/v1.40/bin/bin/../../lib/gcc/pic32mx/4.8.3/../../../../pic32mx/lib\libdebug.a
LOAD c:/program files (x86)/microchip/xc32/v1.40/bin/bin/../../lib/gcc/pic32mx/4.8.3/../../../../pic32mx/lib\libpic32.a
LOAD c:/program files (x86)/microchip/xc32/v1.40/bin/bin/../../lib/gcc/pic32mx/4.8.3/../../../../pic32mx/lib\libm.a
LOAD c:/program files (x86)/microchip/xc32/v1.40/bin/bin/../../lib/gcc/pic32mx/4.8.3/../../../../pic32mx/lib\libe.a
LOAD c:/program files (x86)/microchip/xc32/v1.40/bin/bin/../../lib/gcc/pic32mx/4.8.3/../../../../pic32mx/lib\libdsp.a
LOAD c:/program files (x86)/microchip/xc32/v1.40/bin/bin/../../lib/gcc/pic32mx/4.8.3\libgcc.a
LOAD c:/program files (x86)/microchip/xc32/v1.40/bin/bin/../../lib/gcc/pic32mx/4.8.3/../../../../pic32mx/lib\libc.a
LOAD c:/program files (x86)/microchip/xc32/v1.40/bin/bin/../../lib/gcc/pic32mx/4.8.3/../../../../pic32mx/lib\libpic32.a
END GROUP
LOAD c:/program files (x86)/microchip/xc32/v1.40/bin/bin/../../lib/gcc/pic32mx/4.8.3\libgcc.a
OUTPUT(dist/default/debug/embedded_project.X.debug.elf elf32-tradlittlemips)
LOAD stack
LOAD data_init

.reginfo        0x00000000       0x18
 .reginfo       0x00000000       0x18 c:/program files (x86)/microchip/xc32/v1.40/bin/bin/../../lib/gcc/pic32mx/4.8.3/../../../../pic32mx/lib/./proc/32MX795F512L/crt0_mips32r2.o

.stack          0xa0000aa8      0x400
 .stack         0xa0000aa8      0x400 stack

.bss            0xa00003fc      0x640
 .bss           0xa00003fc      0x640 build/default/debug/_ext/12131622/port.o
                0xa00003fc                xISRStack

.data           0xa0000a3c       0x4c
 .data          0xa0000a3c       0x4c build/default/debug/_ext/1688732426/system_exceptions.o

.text           0x9d000000      0x454
 .text          0x9d000000      0x454 build/default/debug/_ext/12131622/port_asm.o
                0x9d000000                vPortTickInterruptHandler
                0x9d0001ac                vPortStartFirstTask
                0x9d000274                vPortYieldISR

.text.DRV_USART_TasksError
                0x9d000454      0x208
 .text.DRV_USART_TasksError
                0x9d000454      0x208 build/default/debug/_ext/260586732/drv_usart.o
                0x9d000454                DRV_USART_TasksError

.DrvTmrInstance0_vector_text
                0x9d00065c      0x1b4
 .DrvTmrInstance0_vector_text
                0x9d00065c      0x1b4 build/default/debug/_ext/1688732426/system_interrupt_a.o

.DrvUsartInstance0_vector_text
                0x9d000810      0x1b4
 .DrvUsartInstance0_vector_text
                0x9d000810      0x1b4 build/default/debug/_ext/1688732426/system_interrupt_a.o

.text.xTaskIncrementTick
                0x9d0009c4      0x198
 .text.xTaskIncrementTick
                0x9d0009c4      0x198 build/default/debug/_ext/1128951024/tasks.o
                0x9d0009c4                xTaskIncrementTick

.text           0x9d000b5c      0x168
 .text          0x9d000b5c      0x168 c:/program files (x86)/microchip/xc32/v1.40/bin/bin/../../lib/gcc/pic32mx/4.8.3/../../../../pic32mx/lib\libpic32.a(memcpy.o)
                0x9d000b5c                memcpy

.text.xTaskPriorityDisinherit
                0x9d000cc4       0xf8
 .text.xTaskPriorityDisinherit
                0x9d000cc4       0xf8 build/default/debug/_ext/1128951024/tasks.o
                0x9d000cc4                xTaskPriorityDisinherit

.text.prvCopyDataToQueue
                0x9d000dbc       0xf4
 .text.prvCopyDataToQueue
                0x9d000dbc       0xf4 build/default/debug/_ext/1128951024/queue.o

.text.xQueueGenericSendFromISR
                0x9d000eb0       0xf0
 .text.xQueueGenericSendFromISR
                0x9d000eb0       0xf0 build/default/debug/_ext/1128951024/queue.o
                0x9d000eb0                xQueueGenericSendFromISR

.text.vTaskSwitchContext
                0x9d000fa0       0xe0
 .text.vTaskSwitchContext
                0x9d000fa0       0xe0 build/default/debug/_ext/1128951024/tasks.o
                0x9d000fa0                vTaskSwitchContext

.dinit          0x9d001080       0xe0
 .dinit         0x9d001080       0xe0 data_init

.rodata         0x9d001160       0xdc
 .rodata        0x9d001160       0xdc build/default/debug/_ext/1688732426/system_exceptions.o

.text.general_exception
                0x9d00123c       0xdc
 .text.general_exception
                0x9d00123c       0xdc c:/program files (x86)/microchip/xc32/v1.40/bin/bin/../../lib/gcc/pic32mx/4.8.3/../../../../pic32mx/lib\libpic32.a(general-exception.o)
                0x9d00123c                _general_exception_context

.text.main      0x9d001318       0xc0
 .text.main     0x9d001318       0xc0 build/default/debug/_ext/1360937237/main.o
                0x9d001318                main

.text.xTaskRemoveFromEventList
                0x9d0013d8       0xbc
 .text.xTaskRemoveFromEventList
                0x9d0013d8       0xbc build/default/debug/_ext/1128951024/tasks.o
                0x9d0013d8                xTaskRemoveFromEventList

.text.DRV_USART_TasksTransmit
                0x9d001494       0xac
 .text.DRV_USART_TasksTransmit
                0x9d001494       0xac build/default/debug/_ext/260586732/drv_usart.o
                0x9d001494                DRV_USART_TasksTransmit

.text.DRV_USART_TasksReceive
                0x9d001540       0xac
 .text.DRV_USART_TasksReceive
                0x9d001540       0xac build/default/debug/_ext/260586732/drv_usart.o
                0x9d001540                DRV_USART_TasksReceive

.text._DRV_USART_ByteTransmitTasks
                0x9d0015ec       0x80
 .text._DRV_USART_ByteTransmitTasks
                0x9d0015ec       0x80 build/default/debug/_ext/260586732/drv_usart.o
                0x9d0015ec                _DRV_USART_ByteTransmitTasks

.text.SYS_PORTS_PinDirectionSelect
                0x9d00166c       0x78
 .text.SYS_PORTS_PinDirectionSelect
                0x9d00166c       0x78 build/default/debug/_ext/822048611/sys_ports_static.o
                0x9d00166c                SYS_PORTS_PinDirectionSelect

.text._DRV_USART_ByteReceiveTasks
                0x9d0016e4       0x74
 .text._DRV_USART_ByteReceiveTasks
                0x9d0016e4       0x74 build/default/debug/_ext/260586732/drv_usart.o
                0x9d0016e4                _DRV_USART_ByteReceiveTasks

.text._DRV_USART_ByteErrorTasks
                0x9d001758       0x74
 .text._DRV_USART_ByteErrorTasks
                0x9d001758       0x74 build/default/debug/_ext/260586732/drv_usart.o
                0x9d001758                _DRV_USART_ByteErrorTasks

.text.SYS_INT_SourceDisable
                0x9d0017cc       0x58
 .text.SYS_INT_SourceDisable
                0x9d0017cc       0x58 build/default/debug/_ext/122796885/sys_int_pic32.o
                0x9d0017cc                SYS_INT_SourceDisable

.text.main_entry
                0x9d001824       0x54
 .text.main_entry
                0x9d001824       0x54 c:/program files (x86)/microchip/xc32/v1.40/bin/bin/../../lib/gcc/pic32mx/4.8.3/../../../../pic32mx/lib/./proc/32MX795F512L/crt0_mips32r2.o
                0x9d001858                __crt0_exit

.text.vPortIncrementTick
                0x9d001878       0x54
 .text.vPortIncrementTick
                0x9d001878       0x54 build/default/debug/_ext/12131622/port.o
                0x9d001878                vPortIncrementTick

.text._bootstrap_exception_handler
                0x9d0018cc       0x48
 .text._bootstrap_exception_handler
                0x9d0018cc       0x48 c:/program files (x86)/microchip/xc32/v1.40/bin/bin/../../lib/gcc/pic32mx/4.8.3/../../../../pic32mx/lib\libpic32.a(default-bootstrap-exception-handler.o)
                0x9d0018cc                _bootstrap_exception_handler

.vector_default
                0x9d001914       0x48
 .vector_default
                0x9d001914       0x48 c:/program files (x86)/microchip/xc32/v1.40/bin/bin/../../lib/gcc/pic32mx/4.8.3/../../../../pic32mx/lib\libpic32.a(defaultinterrupt.o)
                0x9d001914                _DefaultInterrupt

.text._general_exception_handler
                0x9d00195c       0x44
 .text._general_exception_handler
                0x9d00195c       0x44 build/default/debug/_ext/1688732426/system_exceptions.o
                0x9d00195c                _general_exception_handler

.text.IntHandlerDrvTmrInstance0
                0x9d0019a0       0x44
 .text.IntHandlerDrvTmrInstance0
                0x9d0019a0       0x44 build/default/debug/_ext/1688732426/system_interrupt.o
                0x9d0019a0                IntHandlerDrvTmrInstance0

.text.uxListRemove
                0x9d0019e4       0x44
 .text.uxListRemove
                0x9d0019e4       0x44 build/default/debug/_ext/1128951024/list.o
                0x9d0019e4                uxListRemove

.text           0x9d001a28       0x44
 .text          0x9d001a28       0x44 c:/program files (x86)/microchip/xc32/v1.40/bin/bin/../../lib/gcc/pic32mx/4.8.3/../../../../pic32mx/lib\pic32_software_reset.o
                0x9d001a28                __pic32_software_reset

.text.IntHandlerDrvUsartInstance0
                0x9d001a6c       0x3c
 .text.IntHandlerDrvUsartInstance0
                0x9d001a6c       0x3c build/default/debug/_ext/1688732426/system_interrupt.o
                0x9d001a6c                IntHandlerDrvUsartInstance0

.text.uxPortSetInterruptMaskFromISR
                0x9d001aa8       0x3c
 .text.uxPortSetInterruptMaskFromISR
                0x9d001aa8       0x3c build/default/debug/_ext/12131622/port.o
                0x9d001aa8                uxPortSetInterruptMaskFromISR

.text.prvResetNextTaskUnblockTime
                0x9d001ae4       0x38
 .text.prvResetNextTaskUnblockTime
                0x9d001ae4       0x38 build/default/debug/_ext/1128951024/tasks.o
                0x9d001ae4                prvResetNextTaskUnblockTime

.text.vListInsertEnd
                0x9d001b1c       0x30
 .text.vListInsertEnd
                0x9d001b1c       0x30 build/default/debug/_ext/1128951024/list.o
                0x9d001b1c                vListInsertEnd

.text.SYS_PORTS_Write
                0x9d001b4c       0x2c
 .text.SYS_PORTS_Write
                0x9d001b4c       0x2c build/default/debug/_ext/822048611/sys_ports_static.o
                0x9d001b4c                SYS_PORTS_Write

.text.vApplicationStackOverflowHook
                0x9d001b78       0x2c
 .text.vApplicationStackOverflowHook
                0x9d001b78       0x2c build/default/debug/_ext/1688732426/rtos_hooks.o
                0x9d001b78                vApplicationStackOverflowHook

.text.appms1_send_val_to_queue_noblock
                0x9d001ba4       0x28
 .text.appms1_send_val_to_queue_noblock
                0x9d001ba4       0x28 build/default/debug/_ext/1360937237/appMS1.o
                0x9d001ba4                appms1_send_val_to_queue_noblock

.text.vPortClearInterruptMaskFromISR
                0x9d001bcc       0x1c
 .text.vPortClearInterruptMaskFromISR
                0x9d001bcc       0x1c build/default/debug/_ext/12131622/port.o
                0x9d001bcc                vPortClearInterruptMaskFromISR

.text           0x9d001be8       0x18
 .text          0x9d001be8       0x18 c:/program files (x86)/microchip/xc32/v1.40/bin/bin/../../lib/gcc/pic32mx/4.8.3/../../../../pic32mx/lib\libpic32.a(default-nmi-handler.o)
                0x9d001be8                _nmi_handler

.text.__exception_handler_break
                0x9d001c00        0xc
 .text.__exception_handler_break
                0x9d001c00        0xc c:/program files (x86)/microchip/xc32/v1.40/bin/bin/../../lib/gcc/pic32mx/4.8.3/../../../../pic32mx/lib\software-debug-break.o
                0x9d001c00                __exception_handler_break

.rodata         0x9d001c0c        0x8
 .rodata        0x9d001c0c        0x8 build/default/debug/_ext/1688732426/system_interrupt.o

.text._on_reset
                0x9d001c14        0x8
 .text._on_reset
                0x9d001c14        0x8 c:/program files (x86)/microchip/xc32/v1.40/bin/bin/../../lib/gcc/pic32mx/4.8.3/../../../../pic32mx/lib\libpic32.a(default-on-reset.o)
                0x9d001c14                _on_reset

.text._on_bootstrap
                0x9d001c1c        0x8
 .text._on_bootstrap
                0x9d001c1c        0x8 c:/program files (x86)/microchip/xc32/v1.40/bin/bin/../../lib/gcc/pic32mx/4.8.3/../../../../pic32mx/lib\libpic32.a(default-on-bootstrap.o)
                0x9d001c1c                _on_bootstrap

.rodata         0x9d001c24        0x4
 .rodata        0x9d001c24        0x4 build/default/debug/_ext/12131622/port.o
                0x9d001c24                xISRStackTop
